08-Dec-2025 08:44:59.758 INFO [main] org.apache.catalina.startup.VersionLoggerListener.log Имя версии сервера:    Apache Tomcat/11.0.14
08-Dec-2025 08:44:59.764 INFO [main] org.apache.catalina.startup.VersionLoggerListener.log Сервер собран:         Nov 5 2025 19:03:02 UTC
08-Dec-2025 08:44:59.764 INFO [main] org.apache.catalina.startup.VersionLoggerListener.log Номер версии сервера:  11.0.14.0
08-Dec-2025 08:44:59.764 INFO [main] org.apache.catalina.startup.VersionLoggerListener.log OS Name:               Windows 11
08-Dec-2025 08:44:59.764 INFO [main] org.apache.catalina.startup.VersionLoggerListener.log Версия ОС:             10.0
08-Dec-2025 08:44:59.764 INFO [main] org.apache.catalina.startup.VersionLoggerListener.log Архитектура:           amd64
08-Dec-2025 08:44:59.765 INFO [main] org.apache.catalina.startup.VersionLoggerListener.log Java Home:             C:\Users\User\.jdks\openjdk-22.0.2
08-Dec-2025 08:44:59.765 INFO [main] org.apache.catalina.startup.VersionLoggerListener.log Версия JVM:            22.0.2+9-70
08-Dec-2025 08:44:59.765 INFO [main] org.apache.catalina.startup.VersionLoggerListener.log Производитель JVM:     Oracle Corporation
08-Dec-2025 08:44:59.765 INFO [main] org.apache.catalina.startup.VersionLoggerListener.log CATALINA_BASE:         C:\Users\User\IdeaProjects\TourAgency2
08-Dec-2025 08:44:59.765 INFO [main] org.apache.catalina.startup.VersionLoggerListener.log CATALINA_HOME:         C:\Users\User\Tomcat\apache-tomcat-11.0.14
08-Dec-2025 08:44:59.774 INFO [main] org.apache.catalina.startup.VersionLoggerListener.log Command line argument: --add-opens=java.base/java.lang=ALL-UNNAMED
08-Dec-2025 08:44:59.774 INFO [main] org.apache.catalina.startup.VersionLoggerListener.log Command line argument: --add-opens=java.base/java.io=ALL-UNNAMED
08-Dec-2025 08:44:59.775 INFO [main] org.apache.catalina.startup.VersionLoggerListener.log Command line argument: --add-opens=java.base/java.util=ALL-UNNAMED
08-Dec-2025 08:44:59.775 INFO [main] org.apache.catalina.startup.VersionLoggerListener.log Command line argument: --add-opens=java.base/java.util.concurrent=ALL-UNNAMED
08-Dec-2025 08:44:59.775 INFO [main] org.apache.catalina.startup.VersionLoggerListener.log Command line argument: --add-opens=java.rmi/sun.rmi.transport=ALL-UNNAMED
08-Dec-2025 08:44:59.775 INFO [main] org.apache.catalina.startup.VersionLoggerListener.log Command line argument: -Dcatalina.home=C:\Users\User\Tomcat\apache-tomcat-11.0.14
08-Dec-2025 08:44:59.775 INFO [main] org.apache.catalina.startup.VersionLoggerListener.log Command line argument: -Dcatalina.base=C:\Users\User\IdeaProjects\TourAgency2
08-Dec-2025 08:44:59.775 INFO [main] org.apache.catalina.startup.VersionLoggerListener.log Command line argument: -Djava.io.tmpdir=C:\Users\User\IdeaProjects\TourAgency2\temp
08-Dec-2025 08:44:59.775 INFO [main] org.apache.catalina.startup.VersionLoggerListener.log Command line argument: -Djava.util.logging.config.file=C:\Users\User\IdeaProjects\TourAgency2\conf\logging.properties
08-Dec-2025 08:44:59.775 INFO [main] org.apache.catalina.startup.VersionLoggerListener.log Command line argument: -Djava.util.logging.manager=org.apache.juli.ClassLoaderLogManager
08-Dec-2025 08:44:59.775 INFO [main] org.apache.catalina.startup.VersionLoggerListener.log Command line argument: -javaagent:D:\IntelliJ IDEA Community Edition 2024.2.1\lib\idea_rt.jar=57010:D:\IntelliJ IDEA Community Edition 2024.2.1\bin
08-Dec-2025 08:44:59.776 INFO [main] org.apache.catalina.startup.VersionLoggerListener.log Command line argument: -Dfile.encoding=UTF-8
08-Dec-2025 08:44:59.776 INFO [main] org.apache.catalina.startup.VersionLoggerListener.log Command line argument: -Dsun.stdout.encoding=UTF-8
08-Dec-2025 08:44:59.776 INFO [main] org.apache.catalina.startup.VersionLoggerListener.log Command line argument: -Dsun.stderr.encoding=UTF-8
08-Dec-2025 08:44:59.781 INFO [main] org.apache.catalina.core.AprLifecycleListener.lifecycleEvent The Apache Tomcat Native library which allows using OpenSSL was not found on the java.library.path: [C:\Users\User\.jdks\openjdk-22.0.2\bin;C:\WINDOWS\Sun\Java\bin;C:\WINDOWS\system32;C:\WINDOWS;C:\Program Files\Common Files\Oracle\Java\javapath;C:\Program Files (x86)\Common Files\Oracle\Java\javapath;C:\Program Files\Microsoft\jdk-11.0.16.101-hotspot\bin;C:\WINDOWS\system32;C:\WINDOWS;C:\WINDOWS\System32\Wbem;C:\WINDOWS\System32\WindowsPowerShell\v1.0\;C:\WINDOWS\System32\OpenSSH\;C:\Program Files\Microsoft SQL Server\Client SDK\ODBC\170\Tools\Binn\;C:\Program Files\dotnet\;C:\Program Files\PuTTY\;D:\Git\cmd;C:\Node.js\node-v22.20.0-win-x64;D:\cursor\resources\app\bin;D:\Node.js\node-v22.20.0-win-x64\node.exe;D:\Microsoft VS Code\bin;C:\Program Files\Java\jre-1.8\bin;D:\Kiro\bin;.]
08-Dec-2025 08:45:00.108 INFO [main] org.apache.coyote.AbstractProtocol.init Инициализация ProtocolHandler ["http-nio-8080"]
08-Dec-2025 08:45:00.126 INFO [main] org.apache.catalina.startup.Catalina.load Server initialization in [624] milliseconds
08-Dec-2025 08:45:00.179 INFO [main] org.apache.catalina.core.StandardService.startInternal Starting service [Catalina]
08-Dec-2025 08:45:00.179 INFO [main] org.apache.catalina.core.StandardEngine.startInternal Starting Servlet engine: [Apache Tomcat/11.0.14]
08-Dec-2025 08:45:00.190 INFO [main] org.apache.catalina.startup.HostConfig.deployDescriptor Deploying deployment descriptor [C:\Users\User\IdeaProjects\TourAgency2\conf\Catalina\localhost\TourAgency2.xml]
08-Dec-2025 08:45:01.378 INFO [main] org.apache.jasper.servlet.TldScanner.scanJars At least one JAR was scanned for TLDs yet contained no TLDs. Enable debug logging for this logger for a complete list of JARs that were scanned but no TLDs were found in them. Skipping unneeded JARs during scanning can improve startup time and JSP compilation time.
08-Dec-2025 08:45:01.464 INFO [main] org.apache.catalina.startup.HostConfig.deployDescriptor Deployment of deployment descriptor [C:\Users\User\IdeaProjects\TourAgency2\conf\Catalina\localhost\TourAgency2.xml] has finished in [1 271] ms
08-Dec-2025 08:45:01.468 INFO [main] org.apache.coyote.AbstractProtocol.start Starting ProtocolHandler ["http-nio-8080"]
08-Dec-2025 08:45:01.490 INFO [main] org.apache.catalina.startup.Catalina.start Server startup in [1363] milliseconds
08-Dec-2025 08:47:03.058 INFO [Thread-1] org.apache.coyote.AbstractProtocol.pause Pausing ProtocolHandler ["http-nio-8080"]
08-Dec-2025 08:47:03.064 INFO [Thread-1] org.apache.catalina.core.StandardService.stopInternal Stopping service [Catalina]
08-Dec-2025 08:47:03.072 WARNING [Thread-1] org.apache.catalina.loader.WebappClassLoaderBase.clearReferencesJdbc The web application [TourAgency2] registered the JDBC driver [org.postgresql.Driver] but failed to unregister it when the web application was stopped. To prevent a memory leak, the JDBC Driver has been forcibly unregistered.
08-Dec-2025 08:47:03.078 INFO [Thread-1] org.apache.coyote.AbstractProtocol.stop Stopping ProtocolHandler ["http-nio-8080"]
08-Dec-2025 08:47:03.092 INFO [Thread-1] org.apache.coyote.AbstractProtocol.destroy Destroying ProtocolHandler ["http-nio-8080"]
08-Dec-2025 08:50:49.555 INFO [main] org.apache.catalina.startup.VersionLoggerListener.log Имя версии сервера:    Apache Tomcat/11.0.14
08-Dec-2025 08:50:49.560 INFO [main] org.apache.catalina.startup.VersionLoggerListener.log Сервер собран:         Nov 5 2025 19:03:02 UTC
08-Dec-2025 08:50:49.561 INFO [main] org.apache.catalina.startup.VersionLoggerListener.log Номер версии сервера:  11.0.14.0
08-Dec-2025 08:50:49.561 INFO [main] org.apache.catalina.startup.VersionLoggerListener.log OS Name:               Windows 11
08-Dec-2025 08:50:49.561 INFO [main] org.apache.catalina.startup.VersionLoggerListener.log Версия ОС:             10.0
08-Dec-2025 08:50:49.561 INFO [main] org.apache.catalina.startup.VersionLoggerListener.log Архитектура:           amd64
08-Dec-2025 08:50:49.562 INFO [main] org.apache.catalina.startup.VersionLoggerListener.log Java Home:             C:\Users\User\.jdks\openjdk-22.0.2
08-Dec-2025 08:50:49.562 INFO [main] org.apache.catalina.startup.VersionLoggerListener.log Версия JVM:            22.0.2+9-70
08-Dec-2025 08:50:49.562 INFO [main] org.apache.catalina.startup.VersionLoggerListener.log Производитель JVM:     Oracle Corporation
08-Dec-2025 08:50:49.562 INFO [main] org.apache.catalina.startup.VersionLoggerListener.log CATALINA_BASE:         C:\Users\User\IdeaProjects\TourAgency2
08-Dec-2025 08:50:49.562 INFO [main] org.apache.catalina.startup.VersionLoggerListener.log CATALINA_HOME:         C:\Users\User\Tomcat\apache-tomcat-11.0.14
08-Dec-2025 08:50:49.573 INFO [main] org.apache.catalina.startup.VersionLoggerListener.log Command line argument: --add-opens=java.base/java.lang=ALL-UNNAMED
08-Dec-2025 08:50:49.573 INFO [main] org.apache.catalina.startup.VersionLoggerListener.log Command line argument: --add-opens=java.base/java.io=ALL-UNNAMED
08-Dec-2025 08:50:49.573 INFO [main] org.apache.catalina.startup.VersionLoggerListener.log Command line argument: --add-opens=java.base/java.util=ALL-UNNAMED
08-Dec-2025 08:50:49.574 INFO [main] org.apache.catalina.startup.VersionLoggerListener.log Command line argument: --add-opens=java.base/java.util.concurrent=ALL-UNNAMED
08-Dec-2025 08:50:49.574 INFO [main] org.apache.catalina.startup.VersionLoggerListener.log Command line argument: --add-opens=java.rmi/sun.rmi.transport=ALL-UNNAMED
08-Dec-2025 08:50:49.574 INFO [main] org.apache.catalina.startup.VersionLoggerListener.log Command line argument: -Dcatalina.home=C:\Users\User\Tomcat\apache-tomcat-11.0.14
08-Dec-2025 08:50:49.574 INFO [main] org.apache.catalina.startup.VersionLoggerListener.log Command line argument: -Dcatalina.base=C:\Users\User\IdeaProjects\TourAgency2
08-Dec-2025 08:50:49.574 INFO [main] org.apache.catalina.startup.VersionLoggerListener.log Command line argument: -Djava.io.tmpdir=C:\Users\User\IdeaProjects\TourAgency2\temp
08-Dec-2025 08:50:49.574 INFO [main] org.apache.catalina.startup.VersionLoggerListener.log Command line argument: -Djava.util.logging.config.file=C:\Users\User\IdeaProjects\TourAgency2\conf\logging.properties
08-Dec-2025 08:50:49.574 INFO [main] org.apache.catalina.startup.VersionLoggerListener.log Command line argument: -Djava.util.logging.manager=org.apache.juli.ClassLoaderLogManager
08-Dec-2025 08:50:49.575 INFO [main] org.apache.catalina.startup.VersionLoggerListener.log Command line argument: -javaagent:D:\IntelliJ IDEA Community Edition 2024.2.1\lib\idea_rt.jar=51672:D:\IntelliJ IDEA Community Edition 2024.2.1\bin
08-Dec-2025 08:50:49.575 INFO [main] org.apache.catalina.startup.VersionLoggerListener.log Command line argument: -Dfile.encoding=UTF-8
08-Dec-2025 08:50:49.575 INFO [main] org.apache.catalina.startup.VersionLoggerListener.log Command line argument: -Dsun.stdout.encoding=UTF-8
08-Dec-2025 08:50:49.576 INFO [main] org.apache.catalina.startup.VersionLoggerListener.log Command line argument: -Dsun.stderr.encoding=UTF-8
08-Dec-2025 08:50:49.583 INFO [main] org.apache.catalina.core.AprLifecycleListener.lifecycleEvent The Apache Tomcat Native library which allows using OpenSSL was not found on the java.library.path: [C:\Users\User\.jdks\openjdk-22.0.2\bin;C:\WINDOWS\Sun\Java\bin;C:\WINDOWS\system32;C:\WINDOWS;C:\Program Files\Common Files\Oracle\Java\javapath;C:\Program Files (x86)\Common Files\Oracle\Java\javapath;C:\Program Files\Microsoft\jdk-11.0.16.101-hotspot\bin;C:\WINDOWS\system32;C:\WINDOWS;C:\WINDOWS\System32\Wbem;C:\WINDOWS\System32\WindowsPowerShell\v1.0\;C:\WINDOWS\System32\OpenSSH\;C:\Program Files\Microsoft SQL Server\Client SDK\ODBC\170\Tools\Binn\;C:\Program Files\dotnet\;C:\Program Files\PuTTY\;D:\Git\cmd;C:\Node.js\node-v22.20.0-win-x64;D:\cursor\resources\app\bin;D:\Node.js\node-v22.20.0-win-x64\node.exe;D:\Microsoft VS Code\bin;C:\Program Files\Java\jre-1.8\bin;D:\Kiro\bin;.]
08-Dec-2025 08:50:49.901 INFO [main] org.apache.coyote.AbstractProtocol.init Инициализация ProtocolHandler ["http-nio-8080"]
08-Dec-2025 08:50:49.916 INFO [main] org.apache.catalina.startup.Catalina.load Server initialization in [603] milliseconds
08-Dec-2025 08:50:49.969 INFO [main] org.apache.catalina.core.StandardService.startInternal Starting service [Catalina]
08-Dec-2025 08:50:49.969 INFO [main] org.apache.catalina.core.StandardEngine.startInternal Starting Servlet engine: [Apache Tomcat/11.0.14]
08-Dec-2025 08:50:49.981 INFO [main] org.apache.catalina.startup.HostConfig.deployDescriptor Deploying deployment descriptor [C:\Users\User\IdeaProjects\TourAgency2\conf\Catalina\localhost\TourAgency2.xml]
08-Dec-2025 08:50:50.915 INFO [main] org.apache.jasper.servlet.TldScanner.scanJars At least one JAR was scanned for TLDs yet contained no TLDs. Enable debug logging for this logger for a complete list of JARs that were scanned but no TLDs were found in them. Skipping unneeded JARs during scanning can improve startup time and JSP compilation time.
08-Dec-2025 08:50:50.991 INFO [main] org.apache.catalina.startup.HostConfig.deployDescriptor Deployment of deployment descriptor [C:\Users\User\IdeaProjects\TourAgency2\conf\Catalina\localhost\TourAgency2.xml] has finished in [1 008] ms
08-Dec-2025 08:50:50.995 INFO [main] org.apache.coyote.AbstractProtocol.start Starting ProtocolHandler ["http-nio-8080"]
08-Dec-2025 08:50:51.016 INFO [main] org.apache.catalina.startup.Catalina.start Server startup in [1098] milliseconds
08-Dec-2025 08:52:06.433 INFO [Thread-1] org.apache.coyote.AbstractProtocol.pause Pausing ProtocolHandler ["http-nio-8080"]
08-Dec-2025 08:52:06.438 INFO [Thread-1] org.apache.catalina.core.StandardService.stopInternal Stopping service [Catalina]
08-Dec-2025 08:52:06.442 WARNING [Thread-1] org.apache.catalina.loader.WebappClassLoaderBase.clearReferencesJdbc The web application [TourAgency2] registered the JDBC driver [org.postgresql.Driver] but failed to unregister it when the web application was stopped. To prevent a memory leak, the JDBC Driver has been forcibly unregistered.
08-Dec-2025 08:52:06.446 INFO [Thread-1] org.apache.coyote.AbstractProtocol.stop Stopping ProtocolHandler ["http-nio-8080"]
08-Dec-2025 08:52:06.451 INFO [Thread-1] org.apache.coyote.AbstractProtocol.destroy Destroying ProtocolHandler ["http-nio-8080"]
08-Dec-2025 08:52:09.398 INFO [main] org.apache.catalina.startup.VersionLoggerListener.log Имя версии сервера:    Apache Tomcat/11.0.14
08-Dec-2025 08:52:09.400 INFO [main] org.apache.catalina.startup.VersionLoggerListener.log Сервер собран:         Nov 5 2025 19:03:02 UTC
08-Dec-2025 08:52:09.400 INFO [main] org.apache.catalina.startup.VersionLoggerListener.log Номер версии сервера:  11.0.14.0
08-Dec-2025 08:52:09.400 INFO [main] org.apache.catalina.startup.VersionLoggerListener.log OS Name:               Windows 11
08-Dec-2025 08:52:09.400 INFO [main] org.apache.catalina.startup.VersionLoggerListener.log Версия ОС:             10.0
08-Dec-2025 08:52:09.400 INFO [main] org.apache.catalina.startup.VersionLoggerListener.log Архитектура:           amd64
08-Dec-2025 08:52:09.400 INFO [main] org.apache.catalina.startup.VersionLoggerListener.log Java Home:             C:\Users\User\.jdks\openjdk-22.0.2
08-Dec-2025 08:52:09.400 INFO [main] org.apache.catalina.startup.VersionLoggerListener.log Версия JVM:            22.0.2+9-70
08-Dec-2025 08:52:09.400 INFO [main] org.apache.catalina.startup.VersionLoggerListener.log Производитель JVM:     Oracle Corporation
08-Dec-2025 08:52:09.400 INFO [main] org.apache.catalina.startup.VersionLoggerListener.log CATALINA_BASE:         C:\Users\User\IdeaProjects\TourAgency2
08-Dec-2025 08:52:09.400 INFO [main] org.apache.catalina.startup.VersionLoggerListener.log CATALINA_HOME:         C:\Users\User\Tomcat\apache-tomcat-11.0.14
08-Dec-2025 08:52:09.422 INFO [main] org.apache.catalina.startup.VersionLoggerListener.log Command line argument: --add-opens=java.base/java.lang=ALL-UNNAMED
08-Dec-2025 08:52:09.422 INFO [main] org.apache.catalina.startup.VersionLoggerListener.log Command line argument: --add-opens=java.base/java.io=ALL-UNNAMED
08-Dec-2025 08:52:09.423 INFO [main] org.apache.catalina.startup.VersionLoggerListener.log Command line argument: --add-opens=java.base/java.util=ALL-UNNAMED
08-Dec-2025 08:52:09.423 INFO [main] org.apache.catalina.startup.VersionLoggerListener.log Command line argument: --add-opens=java.base/java.util.concurrent=ALL-UNNAMED
08-Dec-2025 08:52:09.423 INFO [main] org.apache.catalina.startup.VersionLoggerListener.log Command line argument: --add-opens=java.rmi/sun.rmi.transport=ALL-UNNAMED
08-Dec-2025 08:52:09.423 INFO [main] org.apache.catalina.startup.VersionLoggerListener.log Command line argument: -Dcatalina.home=C:\Users\User\Tomcat\apache-tomcat-11.0.14
08-Dec-2025 08:52:09.423 INFO [main] org.apache.catalina.startup.VersionLoggerListener.log Command line argument: -Dcatalina.base=C:\Users\User\IdeaProjects\TourAgency2
08-Dec-2025 08:52:09.423 INFO [main] org.apache.catalina.startup.VersionLoggerListener.log Command line argument: -Djava.io.tmpdir=C:\Users\User\IdeaProjects\TourAgency2\temp
08-Dec-2025 08:52:09.424 INFO [main] org.apache.catalina.startup.VersionLoggerListener.log Command line argument: -Djava.util.logging.config.file=C:\Users\User\IdeaProjects\TourAgency2\conf\logging.properties
08-Dec-2025 08:52:09.424 INFO [main] org.apache.catalina.startup.VersionLoggerListener.log Command line argument: -Djava.util.logging.manager=org.apache.juli.ClassLoaderLogManager
08-Dec-2025 08:52:09.424 INFO [main] org.apache.catalina.startup.VersionLoggerListener.log Command line argument: -javaagent:D:\IntelliJ IDEA Community Edition 2024.2.1\lib\idea_rt.jar=51725:D:\IntelliJ IDEA Community Edition 2024.2.1\bin
08-Dec-2025 08:52:09.424 INFO [main] org.apache.catalina.startup.VersionLoggerListener.log Command line argument: -Dfile.encoding=UTF-8
08-Dec-2025 08:52:09.424 INFO [main] org.apache.catalina.startup.VersionLoggerListener.log Command line argument: -Dsun.stdout.encoding=UTF-8
08-Dec-2025 08:52:09.424 INFO [main] org.apache.catalina.startup.VersionLoggerListener.log Command line argument: -Dsun.stderr.encoding=UTF-8
08-Dec-2025 08:52:09.431 INFO [main] org.apache.catalina.core.AprLifecycleListener.lifecycleEvent The Apache Tomcat Native library which allows using OpenSSL was not found on the java.library.path: [C:\Users\User\.jdks\openjdk-22.0.2\bin;C:\WINDOWS\Sun\Java\bin;C:\WINDOWS\system32;C:\WINDOWS;C:\Program Files\Common Files\Oracle\Java\javapath;C:\Program Files (x86)\Common Files\Oracle\Java\javapath;C:\Program Files\Microsoft\jdk-11.0.16.101-hotspot\bin;C:\WINDOWS\system32;C:\WINDOWS;C:\WINDOWS\System32\Wbem;C:\WINDOWS\System32\WindowsPowerShell\v1.0\;C:\WINDOWS\System32\OpenSSH\;C:\Program Files\Microsoft SQL Server\Client SDK\ODBC\170\Tools\Binn\;C:\Program Files\dotnet\;C:\Program Files\PuTTY\;D:\Git\cmd;C:\Node.js\node-v22.20.0-win-x64;D:\cursor\resources\app\bin;D:\Node.js\node-v22.20.0-win-x64\node.exe;D:\Microsoft VS Code\bin;C:\Program Files\Java\jre-1.8\bin;D:\Kiro\bin;.]
08-Dec-2025 08:52:09.810 INFO [main] org.apache.coyote.AbstractProtocol.init Инициализация ProtocolHandler ["http-nio-8080"]
08-Dec-2025 08:52:09.837 INFO [main] org.apache.catalina.startup.Catalina.load Server initialization in [687] milliseconds
08-Dec-2025 08:52:09.916 INFO [main] org.apache.catalina.core.StandardService.startInternal Starting service [Catalina]
08-Dec-2025 08:52:09.916 INFO [main] org.apache.catalina.core.StandardEngine.startInternal Starting Servlet engine: [Apache Tomcat/11.0.14]
08-Dec-2025 08:52:09.931 INFO [main] org.apache.catalina.startup.HostConfig.deployDescriptor Deploying deployment descriptor [C:\Users\User\IdeaProjects\TourAgency2\conf\Catalina\localhost\TourAgency2.xml]
08-Dec-2025 08:52:10.840 INFO [main] org.apache.jasper.servlet.TldScanner.scanJars At least one JAR was scanned for TLDs yet contained no TLDs. Enable debug logging for this logger for a complete list of JARs that were scanned but no TLDs were found in them. Skipping unneeded JARs during scanning can improve startup time and JSP compilation time.
08-Dec-2025 08:52:10.920 INFO [main] org.apache.catalina.startup.HostConfig.deployDescriptor Deployment of deployment descriptor [C:\Users\User\IdeaProjects\TourAgency2\conf\Catalina\localhost\TourAgency2.xml] has finished in [986] ms
08-Dec-2025 08:52:10.924 INFO [main] org.apache.coyote.AbstractProtocol.start Starting ProtocolHandler ["http-nio-8080"]
08-Dec-2025 08:52:10.948 INFO [main] org.apache.catalina.startup.Catalina.start Server startup in [1109] milliseconds
08-Dec-2025 08:53:06.988 INFO [Thread-1] org.apache.coyote.AbstractProtocol.pause Pausing ProtocolHandler ["http-nio-8080"]
08-Dec-2025 08:53:06.988 INFO [Thread-1] org.apache.catalina.core.StandardService.stopInternal Stopping service [Catalina]
08-Dec-2025 08:53:06.995 WARNING [Thread-1] org.apache.catalina.loader.WebappClassLoaderBase.clearReferencesJdbc The web application [TourAgency2] registered the JDBC driver [org.postgresql.Driver] but failed to unregister it when the web application was stopped. To prevent a memory leak, the JDBC Driver has been forcibly unregistered.
08-Dec-2025 08:53:07.002 INFO [Thread-1] org.apache.coyote.AbstractProtocol.stop Stopping ProtocolHandler ["http-nio-8080"]
08-Dec-2025 08:53:07.009 INFO [Thread-1] org.apache.coyote.AbstractProtocol.destroy Destroying ProtocolHandler ["http-nio-8080"]
08-Dec-2025 08:55:09.265 INFO [main] org.apache.catalina.startup.VersionLoggerListener.log Имя версии сервера:    Apache Tomcat/11.0.14
08-Dec-2025 08:55:09.271 INFO [main] org.apache.catalina.startup.VersionLoggerListener.log Сервер собран:         Nov 5 2025 19:03:02 UTC
08-Dec-2025 08:55:09.272 INFO [main] org.apache.catalina.startup.VersionLoggerListener.log Номер версии сервера:  11.0.14.0
08-Dec-2025 08:55:09.272 INFO [main] org.apache.catalina.startup.VersionLoggerListener.log OS Name:               Windows 11
08-Dec-2025 08:55:09.272 INFO [main] org.apache.catalina.startup.VersionLoggerListener.log Версия ОС:             10.0
08-Dec-2025 08:55:09.273 INFO [main] org.apache.catalina.startup.VersionLoggerListener.log Архитектура:           amd64
08-Dec-2025 08:55:09.273 INFO [main] org.apache.catalina.startup.VersionLoggerListener.log Java Home:             C:\Users\User\.jdks\openjdk-22.0.2
08-Dec-2025 08:55:09.273 INFO [main] org.apache.catalina.startup.VersionLoggerListener.log Версия JVM:            22.0.2+9-70
08-Dec-2025 08:55:09.273 INFO [main] org.apache.catalina.startup.VersionLoggerListener.log Производитель JVM:     Oracle Corporation
08-Dec-2025 08:55:09.273 INFO [main] org.apache.catalina.startup.VersionLoggerListener.log CATALINA_BASE:         C:\Users\User\IdeaProjects\TourAgency2
08-Dec-2025 08:55:09.275 INFO [main] org.apache.catalina.startup.VersionLoggerListener.log CATALINA_HOME:         C:\Users\User\Tomcat\apache-tomcat-11.0.14
08-Dec-2025 08:55:09.288 INFO [main] org.apache.catalina.startup.VersionLoggerListener.log Command line argument: --add-opens=java.base/java.lang=ALL-UNNAMED
08-Dec-2025 08:55:09.288 INFO [main] org.apache.catalina.startup.VersionLoggerListener.log Command line argument: --add-opens=java.base/java.io=ALL-UNNAMED
08-Dec-2025 08:55:09.289 INFO [main] org.apache.catalina.startup.VersionLoggerListener.log Command line argument: --add-opens=java.base/java.util=ALL-UNNAMED
08-Dec-2025 08:55:09.289 INFO [main] org.apache.catalina.startup.VersionLoggerListener.log Command line argument: --add-opens=java.base/java.util.concurrent=ALL-UNNAMED
08-Dec-2025 08:55:09.289 INFO [main] org.apache.catalina.startup.VersionLoggerListener.log Command line argument: --add-opens=java.rmi/sun.rmi.transport=ALL-UNNAMED
08-Dec-2025 08:55:09.289 INFO [main] org.apache.catalina.startup.VersionLoggerListener.log Command line argument: -Dcatalina.home=C:\Users\User\Tomcat\apache-tomcat-11.0.14
08-Dec-2025 08:55:09.289 INFO [main] org.apache.catalina.startup.VersionLoggerListener.log Command line argument: -Dcatalina.base=C:\Users\User\IdeaProjects\TourAgency2
08-Dec-2025 08:55:09.289 INFO [main] org.apache.catalina.startup.VersionLoggerListener.log Command line argument: -Djava.io.tmpdir=C:\Users\User\IdeaProjects\TourAgency2\temp
08-Dec-2025 08:55:09.290 INFO [main] org.apache.catalina.startup.VersionLoggerListener.log Command line argument: -Djava.util.logging.config.file=C:\Users\User\IdeaProjects\TourAgency2\conf\logging.properties
08-Dec-2025 08:55:09.290 INFO [main] org.apache.catalina.startup.VersionLoggerListener.log Command line argument: -Djava.util.logging.manager=org.apache.juli.ClassLoaderLogManager
08-Dec-2025 08:55:09.290 INFO [main] org.apache.catalina.startup.VersionLoggerListener.log Command line argument: -javaagent:D:\IntelliJ IDEA Community Edition 2024.2.1\lib\idea_rt.jar=51794:D:\IntelliJ IDEA Community Edition 2024.2.1\bin
08-Dec-2025 08:55:09.290 INFO [main] org.apache.catalina.startup.VersionLoggerListener.log Command line argument: -Dfile.encoding=UTF-8
08-Dec-2025 08:55:09.290 INFO [main] org.apache.catalina.startup.VersionLoggerListener.log Command line argument: -Dsun.stdout.encoding=UTF-8
08-Dec-2025 08:55:09.290 INFO [main] org.apache.catalina.startup.VersionLoggerListener.log Command line argument: -Dsun.stderr.encoding=UTF-8
08-Dec-2025 08:55:09.298 INFO [main] org.apache.catalina.core.AprLifecycleListener.lifecycleEvent The Apache Tomcat Native library which allows using OpenSSL was not found on the java.library.path: [C:\Users\User\.jdks\openjdk-22.0.2\bin;C:\WINDOWS\Sun\Java\bin;C:\WINDOWS\system32;C:\WINDOWS;C:\Program Files\Common Files\Oracle\Java\javapath;C:\Program Files (x86)\Common Files\Oracle\Java\javapath;C:\Program Files\Microsoft\jdk-11.0.16.101-hotspot\bin;C:\WINDOWS\system32;C:\WINDOWS;C:\WINDOWS\System32\Wbem;C:\WINDOWS\System32\WindowsPowerShell\v1.0\;C:\WINDOWS\System32\OpenSSH\;C:\Program Files\Microsoft SQL Server\Client SDK\ODBC\170\Tools\Binn\;C:\Program Files\dotnet\;C:\Program Files\PuTTY\;D:\Git\cmd;C:\Node.js\node-v22.20.0-win-x64;D:\cursor\resources\app\bin;D:\Node.js\node-v22.20.0-win-x64\node.exe;D:\Microsoft VS Code\bin;C:\Program Files\Java\jre-1.8\bin;D:\Kiro\bin;.]
08-Dec-2025 08:55:09.633 INFO [main] org.apache.coyote.AbstractProtocol.init Инициализация ProtocolHandler ["http-nio-8080"]
08-Dec-2025 08:55:09.649 INFO [main] org.apache.catalina.startup.Catalina.load Server initialization in [630] milliseconds
08-Dec-2025 08:55:09.700 INFO [main] org.apache.catalina.core.StandardService.startInternal Starting service [Catalina]
08-Dec-2025 08:55:09.701 INFO [main] org.apache.catalina.core.StandardEngine.startInternal Starting Servlet engine: [Apache Tomcat/11.0.14]
08-Dec-2025 08:55:09.713 INFO [main] org.apache.catalina.startup.HostConfig.deployDescriptor Deploying deployment descriptor [C:\Users\User\IdeaProjects\TourAgency2\conf\Catalina\localhost\TourAgency2.xml]
08-Dec-2025 08:55:10.657 INFO [main] org.apache.jasper.servlet.TldScanner.scanJars At least one JAR was scanned for TLDs yet contained no TLDs. Enable debug logging for this logger for a complete list of JARs that were scanned but no TLDs were found in them. Skipping unneeded JARs during scanning can improve startup time and JSP compilation time.
08-Dec-2025 08:55:10.737 INFO [main] org.apache.catalina.startup.HostConfig.deployDescriptor Deployment of deployment descriptor [C:\Users\User\IdeaProjects\TourAgency2\conf\Catalina\localhost\TourAgency2.xml] has finished in [1 022] ms
08-Dec-2025 08:55:10.742 INFO [main] org.apache.coyote.AbstractProtocol.start Starting ProtocolHandler ["http-nio-8080"]
08-Dec-2025 08:55:10.763 INFO [main] org.apache.catalina.startup.Catalina.start Server startup in [1112] milliseconds
08-Dec-2025 08:56:39.962 INFO [Thread-1] org.apache.coyote.AbstractProtocol.pause Pausing ProtocolHandler ["http-nio-8080"]
08-Dec-2025 08:56:39.967 INFO [Thread-1] org.apache.catalina.core.StandardService.stopInternal Stopping service [Catalina]
08-Dec-2025 08:56:39.971 WARNING [Thread-1] org.apache.catalina.loader.WebappClassLoaderBase.clearReferencesJdbc The web application [TourAgency2] registered the JDBC driver [org.postgresql.Driver] but failed to unregister it when the web application was stopped. To prevent a memory leak, the JDBC Driver has been forcibly unregistered.
08-Dec-2025 08:56:39.976 INFO [Thread-1] org.apache.coyote.AbstractProtocol.stop Stopping ProtocolHandler ["http-nio-8080"]
08-Dec-2025 08:56:39.981 INFO [Thread-1] org.apache.coyote.AbstractProtocol.destroy Destroying ProtocolHandler ["http-nio-8080"]
08-Dec-2025 08:57:36.976 INFO [main] org.apache.catalina.startup.VersionLoggerListener.log Имя версии сервера:    Apache Tomcat/11.0.14
08-Dec-2025 08:57:36.983 INFO [main] org.apache.catalina.startup.VersionLoggerListener.log Сервер собран:         Nov 5 2025 19:03:02 UTC
08-Dec-2025 08:57:36.983 INFO [main] org.apache.catalina.startup.VersionLoggerListener.log Номер версии сервера:  11.0.14.0
08-Dec-2025 08:57:36.983 INFO [main] org.apache.catalina.startup.VersionLoggerListener.log OS Name:               Windows 11
08-Dec-2025 08:57:36.983 INFO [main] org.apache.catalina.startup.VersionLoggerListener.log Версия ОС:             10.0
08-Dec-2025 08:57:36.983 INFO [main] org.apache.catalina.startup.VersionLoggerListener.log Архитектура:           amd64
08-Dec-2025 08:57:36.983 INFO [main] org.apache.catalina.startup.VersionLoggerListener.log Java Home:             C:\Users\User\.jdks\openjdk-22.0.2
08-Dec-2025 08:57:36.983 INFO [main] org.apache.catalina.startup.VersionLoggerListener.log Версия JVM:            22.0.2+9-70
08-Dec-2025 08:57:36.984 INFO [main] org.apache.catalina.startup.VersionLoggerListener.log Производитель JVM:     Oracle Corporation
08-Dec-2025 08:57:36.984 INFO [main] org.apache.catalina.startup.VersionLoggerListener.log CATALINA_BASE:         C:\Users\User\IdeaProjects\TourAgency2
08-Dec-2025 08:57:36.984 INFO [main] org.apache.catalina.startup.VersionLoggerListener.log CATALINA_HOME:         C:\Users\User\Tomcat\apache-tomcat-11.0.14
08-Dec-2025 08:57:36.996 INFO [main] org.apache.catalina.startup.VersionLoggerListener.log Command line argument: --add-opens=java.base/java.lang=ALL-UNNAMED
08-Dec-2025 08:57:36.996 INFO [main] org.apache.catalina.startup.VersionLoggerListener.log Command line argument: --add-opens=java.base/java.io=ALL-UNNAMED
08-Dec-2025 08:57:36.997 INFO [main] org.apache.catalina.startup.VersionLoggerListener.log Command line argument: --add-opens=java.base/java.util=ALL-UNNAMED
08-Dec-2025 08:57:36.997 INFO [main] org.apache.catalina.startup.VersionLoggerListener.log Command line argument: --add-opens=java.base/java.util.concurrent=ALL-UNNAMED
08-Dec-2025 08:57:36.997 INFO [main] org.apache.catalina.startup.VersionLoggerListener.log Command line argument: --add-opens=java.rmi/sun.rmi.transport=ALL-UNNAMED
08-Dec-2025 08:57:36.997 INFO [main] org.apache.catalina.startup.VersionLoggerListener.log Command line argument: -Dcatalina.home=C:\Users\User\Tomcat\apache-tomcat-11.0.14
08-Dec-2025 08:57:36.997 INFO [main] org.apache.catalina.startup.VersionLoggerListener.log Command line argument: -Dcatalina.base=C:\Users\User\IdeaProjects\TourAgency2
08-Dec-2025 08:57:36.997 INFO [main] org.apache.catalina.startup.VersionLoggerListener.log Command line argument: -Djava.io.tmpdir=C:\Users\User\IdeaProjects\TourAgency2\temp
08-Dec-2025 08:57:36.997 INFO [main] org.apache.catalina.startup.VersionLoggerListener.log Command line argument: -Djava.util.logging.config.file=C:\Users\User\IdeaProjects\TourAgency2\conf\logging.properties
08-Dec-2025 08:57:36.997 INFO [main] org.apache.catalina.startup.VersionLoggerListener.log Command line argument: -Djava.util.logging.manager=org.apache.juli.ClassLoaderLogManager
08-Dec-2025 08:57:36.998 INFO [main] org.apache.catalina.startup.VersionLoggerListener.log Command line argument: -javaagent:D:\IntelliJ IDEA Community Edition 2024.2.1\lib\idea_rt.jar=51882:D:\IntelliJ IDEA Community Edition 2024.2.1\bin
08-Dec-2025 08:57:36.998 INFO [main] org.apache.catalina.startup.VersionLoggerListener.log Command line argument: -Dfile.encoding=UTF-8
08-Dec-2025 08:57:36.998 INFO [main] org.apache.catalina.startup.VersionLoggerListener.log Command line argument: -Dsun.stdout.encoding=UTF-8
08-Dec-2025 08:57:36.998 INFO [main] org.apache.catalina.startup.VersionLoggerListener.log Command line argument: -Dsun.stderr.encoding=UTF-8
08-Dec-2025 08:57:37.005 INFO [main] org.apache.catalina.core.AprLifecycleListener.lifecycleEvent The Apache Tomcat Native library which allows using OpenSSL was not found on the java.library.path: [C:\Users\User\.jdks\openjdk-22.0.2\bin;C:\WINDOWS\Sun\Java\bin;C:\WINDOWS\system32;C:\WINDOWS;C:\Program Files\Common Files\Oracle\Java\javapath;C:\Program Files (x86)\Common Files\Oracle\Java\javapath;C:\Program Files\Microsoft\jdk-11.0.16.101-hotspot\bin;C:\WINDOWS\system32;C:\WINDOWS;C:\WINDOWS\System32\Wbem;C:\WINDOWS\System32\WindowsPowerShell\v1.0\;C:\WINDOWS\System32\OpenSSH\;C:\Program Files\Microsoft SQL Server\Client SDK\ODBC\170\Tools\Binn\;C:\Program Files\dotnet\;C:\Program Files\PuTTY\;D:\Git\cmd;C:\Node.js\node-v22.20.0-win-x64;D:\cursor\resources\app\bin;D:\Node.js\node-v22.20.0-win-x64\node.exe;D:\Microsoft VS Code\bin;C:\Program Files\Java\jre-1.8\bin;D:\Kiro\bin;.]
08-Dec-2025 08:57:37.339 INFO [main] org.apache.coyote.AbstractProtocol.init Инициализация ProtocolHandler ["http-nio-8080"]
08-Dec-2025 08:57:37.358 INFO [main] org.apache.catalina.startup.Catalina.load Server initialization in [614] milliseconds
08-Dec-2025 08:57:37.412 INFO [main] org.apache.catalina.core.StandardService.startInternal Starting service [Catalina]
08-Dec-2025 08:57:37.412 INFO [main] org.apache.catalina.core.StandardEngine.startInternal Starting Servlet engine: [Apache Tomcat/11.0.14]
08-Dec-2025 08:57:37.424 INFO [main] org.apache.catalina.startup.HostConfig.deployDescriptor Deploying deployment descriptor [C:\Users\User\IdeaProjects\TourAgency2\conf\Catalina\localhost\TourAgency2.xml]
08-Dec-2025 08:57:38.398 INFO [main] org.apache.jasper.servlet.TldScanner.scanJars At least one JAR was scanned for TLDs yet contained no TLDs. Enable debug logging for this logger for a complete list of JARs that were scanned but no TLDs were found in them. Skipping unneeded JARs during scanning can improve startup time and JSP compilation time.
08-Dec-2025 08:57:38.480 INFO [main] org.apache.catalina.startup.HostConfig.deployDescriptor Deployment of deployment descriptor [C:\Users\User\IdeaProjects\TourAgency2\conf\Catalina\localhost\TourAgency2.xml] has finished in [1 053] ms
08-Dec-2025 08:57:38.484 INFO [main] org.apache.coyote.AbstractProtocol.start Starting ProtocolHandler ["http-nio-8080"]
08-Dec-2025 08:57:38.509 INFO [main] org.apache.catalina.startup.Catalina.start Server startup in [1149] milliseconds
08-Dec-2025 09:01:38.976 INFO [Thread-1] org.apache.coyote.AbstractProtocol.pause Pausing ProtocolHandler ["http-nio-8080"]
08-Dec-2025 09:01:38.980 INFO [Thread-1] org.apache.catalina.core.StandardService.stopInternal Stopping service [Catalina]
08-Dec-2025 09:01:38.985 WARNING [Thread-1] org.apache.catalina.loader.WebappClassLoaderBase.clearReferencesJdbc The web application [TourAgency2] registered the JDBC driver [org.postgresql.Driver] but failed to unregister it when the web application was stopped. To prevent a memory leak, the JDBC Driver has been forcibly unregistered.
08-Dec-2025 09:01:38.989 INFO [Thread-1] org.apache.coyote.AbstractProtocol.stop Stopping ProtocolHandler ["http-nio-8080"]
08-Dec-2025 09:01:38.994 INFO [Thread-1] org.apache.coyote.AbstractProtocol.destroy Destroying ProtocolHandler ["http-nio-8080"]
08-Dec-2025 09:02:27.792 INFO [main] org.apache.catalina.startup.VersionLoggerListener.log Имя версии сервера:    Apache Tomcat/11.0.14
08-Dec-2025 09:02:27.797 INFO [main] org.apache.catalina.startup.VersionLoggerListener.log Сервер собран:         Nov 5 2025 19:03:02 UTC
08-Dec-2025 09:02:27.797 INFO [main] org.apache.catalina.startup.VersionLoggerListener.log Номер версии сервера:  11.0.14.0
08-Dec-2025 09:02:27.798 INFO [main] org.apache.catalina.startup.VersionLoggerListener.log OS Name:               Windows 11
08-Dec-2025 09:02:27.798 INFO [main] org.apache.catalina.startup.VersionLoggerListener.log Версия ОС:             10.0
08-Dec-2025 09:02:27.798 INFO [main] org.apache.catalina.startup.VersionLoggerListener.log Архитектура:           amd64
08-Dec-2025 09:02:27.798 INFO [main] org.apache.catalina.startup.VersionLoggerListener.log Java Home:             C:\Users\User\.jdks\openjdk-22.0.2
08-Dec-2025 09:02:27.798 INFO [main] org.apache.catalina.startup.VersionLoggerListener.log Версия JVM:            22.0.2+9-70
08-Dec-2025 09:02:27.798 INFO [main] org.apache.catalina.startup.VersionLoggerListener.log Производитель JVM:     Oracle Corporation
08-Dec-2025 09:02:27.798 INFO [main] org.apache.catalina.startup.VersionLoggerListener.log CATALINA_BASE:         C:\Users\User\IdeaProjects\TourAgency2
08-Dec-2025 09:02:27.798 INFO [main] org.apache.catalina.startup.VersionLoggerListener.log CATALINA_HOME:         C:\Users\User\Tomcat\apache-tomcat-11.0.14
08-Dec-2025 09:02:27.808 INFO [main] org.apache.catalina.startup.VersionLoggerListener.log Command line argument: --add-opens=java.base/java.lang=ALL-UNNAMED
08-Dec-2025 09:02:27.808 INFO [main] org.apache.catalina.startup.VersionLoggerListener.log Command line argument: --add-opens=java.base/java.io=ALL-UNNAMED
08-Dec-2025 09:02:27.808 INFO [main] org.apache.catalina.startup.VersionLoggerListener.log Command line argument: --add-opens=java.base/java.util=ALL-UNNAMED
08-Dec-2025 09:02:27.809 INFO [main] org.apache.catalina.startup.VersionLoggerListener.log Command line argument: --add-opens=java.base/java.util.concurrent=ALL-UNNAMED
08-Dec-2025 09:02:27.809 INFO [main] org.apache.catalina.startup.VersionLoggerListener.log Command line argument: --add-opens=java.rmi/sun.rmi.transport=ALL-UNNAMED
08-Dec-2025 09:02:27.809 INFO [main] org.apache.catalina.startup.VersionLoggerListener.log Command line argument: -Dcatalina.home=C:\Users\User\Tomcat\apache-tomcat-11.0.14
08-Dec-2025 09:02:27.809 INFO [main] org.apache.catalina.startup.VersionLoggerListener.log Command line argument: -Dcatalina.base=C:\Users\User\IdeaProjects\TourAgency2
08-Dec-2025 09:02:27.809 INFO [main] org.apache.catalina.startup.VersionLoggerListener.log Command line argument: -Djava.io.tmpdir=C:\Users\User\IdeaProjects\TourAgency2\temp
08-Dec-2025 09:02:27.809 INFO [main] org.apache.catalina.startup.VersionLoggerListener.log Command line argument: -Djava.util.logging.config.file=C:\Users\User\IdeaProjects\TourAgency2\conf\logging.properties
08-Dec-2025 09:02:27.809 INFO [main] org.apache.catalina.startup.VersionLoggerListener.log Command line argument: -Djava.util.logging.manager=org.apache.juli.ClassLoaderLogManager
08-Dec-2025 09:02:27.809 INFO [main] org.apache.catalina.startup.VersionLoggerListener.log Command line argument: -javaagent:D:\IntelliJ IDEA Community Edition 2024.2.1\lib\idea_rt.jar=63918:D:\IntelliJ IDEA Community Edition 2024.2.1\bin
08-Dec-2025 09:02:27.809 INFO [main] org.apache.catalina.startup.VersionLoggerListener.log Command line argument: -Dfile.encoding=UTF-8
08-Dec-2025 09:02:27.809 INFO [main] org.apache.catalina.startup.VersionLoggerListener.log Command line argument: -Dsun.stdout.encoding=UTF-8
08-Dec-2025 09:02:27.810 INFO [main] org.apache.catalina.startup.VersionLoggerListener.log Command line argument: -Dsun.stderr.encoding=UTF-8
08-Dec-2025 09:02:27.816 INFO [main] org.apache.catalina.core.AprLifecycleListener.lifecycleEvent The Apache Tomcat Native library which allows using OpenSSL was not found on the java.library.path: [C:\Users\User\.jdks\openjdk-22.0.2\bin;C:\WINDOWS\Sun\Java\bin;C:\WINDOWS\system32;C:\WINDOWS;C:\Program Files\Common Files\Oracle\Java\javapath;C:\Program Files (x86)\Common Files\Oracle\Java\javapath;C:\Program Files\Microsoft\jdk-11.0.16.101-hotspot\bin;C:\WINDOWS\system32;C:\WINDOWS;C:\WINDOWS\System32\Wbem;C:\WINDOWS\System32\WindowsPowerShell\v1.0\;C:\WINDOWS\System32\OpenSSH\;C:\Program Files\Microsoft SQL Server\Client SDK\ODBC\170\Tools\Binn\;C:\Program Files\dotnet\;C:\Program Files\PuTTY\;D:\Git\cmd;C:\Node.js\node-v22.20.0-win-x64;D:\cursor\resources\app\bin;D:\Node.js\node-v22.20.0-win-x64\node.exe;D:\Microsoft VS Code\bin;C:\Program Files\Java\jre-1.8\bin;D:\Kiro\bin;.]
08-Dec-2025 09:02:28.145 INFO [main] org.apache.coyote.AbstractProtocol.init Инициализация ProtocolHandler ["http-nio-8080"]
08-Dec-2025 09:02:28.164 INFO [main] org.apache.catalina.startup.Catalina.load Server initialization in [644] milliseconds
08-Dec-2025 09:02:28.216 INFO [main] org.apache.catalina.core.StandardService.startInternal Starting service [Catalina]
08-Dec-2025 09:02:28.216 INFO [main] org.apache.catalina.core.StandardEngine.startInternal Starting Servlet engine: [Apache Tomcat/11.0.14]
08-Dec-2025 09:02:28.228 INFO [main] org.apache.catalina.startup.HostConfig.deployDescriptor Deploying deployment descriptor [C:\Users\User\IdeaProjects\TourAgency2\conf\Catalina\localhost\TourAgency2.xml]
08-Dec-2025 09:02:29.241 INFO [main] org.apache.jasper.servlet.TldScanner.scanJars At least one JAR was scanned for TLDs yet contained no TLDs. Enable debug logging for this logger for a complete list of JARs that were scanned but no TLDs were found in them. Skipping unneeded JARs during scanning can improve startup time and JSP compilation time.
08-Dec-2025 09:02:29.329 INFO [main] org.apache.catalina.startup.HostConfig.deployDescriptor Deployment of deployment descriptor [C:\Users\User\IdeaProjects\TourAgency2\conf\Catalina\localhost\TourAgency2.xml] has finished in [1 098] ms
08-Dec-2025 09:02:29.334 INFO [main] org.apache.coyote.AbstractProtocol.start Starting ProtocolHandler ["http-nio-8080"]
08-Dec-2025 09:02:29.359 INFO [main] org.apache.catalina.startup.Catalina.start Server startup in [1194] milliseconds
08-Dec-2025 09:03:24.240 INFO [Thread-1] org.apache.coyote.AbstractProtocol.pause Pausing ProtocolHandler ["http-nio-8080"]
08-Dec-2025 09:03:24.245 INFO [Thread-1] org.apache.catalina.core.StandardService.stopInternal Stopping service [Catalina]
08-Dec-2025 09:03:24.249 WARNING [Thread-1] org.apache.catalina.loader.WebappClassLoaderBase.clearReferencesJdbc The web application [TourAgency2] registered the JDBC driver [org.postgresql.Driver] but failed to unregister it when the web application was stopped. To prevent a memory leak, the JDBC Driver has been forcibly unregistered.
08-Dec-2025 09:03:24.254 INFO [Thread-1] org.apache.coyote.AbstractProtocol.stop Stopping ProtocolHandler ["http-nio-8080"]
08-Dec-2025 09:03:24.257 INFO [Thread-1] org.apache.coyote.AbstractProtocol.destroy Destroying ProtocolHandler ["http-nio-8080"]
08-Dec-2025 09:03:26.903 INFO [main] org.apache.catalina.startup.VersionLoggerListener.log Имя версии сервера:    Apache Tomcat/11.0.14
08-Dec-2025 09:03:26.909 INFO [main] org.apache.catalina.startup.VersionLoggerListener.log Сервер собран:         Nov 5 2025 19:03:02 UTC
08-Dec-2025 09:03:26.909 INFO [main] org.apache.catalina.startup.VersionLoggerListener.log Номер версии сервера:  11.0.14.0
08-Dec-2025 09:03:26.909 INFO [main] org.apache.catalina.startup.VersionLoggerListener.log OS Name:               Windows 11
08-Dec-2025 09:03:26.910 INFO [main] org.apache.catalina.startup.VersionLoggerListener.log Версия ОС:             10.0
08-Dec-2025 09:03:26.910 INFO [main] org.apache.catalina.startup.VersionLoggerListener.log Архитектура:           amd64
08-Dec-2025 09:03:26.910 INFO [main] org.apache.catalina.startup.VersionLoggerListener.log Java Home:             C:\Users\User\.jdks\openjdk-22.0.2
08-Dec-2025 09:03:26.910 INFO [main] org.apache.catalina.startup.VersionLoggerListener.log Версия JVM:            22.0.2+9-70
08-Dec-2025 09:03:26.910 INFO [main] org.apache.catalina.startup.VersionLoggerListener.log Производитель JVM:     Oracle Corporation
08-Dec-2025 09:03:26.910 INFO [main] org.apache.catalina.startup.VersionLoggerListener.log CATALINA_BASE:         C:\Users\User\IdeaProjects\TourAgency2
08-Dec-2025 09:03:26.911 INFO [main] org.apache.catalina.startup.VersionLoggerListener.log CATALINA_HOME:         C:\Users\User\Tomcat\apache-tomcat-11.0.14
08-Dec-2025 09:03:26.922 INFO [main] org.apache.catalina.startup.VersionLoggerListener.log Command line argument: --add-opens=java.base/java.lang=ALL-UNNAMED
08-Dec-2025 09:03:26.922 INFO [main] org.apache.catalina.startup.VersionLoggerListener.log Command line argument: --add-opens=java.base/java.io=ALL-UNNAMED
08-Dec-2025 09:03:26.922 INFO [main] org.apache.catalina.startup.VersionLoggerListener.log Command line argument: --add-opens=java.base/java.util=ALL-UNNAMED
08-Dec-2025 09:03:26.922 INFO [main] org.apache.catalina.startup.VersionLoggerListener.log Command line argument: --add-opens=java.base/java.util.concurrent=ALL-UNNAMED
08-Dec-2025 09:03:26.922 INFO [main] org.apache.catalina.startup.VersionLoggerListener.log Command line argument: --add-opens=java.rmi/sun.rmi.transport=ALL-UNNAMED
08-Dec-2025 09:03:26.922 INFO [main] org.apache.catalina.startup.VersionLoggerListener.log Command line argument: -Dcatalina.home=C:\Users\User\Tomcat\apache-tomcat-11.0.14
08-Dec-2025 09:03:26.922 INFO [main] org.apache.catalina.startup.VersionLoggerListener.log Command line argument: -Dcatalina.base=C:\Users\User\IdeaProjects\TourAgency2
08-Dec-2025 09:03:26.922 INFO [main] org.apache.catalina.startup.VersionLoggerListener.log Command line argument: -Djava.io.tmpdir=C:\Users\User\IdeaProjects\TourAgency2\temp
08-Dec-2025 09:03:26.922 INFO [main] org.apache.catalina.startup.VersionLoggerListener.log Command line argument: -Djava.util.logging.config.file=C:\Users\User\IdeaProjects\TourAgency2\conf\logging.properties
08-Dec-2025 09:03:26.923 INFO [main] org.apache.catalina.startup.VersionLoggerListener.log Command line argument: -Djava.util.logging.manager=org.apache.juli.ClassLoaderLogManager
08-Dec-2025 09:03:26.923 INFO [main] org.apache.catalina.startup.VersionLoggerListener.log Command line argument: -javaagent:D:\IntelliJ IDEA Community Edition 2024.2.1\lib\idea_rt.jar=62212:D:\IntelliJ IDEA Community Edition 2024.2.1\bin
08-Dec-2025 09:03:26.923 INFO [main] org.apache.catalina.startup.VersionLoggerListener.log Command line argument: -Dfile.encoding=UTF-8
08-Dec-2025 09:03:26.923 INFO [main] org.apache.catalina.startup.VersionLoggerListener.log Command line argument: -Dsun.stdout.encoding=UTF-8
08-Dec-2025 09:03:26.923 INFO [main] org.apache.catalina.startup.VersionLoggerListener.log Command line argument: -Dsun.stderr.encoding=UTF-8
08-Dec-2025 09:03:26.930 INFO [main] org.apache.catalina.core.AprLifecycleListener.lifecycleEvent The Apache Tomcat Native library which allows using OpenSSL was not found on the java.library.path: [C:\Users\User\.jdks\openjdk-22.0.2\bin;C:\WINDOWS\Sun\Java\bin;C:\WINDOWS\system32;C:\WINDOWS;C:\Program Files\Common Files\Oracle\Java\javapath;C:\Program Files (x86)\Common Files\Oracle\Java\javapath;C:\Program Files\Microsoft\jdk-11.0.16.101-hotspot\bin;C:\WINDOWS\system32;C:\WINDOWS;C:\WINDOWS\System32\Wbem;C:\WINDOWS\System32\WindowsPowerShell\v1.0\;C:\WINDOWS\System32\OpenSSH\;C:\Program Files\Microsoft SQL Server\Client SDK\ODBC\170\Tools\Binn\;C:\Program Files\dotnet\;C:\Program Files\PuTTY\;D:\Git\cmd;C:\Node.js\node-v22.20.0-win-x64;D:\cursor\resources\app\bin;D:\Node.js\node-v22.20.0-win-x64\node.exe;D:\Microsoft VS Code\bin;C:\Program Files\Java\jre-1.8\bin;D:\Kiro\bin;.]
08-Dec-2025 09:03:27.249 INFO [main] org.apache.coyote.AbstractProtocol.init Инициализация ProtocolHandler ["http-nio-8080"]
08-Dec-2025 09:03:27.266 INFO [main] org.apache.catalina.startup.Catalina.load Server initialization in [614] milliseconds
08-Dec-2025 09:03:27.318 INFO [main] org.apache.catalina.core.StandardService.startInternal Starting service [Catalina]
08-Dec-2025 09:03:27.319 INFO [main] org.apache.catalina.core.StandardEngine.startInternal Starting Servlet engine: [Apache Tomcat/11.0.14]
08-Dec-2025 09:03:27.331 INFO [main] org.apache.catalina.startup.HostConfig.deployDescriptor Deploying deployment descriptor [C:\Users\User\IdeaProjects\TourAgency2\conf\Catalina\localhost\TourAgency2.xml]
08-Dec-2025 09:03:28.240 INFO [main] org.apache.jasper.servlet.TldScanner.scanJars At least one JAR was scanned for TLDs yet contained no TLDs. Enable debug logging for this logger for a complete list of JARs that were scanned but no TLDs were found in them. Skipping unneeded JARs during scanning can improve startup time and JSP compilation time.
08-Dec-2025 09:03:28.318 INFO [main] org.apache.catalina.startup.HostConfig.deployDescriptor Deployment of deployment descriptor [C:\Users\User\IdeaProjects\TourAgency2\conf\Catalina\localhost\TourAgency2.xml] has finished in [986] ms
08-Dec-2025 09:03:28.323 INFO [main] org.apache.coyote.AbstractProtocol.start Starting ProtocolHandler ["http-nio-8080"]
08-Dec-2025 09:03:28.344 INFO [main] org.apache.catalina.startup.Catalina.start Server startup in [1076] milliseconds
08-Dec-2025 09:10:57.370 INFO [Thread-1] org.apache.coyote.AbstractProtocol.pause Pausing ProtocolHandler ["http-nio-8080"]
08-Dec-2025 09:10:57.377 INFO [Thread-1] org.apache.catalina.core.StandardService.stopInternal Stopping service [Catalina]
08-Dec-2025 09:10:57.384 WARNING [Thread-1] org.apache.catalina.loader.WebappClassLoaderBase.clearReferencesJdbc The web application [TourAgency2] registered the JDBC driver [org.postgresql.Driver] but failed to unregister it when the web application was stopped. To prevent a memory leak, the JDBC Driver has been forcibly unregistered.
08-Dec-2025 09:10:57.391 INFO [Thread-1] org.apache.coyote.AbstractProtocol.stop Stopping ProtocolHandler ["http-nio-8080"]
08-Dec-2025 09:10:57.398 INFO [Thread-1] org.apache.coyote.AbstractProtocol.destroy Destroying ProtocolHandler ["http-nio-8080"]
08-Dec-2025 09:11:00.151 INFO [main] org.apache.catalina.startup.VersionLoggerListener.log Имя версии сервера:    Apache Tomcat/11.0.14
08-Dec-2025 09:11:00.157 INFO [main] org.apache.catalina.startup.VersionLoggerListener.log Сервер собран:         Nov 5 2025 19:03:02 UTC
08-Dec-2025 09:11:00.158 INFO [main] org.apache.catalina.startup.VersionLoggerListener.log Номер версии сервера:  11.0.14.0
08-Dec-2025 09:11:00.158 INFO [main] org.apache.catalina.startup.VersionLoggerListener.log OS Name:               Windows 11
08-Dec-2025 09:11:00.158 INFO [main] org.apache.catalina.startup.VersionLoggerListener.log Версия ОС:             10.0
08-Dec-2025 09:11:00.158 INFO [main] org.apache.catalina.startup.VersionLoggerListener.log Архитектура:           amd64
08-Dec-2025 09:11:00.158 INFO [main] org.apache.catalina.startup.VersionLoggerListener.log Java Home:             C:\Users\User\.jdks\openjdk-22.0.2
08-Dec-2025 09:11:00.159 INFO [main] org.apache.catalina.startup.VersionLoggerListener.log Версия JVM:            22.0.2+9-70
08-Dec-2025 09:11:00.159 INFO [main] org.apache.catalina.startup.VersionLoggerListener.log Производитель JVM:     Oracle Corporation
08-Dec-2025 09:11:00.159 INFO [main] org.apache.catalina.startup.VersionLoggerListener.log CATALINA_BASE:         C:\Users\User\IdeaProjects\TourAgency2
08-Dec-2025 09:11:00.159 INFO [main] org.apache.catalina.startup.VersionLoggerListener.log CATALINA_HOME:         C:\Users\User\Tomcat\apache-tomcat-11.0.14
08-Dec-2025 09:11:00.173 INFO [main] org.apache.catalina.startup.VersionLoggerListener.log Command line argument: --add-opens=java.base/java.lang=ALL-UNNAMED
08-Dec-2025 09:11:00.173 INFO [main] org.apache.catalina.startup.VersionLoggerListener.log Command line argument: --add-opens=java.base/java.io=ALL-UNNAMED
08-Dec-2025 09:11:00.173 INFO [main] org.apache.catalina.startup.VersionLoggerListener.log Command line argument: --add-opens=java.base/java.util=ALL-UNNAMED
08-Dec-2025 09:11:00.174 INFO [main] org.apache.catalina.startup.VersionLoggerListener.log Command line argument: --add-opens=java.base/java.util.concurrent=ALL-UNNAMED
08-Dec-2025 09:11:00.174 INFO [main] org.apache.catalina.startup.VersionLoggerListener.log Command line argument: --add-opens=java.rmi/sun.rmi.transport=ALL-UNNAMED
08-Dec-2025 09:11:00.174 INFO [main] org.apache.catalina.startup.VersionLoggerListener.log Command line argument: -Dcatalina.home=C:\Users\User\Tomcat\apache-tomcat-11.0.14
08-Dec-2025 09:11:00.174 INFO [main] org.apache.catalina.startup.VersionLoggerListener.log Command line argument: -Dcatalina.base=C:\Users\User\IdeaProjects\TourAgency2
08-Dec-2025 09:11:00.174 INFO [main] org.apache.catalina.startup.VersionLoggerListener.log Command line argument: -Djava.io.tmpdir=C:\Users\User\IdeaProjects\TourAgency2\temp
08-Dec-2025 09:11:00.174 INFO [main] org.apache.catalina.startup.VersionLoggerListener.log Command line argument: -Djava.util.logging.config.file=C:\Users\User\IdeaProjects\TourAgency2\conf\logging.properties
08-Dec-2025 09:11:00.174 INFO [main] org.apache.catalina.startup.VersionLoggerListener.log Command line argument: -Djava.util.logging.manager=org.apache.juli.ClassLoaderLogManager
08-Dec-2025 09:11:00.174 INFO [main] org.apache.catalina.startup.VersionLoggerListener.log Command line argument: -javaagent:D:\IntelliJ IDEA Community Edition 2024.2.1\lib\idea_rt.jar=50665:D:\IntelliJ IDEA Community Edition 2024.2.1\bin
08-Dec-2025 09:11:00.175 INFO [main] org.apache.catalina.startup.VersionLoggerListener.log Command line argument: -Dfile.encoding=UTF-8
08-Dec-2025 09:11:00.175 INFO [main] org.apache.catalina.startup.VersionLoggerListener.log Command line argument: -Dsun.stdout.encoding=UTF-8
08-Dec-2025 09:11:00.175 INFO [main] org.apache.catalina.startup.VersionLoggerListener.log Command line argument: -Dsun.stderr.encoding=UTF-8
08-Dec-2025 09:11:00.180 INFO [main] org.apache.catalina.core.AprLifecycleListener.lifecycleEvent The Apache Tomcat Native library which allows using OpenSSL was not found on the java.library.path: [C:\Users\User\.jdks\openjdk-22.0.2\bin;C:\WINDOWS\Sun\Java\bin;C:\WINDOWS\system32;C:\WINDOWS;C:\Program Files\Common Files\Oracle\Java\javapath;C:\Program Files (x86)\Common Files\Oracle\Java\javapath;C:\Program Files\Microsoft\jdk-11.0.16.101-hotspot\bin;C:\WINDOWS\system32;C:\WINDOWS;C:\WINDOWS\System32\Wbem;C:\WINDOWS\System32\WindowsPowerShell\v1.0\;C:\WINDOWS\System32\OpenSSH\;C:\Program Files\Microsoft SQL Server\Client SDK\ODBC\170\Tools\Binn\;C:\Program Files\dotnet\;C:\Program Files\PuTTY\;D:\Git\cmd;C:\Node.js\node-v22.20.0-win-x64;D:\cursor\resources\app\bin;D:\Node.js\node-v22.20.0-win-x64\node.exe;D:\Microsoft VS Code\bin;C:\Program Files\Java\jre-1.8\bin;D:\Kiro\bin;.]
08-Dec-2025 09:11:00.520 INFO [main] org.apache.coyote.AbstractProtocol.init Инициализация ProtocolHandler ["http-nio-8080"]
08-Dec-2025 09:11:00.538 INFO [main] org.apache.catalina.startup.Catalina.load Server initialization in [625] milliseconds
08-Dec-2025 09:11:00.590 INFO [main] org.apache.catalina.core.StandardService.startInternal Starting service [Catalina]
08-Dec-2025 09:11:00.590 INFO [main] org.apache.catalina.core.StandardEngine.startInternal Starting Servlet engine: [Apache Tomcat/11.0.14]
08-Dec-2025 09:11:00.601 INFO [main] org.apache.catalina.startup.HostConfig.deployDescriptor Deploying deployment descriptor [C:\Users\User\IdeaProjects\TourAgency2\conf\Catalina\localhost\TourAgency2.xml]
08-Dec-2025 09:11:01.556 INFO [main] org.apache.jasper.servlet.TldScanner.scanJars At least one JAR was scanned for TLDs yet contained no TLDs. Enable debug logging for this logger for a complete list of JARs that were scanned but no TLDs were found in them. Skipping unneeded JARs during scanning can improve startup time and JSP compilation time.
08-Dec-2025 09:11:01.636 INFO [main] org.apache.catalina.startup.HostConfig.deployDescriptor Deployment of deployment descriptor [C:\Users\User\IdeaProjects\TourAgency2\conf\Catalina\localhost\TourAgency2.xml] has finished in [1 033] ms
08-Dec-2025 09:11:01.641 INFO [main] org.apache.coyote.AbstractProtocol.start Starting ProtocolHandler ["http-nio-8080"]
08-Dec-2025 09:11:01.663 INFO [main] org.apache.catalina.startup.Catalina.start Server startup in [1124] milliseconds
08-Dec-2025 09:14:15.210 INFO [Thread-1] org.apache.coyote.AbstractProtocol.pause Pausing ProtocolHandler ["http-nio-8080"]
08-Dec-2025 09:14:15.217 INFO [Thread-1] org.apache.catalina.core.StandardService.stopInternal Stopping service [Catalina]
08-Dec-2025 09:14:15.225 WARNING [Thread-1] org.apache.catalina.loader.WebappClassLoaderBase.clearReferencesJdbc The web application [TourAgency2] registered the JDBC driver [org.postgresql.Driver] but failed to unregister it when the web application was stopped. To prevent a memory leak, the JDBC Driver has been forcibly unregistered.
08-Dec-2025 09:14:15.229 INFO [Thread-1] org.apache.coyote.AbstractProtocol.stop Stopping ProtocolHandler ["http-nio-8080"]
08-Dec-2025 09:14:15.231 INFO [Thread-1] org.apache.coyote.AbstractProtocol.destroy Destroying ProtocolHandler ["http-nio-8080"]
08-Dec-2025 09:14:17.478 INFO [main] org.apache.catalina.startup.VersionLoggerListener.log Имя версии сервера:    Apache Tomcat/11.0.14
08-Dec-2025 09:14:17.484 INFO [main] org.apache.catalina.startup.VersionLoggerListener.log Сервер собран:         Nov 5 2025 19:03:02 UTC
08-Dec-2025 09:14:17.484 INFO [main] org.apache.catalina.startup.VersionLoggerListener.log Номер версии сервера:  11.0.14.0
08-Dec-2025 09:14:17.485 INFO [main] org.apache.catalina.startup.VersionLoggerListener.log OS Name:               Windows 11
08-Dec-2025 09:14:17.485 INFO [main] org.apache.catalina.startup.VersionLoggerListener.log Версия ОС:             10.0
08-Dec-2025 09:14:17.485 INFO [main] org.apache.catalina.startup.VersionLoggerListener.log Архитектура:           amd64
08-Dec-2025 09:14:17.485 INFO [main] org.apache.catalina.startup.VersionLoggerListener.log Java Home:             C:\Users\User\.jdks\openjdk-22.0.2
08-Dec-2025 09:14:17.485 INFO [main] org.apache.catalina.startup.VersionLoggerListener.log Версия JVM:            22.0.2+9-70
08-Dec-2025 09:14:17.486 INFO [main] org.apache.catalina.startup.VersionLoggerListener.log Производитель JVM:     Oracle Corporation
08-Dec-2025 09:14:17.486 INFO [main] org.apache.catalina.startup.VersionLoggerListener.log CATALINA_BASE:         C:\Users\User\IdeaProjects\TourAgency2
08-Dec-2025 09:14:17.486 INFO [main] org.apache.catalina.startup.VersionLoggerListener.log CATALINA_HOME:         C:\Users\User\Tomcat\apache-tomcat-11.0.14
08-Dec-2025 09:14:17.497 INFO [main] org.apache.catalina.startup.VersionLoggerListener.log Command line argument: --add-opens=java.base/java.lang=ALL-UNNAMED
08-Dec-2025 09:14:17.497 INFO [main] org.apache.catalina.startup.VersionLoggerListener.log Command line argument: --add-opens=java.base/java.io=ALL-UNNAMED
08-Dec-2025 09:14:17.497 INFO [main] org.apache.catalina.startup.VersionLoggerListener.log Command line argument: --add-opens=java.base/java.util=ALL-UNNAMED
08-Dec-2025 09:14:17.497 INFO [main] org.apache.catalina.startup.VersionLoggerListener.log Command line argument: --add-opens=java.base/java.util.concurrent=ALL-UNNAMED
08-Dec-2025 09:14:17.498 INFO [main] org.apache.catalina.startup.VersionLoggerListener.log Command line argument: --add-opens=java.rmi/sun.rmi.transport=ALL-UNNAMED
08-Dec-2025 09:14:17.498 INFO [main] org.apache.catalina.startup.VersionLoggerListener.log Command line argument: -Dcatalina.home=C:\Users\User\Tomcat\apache-tomcat-11.0.14
08-Dec-2025 09:14:17.498 INFO [main] org.apache.catalina.startup.VersionLoggerListener.log Command line argument: -Dcatalina.base=C:\Users\User\IdeaProjects\TourAgency2
08-Dec-2025 09:14:17.498 INFO [main] org.apache.catalina.startup.VersionLoggerListener.log Command line argument: -Djava.io.tmpdir=C:\Users\User\IdeaProjects\TourAgency2\temp
08-Dec-2025 09:14:17.498 INFO [main] org.apache.catalina.startup.VersionLoggerListener.log Command line argument: -Djava.util.logging.config.file=C:\Users\User\IdeaProjects\TourAgency2\conf\logging.properties
08-Dec-2025 09:14:17.498 INFO [main] org.apache.catalina.startup.VersionLoggerListener.log Command line argument: -Djava.util.logging.manager=org.apache.juli.ClassLoaderLogManager
08-Dec-2025 09:14:17.498 INFO [main] org.apache.catalina.startup.VersionLoggerListener.log Command line argument: -javaagent:D:\IntelliJ IDEA Community Edition 2024.2.1\lib\idea_rt.jar=50745:D:\IntelliJ IDEA Community Edition 2024.2.1\bin
08-Dec-2025 09:14:17.498 INFO [main] org.apache.catalina.startup.VersionLoggerListener.log Command line argument: -Dfile.encoding=UTF-8
08-Dec-2025 09:14:17.498 INFO [main] org.apache.catalina.startup.VersionLoggerListener.log Command line argument: -Dsun.stdout.encoding=UTF-8
08-Dec-2025 09:14:17.499 INFO [main] org.apache.catalina.startup.VersionLoggerListener.log Command line argument: -Dsun.stderr.encoding=UTF-8
08-Dec-2025 09:14:17.506 INFO [main] org.apache.catalina.core.AprLifecycleListener.lifecycleEvent The Apache Tomcat Native library which allows using OpenSSL was not found on the java.library.path: [C:\Users\User\.jdks\openjdk-22.0.2\bin;C:\WINDOWS\Sun\Java\bin;C:\WINDOWS\system32;C:\WINDOWS;C:\Program Files\Common Files\Oracle\Java\javapath;C:\Program Files (x86)\Common Files\Oracle\Java\javapath;C:\Program Files\Microsoft\jdk-11.0.16.101-hotspot\bin;C:\WINDOWS\system32;C:\WINDOWS;C:\WINDOWS\System32\Wbem;C:\WINDOWS\System32\WindowsPowerShell\v1.0\;C:\WINDOWS\System32\OpenSSH\;C:\Program Files\Microsoft SQL Server\Client SDK\ODBC\170\Tools\Binn\;C:\Program Files\dotnet\;C:\Program Files\PuTTY\;D:\Git\cmd;C:\Node.js\node-v22.20.0-win-x64;D:\cursor\resources\app\bin;D:\Node.js\node-v22.20.0-win-x64\node.exe;D:\Microsoft VS Code\bin;C:\Program Files\Java\jre-1.8\bin;D:\Kiro\bin;.]
08-Dec-2025 09:14:17.844 INFO [main] org.apache.coyote.AbstractProtocol.init Инициализация ProtocolHandler ["http-nio-8080"]
08-Dec-2025 09:14:17.864 INFO [main] org.apache.catalina.startup.Catalina.load Server initialization in [624] milliseconds
08-Dec-2025 09:14:17.918 INFO [main] org.apache.catalina.core.StandardService.startInternal Starting service [Catalina]
08-Dec-2025 09:14:17.919 INFO [main] org.apache.catalina.core.StandardEngine.startInternal Starting Servlet engine: [Apache Tomcat/11.0.14]
08-Dec-2025 09:14:17.933 INFO [main] org.apache.catalina.startup.HostConfig.deployDescriptor Deploying deployment descriptor [C:\Users\User\IdeaProjects\TourAgency2\conf\Catalina\localhost\TourAgency2.xml]
08-Dec-2025 09:14:18.882 INFO [main] org.apache.jasper.servlet.TldScanner.scanJars At least one JAR was scanned for TLDs yet contained no TLDs. Enable debug logging for this logger for a complete list of JARs that were scanned but no TLDs were found in them. Skipping unneeded JARs during scanning can improve startup time and JSP compilation time.
08-Dec-2025 09:14:18.963 INFO [main] org.apache.catalina.startup.HostConfig.deployDescriptor Deployment of deployment descriptor [C:\Users\User\IdeaProjects\TourAgency2\conf\Catalina\localhost\TourAgency2.xml] has finished in [1 028] ms
08-Dec-2025 09:14:18.967 INFO [main] org.apache.coyote.AbstractProtocol.start Starting ProtocolHandler ["http-nio-8080"]
08-Dec-2025 09:14:18.992 INFO [main] org.apache.catalina.startup.Catalina.start Server startup in [1126] milliseconds
08-Dec-2025 09:15:17.672 INFO [Thread-1] org.apache.coyote.AbstractProtocol.pause Pausing ProtocolHandler ["http-nio-8080"]
08-Dec-2025 09:15:17.678 INFO [Thread-1] org.apache.catalina.core.StandardService.stopInternal Stopping service [Catalina]
08-Dec-2025 09:15:17.678 WARNING [Thread-1] org.apache.catalina.loader.WebappClassLoaderBase.clearReferencesJdbc The web application [TourAgency2] registered the JDBC driver [org.postgresql.Driver] but failed to unregister it when the web application was stopped. To prevent a memory leak, the JDBC Driver has been forcibly unregistered.
08-Dec-2025 09:15:17.685 INFO [Thread-1] org.apache.coyote.AbstractProtocol.stop Stopping ProtocolHandler ["http-nio-8080"]
08-Dec-2025 09:15:17.692 INFO [Thread-1] org.apache.coyote.AbstractProtocol.destroy Destroying ProtocolHandler ["http-nio-8080"]
08-Dec-2025 09:16:52.605 INFO [main] org.apache.catalina.startup.VersionLoggerListener.log Имя версии сервера:    Apache Tomcat/11.0.14
08-Dec-2025 09:16:52.610 INFO [main] org.apache.catalina.startup.VersionLoggerListener.log Сервер собран:         Nov 5 2025 19:03:02 UTC
08-Dec-2025 09:16:52.611 INFO [main] org.apache.catalina.startup.VersionLoggerListener.log Номер версии сервера:  11.0.14.0
08-Dec-2025 09:16:52.611 INFO [main] org.apache.catalina.startup.VersionLoggerListener.log OS Name:               Windows 11
08-Dec-2025 09:16:52.611 INFO [main] org.apache.catalina.startup.VersionLoggerListener.log Версия ОС:             10.0
08-Dec-2025 09:16:52.611 INFO [main] org.apache.catalina.startup.VersionLoggerListener.log Архитектура:           amd64
08-Dec-2025 09:16:52.611 INFO [main] org.apache.catalina.startup.VersionLoggerListener.log Java Home:             C:\Users\User\.jdks\openjdk-22.0.2
08-Dec-2025 09:16:52.611 INFO [main] org.apache.catalina.startup.VersionLoggerListener.log Версия JVM:            22.0.2+9-70
08-Dec-2025 09:16:52.612 INFO [main] org.apache.catalina.startup.VersionLoggerListener.log Производитель JVM:     Oracle Corporation
08-Dec-2025 09:16:52.612 INFO [main] org.apache.catalina.startup.VersionLoggerListener.log CATALINA_BASE:         C:\Users\User\IdeaProjects\TourAgency2
08-Dec-2025 09:16:52.612 INFO [main] org.apache.catalina.startup.VersionLoggerListener.log CATALINA_HOME:         C:\Users\User\Tomcat\apache-tomcat-11.0.14
08-Dec-2025 09:16:52.623 INFO [main] org.apache.catalina.startup.VersionLoggerListener.log Command line argument: --add-opens=java.base/java.lang=ALL-UNNAMED
08-Dec-2025 09:16:52.624 INFO [main] org.apache.catalina.startup.VersionLoggerListener.log Command line argument: --add-opens=java.base/java.io=ALL-UNNAMED
08-Dec-2025 09:16:52.624 INFO [main] org.apache.catalina.startup.VersionLoggerListener.log Command line argument: --add-opens=java.base/java.util=ALL-UNNAMED
08-Dec-2025 09:16:52.624 INFO [main] org.apache.catalina.startup.VersionLoggerListener.log Command line argument: --add-opens=java.base/java.util.concurrent=ALL-UNNAMED
08-Dec-2025 09:16:52.624 INFO [main] org.apache.catalina.startup.VersionLoggerListener.log Command line argument: --add-opens=java.rmi/sun.rmi.transport=ALL-UNNAMED
08-Dec-2025 09:16:52.624 INFO [main] org.apache.catalina.startup.VersionLoggerListener.log Command line argument: -Dcatalina.home=C:\Users\User\Tomcat\apache-tomcat-11.0.14
08-Dec-2025 09:16:52.625 INFO [main] org.apache.catalina.startup.VersionLoggerListener.log Command line argument: -Dcatalina.base=C:\Users\User\IdeaProjects\TourAgency2
08-Dec-2025 09:16:52.625 INFO [main] org.apache.catalina.startup.VersionLoggerListener.log Command line argument: -Djava.io.tmpdir=C:\Users\User\IdeaProjects\TourAgency2\temp
08-Dec-2025 09:16:52.625 INFO [main] org.apache.catalina.startup.VersionLoggerListener.log Command line argument: -Djava.util.logging.config.file=C:\Users\User\IdeaProjects\TourAgency2\conf\logging.properties
08-Dec-2025 09:16:52.625 INFO [main] org.apache.catalina.startup.VersionLoggerListener.log Command line argument: -Djava.util.logging.manager=org.apache.juli.ClassLoaderLogManager
08-Dec-2025 09:16:52.625 INFO [main] org.apache.catalina.startup.VersionLoggerListener.log Command line argument: -javaagent:D:\IntelliJ IDEA Community Edition 2024.2.1\lib\idea_rt.jar=62412:D:\IntelliJ IDEA Community Edition 2024.2.1\bin
08-Dec-2025 09:16:52.626 INFO [main] org.apache.catalina.startup.VersionLoggerListener.log Command line argument: -Dfile.encoding=UTF-8
08-Dec-2025 09:16:52.626 INFO [main] org.apache.catalina.startup.VersionLoggerListener.log Command line argument: -Dsun.stdout.encoding=UTF-8
08-Dec-2025 09:16:52.626 INFO [main] org.apache.catalina.startup.VersionLoggerListener.log Command line argument: -Dsun.stderr.encoding=UTF-8
08-Dec-2025 09:16:52.633 INFO [main] org.apache.catalina.core.AprLifecycleListener.lifecycleEvent The Apache Tomcat Native library which allows using OpenSSL was not found on the java.library.path: [C:\Users\User\.jdks\openjdk-22.0.2\bin;C:\WINDOWS\Sun\Java\bin;C:\WINDOWS\system32;C:\WINDOWS;C:\Program Files\Common Files\Oracle\Java\javapath;C:\Program Files (x86)\Common Files\Oracle\Java\javapath;C:\Program Files\Microsoft\jdk-11.0.16.101-hotspot\bin;C:\WINDOWS\system32;C:\WINDOWS;C:\WINDOWS\System32\Wbem;C:\WINDOWS\System32\WindowsPowerShell\v1.0\;C:\WINDOWS\System32\OpenSSH\;C:\Program Files\Microsoft SQL Server\Client SDK\ODBC\170\Tools\Binn\;C:\Program Files\dotnet\;C:\Program Files\PuTTY\;D:\Git\cmd;C:\Node.js\node-v22.20.0-win-x64;D:\cursor\resources\app\bin;D:\Node.js\node-v22.20.0-win-x64\node.exe;D:\Microsoft VS Code\bin;C:\Program Files\Java\jre-1.8\bin;D:\Kiro\bin;.]
08-Dec-2025 09:16:52.977 INFO [main] org.apache.coyote.AbstractProtocol.init Инициализация ProtocolHandler ["http-nio-8080"]
08-Dec-2025 09:16:52.998 INFO [main] org.apache.catalina.startup.Catalina.load Server initialization in [660] milliseconds
08-Dec-2025 09:16:53.058 INFO [main] org.apache.catalina.core.StandardService.startInternal Starting service [Catalina]
08-Dec-2025 09:16:53.058 INFO [main] org.apache.catalina.core.StandardEngine.startInternal Starting Servlet engine: [Apache Tomcat/11.0.14]
08-Dec-2025 09:16:53.071 INFO [main] org.apache.catalina.startup.HostConfig.deployDescriptor Deploying deployment descriptor [C:\Users\User\IdeaProjects\TourAgency2\conf\Catalina\localhost\TourAgency2.xml]
08-Dec-2025 09:16:54.131 INFO [main] org.apache.jasper.servlet.TldScanner.scanJars At least one JAR was scanned for TLDs yet contained no TLDs. Enable debug logging for this logger for a complete list of JARs that were scanned but no TLDs were found in them. Skipping unneeded JARs during scanning can improve startup time and JSP compilation time.
08-Dec-2025 09:16:54.214 INFO [main] org.apache.catalina.startup.HostConfig.deployDescriptor Deployment of deployment descriptor [C:\Users\User\IdeaProjects\TourAgency2\conf\Catalina\localhost\TourAgency2.xml] has finished in [1 140] ms
08-Dec-2025 09:16:54.219 INFO [main] org.apache.coyote.AbstractProtocol.start Starting ProtocolHandler ["http-nio-8080"]
08-Dec-2025 09:16:54.242 INFO [main] org.apache.catalina.startup.Catalina.start Server startup in [1241] milliseconds
08-Dec-2025 09:17:28.493 INFO [Thread-1] org.apache.coyote.AbstractProtocol.pause Pausing ProtocolHandler ["http-nio-8080"]
08-Dec-2025 09:17:28.496 INFO [Thread-1] org.apache.catalina.core.StandardService.stopInternal Stopping service [Catalina]
08-Dec-2025 09:17:28.502 WARNING [Thread-1] org.apache.catalina.loader.WebappClassLoaderBase.clearReferencesJdbc The web application [TourAgency2] registered the JDBC driver [org.postgresql.Driver] but failed to unregister it when the web application was stopped. To prevent a memory leak, the JDBC Driver has been forcibly unregistered.
08-Dec-2025 09:17:28.509 INFO [Thread-1] org.apache.coyote.AbstractProtocol.stop Stopping ProtocolHandler ["http-nio-8080"]
08-Dec-2025 09:17:28.517 INFO [Thread-1] org.apache.coyote.AbstractProtocol.destroy Destroying ProtocolHandler ["http-nio-8080"]
08-Dec-2025 09:18:10.853 INFO [main] org.apache.catalina.startup.VersionLoggerListener.log Имя версии сервера:    Apache Tomcat/11.0.14
08-Dec-2025 09:18:10.859 INFO [main] org.apache.catalina.startup.VersionLoggerListener.log Сервер собран:         Nov 5 2025 19:03:02 UTC
08-Dec-2025 09:18:10.860 INFO [main] org.apache.catalina.startup.VersionLoggerListener.log Номер версии сервера:  11.0.14.0
08-Dec-2025 09:18:10.860 INFO [main] org.apache.catalina.startup.VersionLoggerListener.log OS Name:               Windows 11
08-Dec-2025 09:18:10.861 INFO [main] org.apache.catalina.startup.VersionLoggerListener.log Версия ОС:             10.0
08-Dec-2025 09:18:10.861 INFO [main] org.apache.catalina.startup.VersionLoggerListener.log Архитектура:           amd64
08-Dec-2025 09:18:10.861 INFO [main] org.apache.catalina.startup.VersionLoggerListener.log Java Home:             C:\Users\User\.jdks\openjdk-22.0.2
08-Dec-2025 09:18:10.861 INFO [main] org.apache.catalina.startup.VersionLoggerListener.log Версия JVM:            22.0.2+9-70
08-Dec-2025 09:18:10.862 INFO [main] org.apache.catalina.startup.VersionLoggerListener.log Производитель JVM:     Oracle Corporation
08-Dec-2025 09:18:10.862 INFO [main] org.apache.catalina.startup.VersionLoggerListener.log CATALINA_BASE:         C:\Users\User\IdeaProjects\TourAgency2
08-Dec-2025 09:18:10.862 INFO [main] org.apache.catalina.startup.VersionLoggerListener.log CATALINA_HOME:         C:\Users\User\Tomcat\apache-tomcat-11.0.14
08-Dec-2025 09:18:10.872 INFO [main] org.apache.catalina.startup.VersionLoggerListener.log Command line argument: --add-opens=java.base/java.lang=ALL-UNNAMED
08-Dec-2025 09:18:10.872 INFO [main] org.apache.catalina.startup.VersionLoggerListener.log Command line argument: --add-opens=java.base/java.io=ALL-UNNAMED
08-Dec-2025 09:18:10.872 INFO [main] org.apache.catalina.startup.VersionLoggerListener.log Command line argument: --add-opens=java.base/java.util=ALL-UNNAMED
08-Dec-2025 09:18:10.872 INFO [main] org.apache.catalina.startup.VersionLoggerListener.log Command line argument: --add-opens=java.base/java.util.concurrent=ALL-UNNAMED
08-Dec-2025 09:18:10.872 INFO [main] org.apache.catalina.startup.VersionLoggerListener.log Command line argument: --add-opens=java.rmi/sun.rmi.transport=ALL-UNNAMED
08-Dec-2025 09:18:10.872 INFO [main] org.apache.catalina.startup.VersionLoggerListener.log Command line argument: -Dcatalina.home=C:\Users\User\Tomcat\apache-tomcat-11.0.14
08-Dec-2025 09:18:10.872 INFO [main] org.apache.catalina.startup.VersionLoggerListener.log Command line argument: -Dcatalina.base=C:\Users\User\IdeaProjects\TourAgency2
08-Dec-2025 09:18:10.873 INFO [main] org.apache.catalina.startup.VersionLoggerListener.log Command line argument: -Djava.io.tmpdir=C:\Users\User\IdeaProjects\TourAgency2\temp
08-Dec-2025 09:18:10.873 INFO [main] org.apache.catalina.startup.VersionLoggerListener.log Command line argument: -Djava.util.logging.config.file=C:\Users\User\IdeaProjects\TourAgency2\conf\logging.properties
08-Dec-2025 09:18:10.873 INFO [main] org.apache.catalina.startup.VersionLoggerListener.log Command line argument: -Djava.util.logging.manager=org.apache.juli.ClassLoaderLogManager
08-Dec-2025 09:18:10.873 INFO [main] org.apache.catalina.startup.VersionLoggerListener.log Command line argument: -javaagent:D:\IntelliJ IDEA Community Edition 2024.2.1\lib\idea_rt.jar=62449:D:\IntelliJ IDEA Community Edition 2024.2.1\bin
08-Dec-2025 09:18:10.873 INFO [main] org.apache.catalina.startup.VersionLoggerListener.log Command line argument: -Dfile.encoding=UTF-8
08-Dec-2025 09:18:10.873 INFO [main] org.apache.catalina.startup.VersionLoggerListener.log Command line argument: -Dsun.stdout.encoding=UTF-8
08-Dec-2025 09:18:10.873 INFO [main] org.apache.catalina.startup.VersionLoggerListener.log Command line argument: -Dsun.stderr.encoding=UTF-8
08-Dec-2025 09:18:10.879 INFO [main] org.apache.catalina.core.AprLifecycleListener.lifecycleEvent The Apache Tomcat Native library which allows using OpenSSL was not found on the java.library.path: [C:\Users\User\.jdks\openjdk-22.0.2\bin;C:\WINDOWS\Sun\Java\bin;C:\WINDOWS\system32;C:\WINDOWS;C:\Program Files\Common Files\Oracle\Java\javapath;C:\Program Files (x86)\Common Files\Oracle\Java\javapath;C:\Program Files\Microsoft\jdk-11.0.16.101-hotspot\bin;C:\WINDOWS\system32;C:\WINDOWS;C:\WINDOWS\System32\Wbem;C:\WINDOWS\System32\WindowsPowerShell\v1.0\;C:\WINDOWS\System32\OpenSSH\;C:\Program Files\Microsoft SQL Server\Client SDK\ODBC\170\Tools\Binn\;C:\Program Files\dotnet\;C:\Program Files\PuTTY\;D:\Git\cmd;C:\Node.js\node-v22.20.0-win-x64;D:\cursor\resources\app\bin;D:\Node.js\node-v22.20.0-win-x64\node.exe;D:\Microsoft VS Code\bin;C:\Program Files\Java\jre-1.8\bin;D:\Kiro\bin;.]
08-Dec-2025 09:18:11.198 INFO [main] org.apache.coyote.AbstractProtocol.init Инициализация ProtocolHandler ["http-nio-8080"]
08-Dec-2025 09:18:11.214 INFO [main] org.apache.catalina.startup.Catalina.load Server initialization in [640] milliseconds
08-Dec-2025 09:18:11.268 INFO [main] org.apache.catalina.core.StandardService.startInternal Starting service [Catalina]
08-Dec-2025 09:18:11.268 INFO [main] org.apache.catalina.core.StandardEngine.startInternal Starting Servlet engine: [Apache Tomcat/11.0.14]
08-Dec-2025 09:18:11.281 INFO [main] org.apache.catalina.startup.HostConfig.deployDescriptor Deploying deployment descriptor [C:\Users\User\IdeaProjects\TourAgency2\conf\Catalina\localhost\TourAgency2.xml]
08-Dec-2025 09:18:12.271 INFO [main] org.apache.jasper.servlet.TldScanner.scanJars At least one JAR was scanned for TLDs yet contained no TLDs. Enable debug logging for this logger for a complete list of JARs that were scanned but no TLDs were found in them. Skipping unneeded JARs during scanning can improve startup time and JSP compilation time.
08-Dec-2025 09:18:12.357 INFO [main] org.apache.catalina.startup.HostConfig.deployDescriptor Deployment of deployment descriptor [C:\Users\User\IdeaProjects\TourAgency2\conf\Catalina\localhost\TourAgency2.xml] has finished in [1 074] ms
08-Dec-2025 09:18:12.362 INFO [main] org.apache.coyote.AbstractProtocol.start Starting ProtocolHandler ["http-nio-8080"]
08-Dec-2025 09:18:12.384 INFO [main] org.apache.catalina.startup.Catalina.start Server startup in [1168] milliseconds
08-Dec-2025 09:18:48.816 INFO [Thread-1] org.apache.coyote.AbstractProtocol.pause Pausing ProtocolHandler ["http-nio-8080"]
08-Dec-2025 09:18:48.823 INFO [Thread-1] org.apache.catalina.core.StandardService.stopInternal Stopping service [Catalina]
08-Dec-2025 09:18:48.830 WARNING [Thread-1] org.apache.catalina.loader.WebappClassLoaderBase.clearReferencesJdbc The web application [TourAgency2] registered the JDBC driver [org.postgresql.Driver] but failed to unregister it when the web application was stopped. To prevent a memory leak, the JDBC Driver has been forcibly unregistered.
08-Dec-2025 09:18:48.830 INFO [Thread-1] org.apache.coyote.AbstractProtocol.stop Stopping ProtocolHandler ["http-nio-8080"]
08-Dec-2025 09:18:48.837 INFO [Thread-1] org.apache.coyote.AbstractProtocol.destroy Destroying ProtocolHandler ["http-nio-8080"]
08-Dec-2025 10:22:52.511 INFO [main] org.apache.catalina.startup.VersionLoggerListener.log Имя версии сервера:    Apache Tomcat/11.0.14
08-Dec-2025 10:22:52.517 INFO [main] org.apache.catalina.startup.VersionLoggerListener.log Сервер собран:         Nov 5 2025 19:03:02 UTC
08-Dec-2025 10:22:52.517 INFO [main] org.apache.catalina.startup.VersionLoggerListener.log Номер версии сервера:  11.0.14.0
08-Dec-2025 10:22:52.518 INFO [main] org.apache.catalina.startup.VersionLoggerListener.log OS Name:               Windows 11
08-Dec-2025 10:22:52.518 INFO [main] org.apache.catalina.startup.VersionLoggerListener.log Версия ОС:             10.0
08-Dec-2025 10:22:52.518 INFO [main] org.apache.catalina.startup.VersionLoggerListener.log Архитектура:           amd64
08-Dec-2025 10:22:52.518 INFO [main] org.apache.catalina.startup.VersionLoggerListener.log Java Home:             C:\Users\User\.jdks\openjdk-22.0.2
08-Dec-2025 10:22:52.518 INFO [main] org.apache.catalina.startup.VersionLoggerListener.log Версия JVM:            22.0.2+9-70
08-Dec-2025 10:22:52.518 INFO [main] org.apache.catalina.startup.VersionLoggerListener.log Производитель JVM:     Oracle Corporation
08-Dec-2025 10:22:52.519 INFO [main] org.apache.catalina.startup.VersionLoggerListener.log CATALINA_BASE:         C:\Users\User\IdeaProjects\TourAgency2
08-Dec-2025 10:22:52.519 INFO [main] org.apache.catalina.startup.VersionLoggerListener.log CATALINA_HOME:         C:\Users\User\Tomcat\apache-tomcat-11.0.14
08-Dec-2025 10:22:52.531 INFO [main] org.apache.catalina.startup.VersionLoggerListener.log Command line argument: --add-opens=java.base/java.lang=ALL-UNNAMED
08-Dec-2025 10:22:52.532 INFO [main] org.apache.catalina.startup.VersionLoggerListener.log Command line argument: --add-opens=java.base/java.io=ALL-UNNAMED
08-Dec-2025 10:22:52.532 INFO [main] org.apache.catalina.startup.VersionLoggerListener.log Command line argument: --add-opens=java.base/java.util=ALL-UNNAMED
08-Dec-2025 10:22:52.532 INFO [main] org.apache.catalina.startup.VersionLoggerListener.log Command line argument: --add-opens=java.base/java.util.concurrent=ALL-UNNAMED
08-Dec-2025 10:22:52.532 INFO [main] org.apache.catalina.startup.VersionLoggerListener.log Command line argument: --add-opens=java.rmi/sun.rmi.transport=ALL-UNNAMED
08-Dec-2025 10:22:52.532 INFO [main] org.apache.catalina.startup.VersionLoggerListener.log Command line argument: -Dcatalina.home=C:\Users\User\Tomcat\apache-tomcat-11.0.14
08-Dec-2025 10:22:52.532 INFO [main] org.apache.catalina.startup.VersionLoggerListener.log Command line argument: -Dcatalina.base=C:\Users\User\IdeaProjects\TourAgency2
08-Dec-2025 10:22:52.532 INFO [main] org.apache.catalina.startup.VersionLoggerListener.log Command line argument: -Djava.io.tmpdir=C:\Users\User\IdeaProjects\TourAgency2\temp
08-Dec-2025 10:22:52.532 INFO [main] org.apache.catalina.startup.VersionLoggerListener.log Command line argument: -Djava.util.logging.config.file=C:\Users\User\IdeaProjects\TourAgency2\conf\logging.properties
08-Dec-2025 10:22:52.532 INFO [main] org.apache.catalina.startup.VersionLoggerListener.log Command line argument: -Djava.util.logging.manager=org.apache.juli.ClassLoaderLogManager
08-Dec-2025 10:22:52.532 INFO [main] org.apache.catalina.startup.VersionLoggerListener.log Command line argument: -javaagent:D:\IntelliJ IDEA Community Edition 2024.2.1\lib\idea_rt.jar=63265:D:\IntelliJ IDEA Community Edition 2024.2.1\bin
08-Dec-2025 10:22:52.532 INFO [main] org.apache.catalina.startup.VersionLoggerListener.log Command line argument: -Dfile.encoding=UTF-8
08-Dec-2025 10:22:52.532 INFO [main] org.apache.catalina.startup.VersionLoggerListener.log Command line argument: -Dsun.stdout.encoding=UTF-8
08-Dec-2025 10:22:52.533 INFO [main] org.apache.catalina.startup.VersionLoggerListener.log Command line argument: -Dsun.stderr.encoding=UTF-8
08-Dec-2025 10:22:52.539 INFO [main] org.apache.catalina.core.AprLifecycleListener.lifecycleEvent The Apache Tomcat Native library which allows using OpenSSL was not found on the java.library.path: [C:\Users\User\.jdks\openjdk-22.0.2\bin;C:\WINDOWS\Sun\Java\bin;C:\WINDOWS\system32;C:\WINDOWS;C:\Program Files\Common Files\Oracle\Java\javapath;C:\Program Files (x86)\Common Files\Oracle\Java\javapath;C:\Program Files\Microsoft\jdk-11.0.16.101-hotspot\bin;C:\WINDOWS\system32;C:\WINDOWS;C:\WINDOWS\System32\Wbem;C:\WINDOWS\System32\WindowsPowerShell\v1.0\;C:\WINDOWS\System32\OpenSSH\;C:\Program Files\Microsoft SQL Server\Client SDK\ODBC\170\Tools\Binn\;C:\Program Files\dotnet\;C:\Program Files\PuTTY\;D:\Git\cmd;C:\Node.js\node-v22.20.0-win-x64;D:\cursor\resources\app\bin;D:\Node.js\node-v22.20.0-win-x64\node.exe;D:\Microsoft VS Code\bin;C:\Program Files\Java\jre-1.8\bin;D:\Kiro\bin;.]
08-Dec-2025 10:22:52.908 INFO [main] org.apache.coyote.AbstractProtocol.init Инициализация ProtocolHandler ["http-nio-8080"]
08-Dec-2025 10:22:52.928 INFO [main] org.apache.catalina.startup.Catalina.load Server initialization in [722] milliseconds
08-Dec-2025 10:22:52.983 INFO [main] org.apache.catalina.core.StandardService.startInternal Starting service [Catalina]
08-Dec-2025 10:22:52.983 INFO [main] org.apache.catalina.core.StandardEngine.startInternal Starting Servlet engine: [Apache Tomcat/11.0.14]
08-Dec-2025 10:22:52.995 INFO [main] org.apache.catalina.startup.HostConfig.deployDescriptor Deploying deployment descriptor [C:\Users\User\IdeaProjects\TourAgency2\conf\Catalina\localhost\TourAgency2.xml]
08-Dec-2025 10:22:54.082 INFO [main] org.apache.jasper.servlet.TldScanner.scanJars At least one JAR was scanned for TLDs yet contained no TLDs. Enable debug logging for this logger for a complete list of JARs that were scanned but no TLDs were found in them. Skipping unneeded JARs during scanning can improve startup time and JSP compilation time.
08-Dec-2025 10:22:54.173 INFO [main] org.apache.catalina.startup.HostConfig.deployDescriptor Deployment of deployment descriptor [C:\Users\User\IdeaProjects\TourAgency2\conf\Catalina\localhost\TourAgency2.xml] has finished in [1 174] ms
08-Dec-2025 10:22:54.177 INFO [main] org.apache.coyote.AbstractProtocol.start Starting ProtocolHandler ["http-nio-8080"]
08-Dec-2025 10:22:54.201 INFO [main] org.apache.catalina.startup.Catalina.start Server startup in [1271] milliseconds
08-Dec-2025 10:24:40.009 INFO [Thread-1] org.apache.coyote.AbstractProtocol.pause Pausing ProtocolHandler ["http-nio-8080"]
08-Dec-2025 10:24:40.015 INFO [Thread-1] org.apache.catalina.core.StandardService.stopInternal Stopping service [Catalina]
08-Dec-2025 10:24:40.022 WARNING [Thread-1] org.apache.catalina.loader.WebappClassLoaderBase.clearReferencesJdbc The web application [TourAgency2] registered the JDBC driver [org.postgresql.Driver] but failed to unregister it when the web application was stopped. To prevent a memory leak, the JDBC Driver has been forcibly unregistered.
08-Dec-2025 10:24:40.030 INFO [Thread-1] org.apache.coyote.AbstractProtocol.stop Stopping ProtocolHandler ["http-nio-8080"]
08-Dec-2025 10:24:40.051 INFO [Thread-1] org.apache.coyote.AbstractProtocol.destroy Destroying ProtocolHandler ["http-nio-8080"]
08-Dec-2025 10:30:06.800 INFO [main] org.apache.catalina.startup.VersionLoggerListener.log Имя версии сервера:    Apache Tomcat/11.0.14
08-Dec-2025 10:30:06.806 INFO [main] org.apache.catalina.startup.VersionLoggerListener.log Сервер собран:         Nov 5 2025 19:03:02 UTC
08-Dec-2025 10:30:06.807 INFO [main] org.apache.catalina.startup.VersionLoggerListener.log Номер версии сервера:  11.0.14.0
08-Dec-2025 10:30:06.807 INFO [main] org.apache.catalina.startup.VersionLoggerListener.log OS Name:               Windows 11
08-Dec-2025 10:30:06.807 INFO [main] org.apache.catalina.startup.VersionLoggerListener.log Версия ОС:             10.0
08-Dec-2025 10:30:06.807 INFO [main] org.apache.catalina.startup.VersionLoggerListener.log Архитектура:           amd64
08-Dec-2025 10:30:06.807 INFO [main] org.apache.catalina.startup.VersionLoggerListener.log Java Home:             C:\Users\User\.jdks\openjdk-22.0.2
08-Dec-2025 10:30:06.807 INFO [main] org.apache.catalina.startup.VersionLoggerListener.log Версия JVM:            22.0.2+9-70
08-Dec-2025 10:30:06.808 INFO [main] org.apache.catalina.startup.VersionLoggerListener.log Производитель JVM:     Oracle Corporation
08-Dec-2025 10:30:06.808 INFO [main] org.apache.catalina.startup.VersionLoggerListener.log CATALINA_BASE:         C:\Users\User\IdeaProjects\TourAgency2
08-Dec-2025 10:30:06.808 INFO [main] org.apache.catalina.startup.VersionLoggerListener.log CATALINA_HOME:         C:\Users\User\Tomcat\apache-tomcat-11.0.14
08-Dec-2025 10:30:06.821 INFO [main] org.apache.catalina.startup.VersionLoggerListener.log Command line argument: --add-opens=java.base/java.lang=ALL-UNNAMED
08-Dec-2025 10:30:06.822 INFO [main] org.apache.catalina.startup.VersionLoggerListener.log Command line argument: --add-opens=java.base/java.io=ALL-UNNAMED
08-Dec-2025 10:30:06.822 INFO [main] org.apache.catalina.startup.VersionLoggerListener.log Command line argument: --add-opens=java.base/java.util=ALL-UNNAMED
08-Dec-2025 10:30:06.822 INFO [main] org.apache.catalina.startup.VersionLoggerListener.log Command line argument: --add-opens=java.base/java.util.concurrent=ALL-UNNAMED
08-Dec-2025 10:30:06.823 INFO [main] org.apache.catalina.startup.VersionLoggerListener.log Command line argument: --add-opens=java.rmi/sun.rmi.transport=ALL-UNNAMED
08-Dec-2025 10:30:06.823 INFO [main] org.apache.catalina.startup.VersionLoggerListener.log Command line argument: -Dcatalina.home=C:\Users\User\Tomcat\apache-tomcat-11.0.14
08-Dec-2025 10:30:06.823 INFO [main] org.apache.catalina.startup.VersionLoggerListener.log Command line argument: -Dcatalina.base=C:\Users\User\IdeaProjects\TourAgency2
08-Dec-2025 10:30:06.823 INFO [main] org.apache.catalina.startup.VersionLoggerListener.log Command line argument: -Djava.io.tmpdir=C:\Users\User\IdeaProjects\TourAgency2\temp
08-Dec-2025 10:30:06.823 INFO [main] org.apache.catalina.startup.VersionLoggerListener.log Command line argument: -Djava.util.logging.config.file=C:\Users\User\IdeaProjects\TourAgency2\conf\logging.properties
08-Dec-2025 10:30:06.823 INFO [main] org.apache.catalina.startup.VersionLoggerListener.log Command line argument: -Djava.util.logging.manager=org.apache.juli.ClassLoaderLogManager
08-Dec-2025 10:30:06.824 INFO [main] org.apache.catalina.startup.VersionLoggerListener.log Command line argument: -javaagent:D:\IntelliJ IDEA Community Edition 2024.2.1\lib\idea_rt.jar=58824:D:\IntelliJ IDEA Community Edition 2024.2.1\bin
08-Dec-2025 10:30:06.824 INFO [main] org.apache.catalina.startup.VersionLoggerListener.log Command line argument: -Dfile.encoding=UTF-8
08-Dec-2025 10:30:06.824 INFO [main] org.apache.catalina.startup.VersionLoggerListener.log Command line argument: -Dsun.stdout.encoding=UTF-8
08-Dec-2025 10:30:06.824 INFO [main] org.apache.catalina.startup.VersionLoggerListener.log Command line argument: -Dsun.stderr.encoding=UTF-8
08-Dec-2025 10:30:06.833 INFO [main] org.apache.catalina.core.AprLifecycleListener.lifecycleEvent The Apache Tomcat Native library which allows using OpenSSL was not found on the java.library.path: [C:\Users\User\.jdks\openjdk-22.0.2\bin;C:\WINDOWS\Sun\Java\bin;C:\WINDOWS\system32;C:\WINDOWS;C:\Program Files\Common Files\Oracle\Java\javapath;C:\Program Files (x86)\Common Files\Oracle\Java\javapath;C:\Program Files\Microsoft\jdk-11.0.16.101-hotspot\bin;C:\WINDOWS\system32;C:\WINDOWS;C:\WINDOWS\System32\Wbem;C:\WINDOWS\System32\WindowsPowerShell\v1.0\;C:\WINDOWS\System32\OpenSSH\;C:\Program Files\Microsoft SQL Server\Client SDK\ODBC\170\Tools\Binn\;C:\Program Files\dotnet\;C:\Program Files\PuTTY\;D:\Git\cmd;C:\Node.js\node-v22.20.0-win-x64;D:\cursor\resources\app\bin;D:\Node.js\node-v22.20.0-win-x64\node.exe;D:\Microsoft VS Code\bin;C:\Program Files\Java\jre-1.8\bin;D:\Kiro\bin;.]
08-Dec-2025 10:30:07.202 INFO [main] org.apache.coyote.AbstractProtocol.init Инициализация ProtocolHandler ["http-nio-8080"]
08-Dec-2025 10:30:07.219 INFO [main] org.apache.catalina.startup.Catalina.load Server initialization in [641] milliseconds
08-Dec-2025 10:30:07.279 INFO [main] org.apache.catalina.core.StandardService.startInternal Starting service [Catalina]
08-Dec-2025 10:30:07.279 INFO [main] org.apache.catalina.core.StandardEngine.startInternal Starting Servlet engine: [Apache Tomcat/11.0.14]
08-Dec-2025 10:30:07.290 INFO [main] org.apache.catalina.startup.HostConfig.deployDescriptor Deploying deployment descriptor [C:\Users\User\IdeaProjects\TourAgency2\conf\Catalina\localhost\TourAgency2.xml]
08-Dec-2025 10:30:08.285 INFO [main] org.apache.jasper.servlet.TldScanner.scanJars At least one JAR was scanned for TLDs yet contained no TLDs. Enable debug logging for this logger for a complete list of JARs that were scanned but no TLDs were found in them. Skipping unneeded JARs during scanning can improve startup time and JSP compilation time.
08-Dec-2025 10:30:08.370 INFO [main] org.apache.catalina.startup.HostConfig.deployDescriptor Deployment of deployment descriptor [C:\Users\User\IdeaProjects\TourAgency2\conf\Catalina\localhost\TourAgency2.xml] has finished in [1 077] ms
08-Dec-2025 10:30:08.374 INFO [main] org.apache.coyote.AbstractProtocol.start Starting ProtocolHandler ["http-nio-8080"]
08-Dec-2025 10:30:08.400 INFO [main] org.apache.catalina.startup.Catalina.start Server startup in [1178] milliseconds
08-Dec-2025 10:32:54.141 INFO [Thread-1] org.apache.coyote.AbstractProtocol.pause Pausing ProtocolHandler ["http-nio-8080"]
08-Dec-2025 10:32:54.145 INFO [Thread-1] org.apache.catalina.core.StandardService.stopInternal Stopping service [Catalina]
08-Dec-2025 10:32:54.151 WARNING [Thread-1] org.apache.catalina.loader.WebappClassLoaderBase.clearReferencesJdbc The web application [TourAgency2] registered the JDBC driver [org.postgresql.Driver] but failed to unregister it when the web application was stopped. To prevent a memory leak, the JDBC Driver has been forcibly unregistered.
08-Dec-2025 10:32:54.156 INFO [Thread-1] org.apache.coyote.AbstractProtocol.stop Stopping ProtocolHandler ["http-nio-8080"]
08-Dec-2025 10:32:54.162 INFO [Thread-1] org.apache.coyote.AbstractProtocol.destroy Destroying ProtocolHandler ["http-nio-8080"]
08-Dec-2025 10:33:01.107 INFO [main] org.apache.catalina.startup.VersionLoggerListener.log Имя версии сервера:    Apache Tomcat/11.0.14
08-Dec-2025 10:33:01.113 INFO [main] org.apache.catalina.startup.VersionLoggerListener.log Сервер собран:         Nov 5 2025 19:03:02 UTC
08-Dec-2025 10:33:01.113 INFO [main] org.apache.catalina.startup.VersionLoggerListener.log Номер версии сервера:  11.0.14.0
08-Dec-2025 10:33:01.113 INFO [main] org.apache.catalina.startup.VersionLoggerListener.log OS Name:               Windows 11
08-Dec-2025 10:33:01.113 INFO [main] org.apache.catalina.startup.VersionLoggerListener.log Версия ОС:             10.0
08-Dec-2025 10:33:01.113 INFO [main] org.apache.catalina.startup.VersionLoggerListener.log Архитектура:           amd64
08-Dec-2025 10:33:01.114 INFO [main] org.apache.catalina.startup.VersionLoggerListener.log Java Home:             C:\Users\User\.jdks\openjdk-22.0.2
08-Dec-2025 10:33:01.114 INFO [main] org.apache.catalina.startup.VersionLoggerListener.log Версия JVM:            22.0.2+9-70
08-Dec-2025 10:33:01.114 INFO [main] org.apache.catalina.startup.VersionLoggerListener.log Производитель JVM:     Oracle Corporation
08-Dec-2025 10:33:01.114 INFO [main] org.apache.catalina.startup.VersionLoggerListener.log CATALINA_BASE:         C:\Users\User\IdeaProjects\TourAgency2
08-Dec-2025 10:33:01.114 INFO [main] org.apache.catalina.startup.VersionLoggerListener.log CATALINA_HOME:         C:\Users\User\Tomcat\apache-tomcat-11.0.14
08-Dec-2025 10:33:01.127 INFO [main] org.apache.catalina.startup.VersionLoggerListener.log Command line argument: --add-opens=java.base/java.lang=ALL-UNNAMED
08-Dec-2025 10:33:01.127 INFO [main] org.apache.catalina.startup.VersionLoggerListener.log Command line argument: --add-opens=java.base/java.io=ALL-UNNAMED
08-Dec-2025 10:33:01.127 INFO [main] org.apache.catalina.startup.VersionLoggerListener.log Command line argument: --add-opens=java.base/java.util=ALL-UNNAMED
08-Dec-2025 10:33:01.128 INFO [main] org.apache.catalina.startup.VersionLoggerListener.log Command line argument: --add-opens=java.base/java.util.concurrent=ALL-UNNAMED
08-Dec-2025 10:33:01.128 INFO [main] org.apache.catalina.startup.VersionLoggerListener.log Command line argument: --add-opens=java.rmi/sun.rmi.transport=ALL-UNNAMED
08-Dec-2025 10:33:01.128 INFO [main] org.apache.catalina.startup.VersionLoggerListener.log Command line argument: -Dcatalina.home=C:\Users\User\Tomcat\apache-tomcat-11.0.14
08-Dec-2025 10:33:01.128 INFO [main] org.apache.catalina.startup.VersionLoggerListener.log Command line argument: -Dcatalina.base=C:\Users\User\IdeaProjects\TourAgency2
08-Dec-2025 10:33:01.128 INFO [main] org.apache.catalina.startup.VersionLoggerListener.log Command line argument: -Djava.io.tmpdir=C:\Users\User\IdeaProjects\TourAgency2\temp
08-Dec-2025 10:33:01.128 INFO [main] org.apache.catalina.startup.VersionLoggerListener.log Command line argument: -Djava.util.logging.config.file=C:\Users\User\IdeaProjects\TourAgency2\conf\logging.properties
08-Dec-2025 10:33:01.128 INFO [main] org.apache.catalina.startup.VersionLoggerListener.log Command line argument: -Djava.util.logging.manager=org.apache.juli.ClassLoaderLogManager
08-Dec-2025 10:33:01.129 INFO [main] org.apache.catalina.startup.VersionLoggerListener.log Command line argument: -javaagent:D:\IntelliJ IDEA Community Edition 2024.2.1\lib\idea_rt.jar=58934:D:\IntelliJ IDEA Community Edition 2024.2.1\bin
08-Dec-2025 10:33:01.129 INFO [main] org.apache.catalina.startup.VersionLoggerListener.log Command line argument: -Dfile.encoding=UTF-8
08-Dec-2025 10:33:01.129 INFO [main] org.apache.catalina.startup.VersionLoggerListener.log Command line argument: -Dsun.stdout.encoding=UTF-8
08-Dec-2025 10:33:01.129 INFO [main] org.apache.catalina.startup.VersionLoggerListener.log Command line argument: -Dsun.stderr.encoding=UTF-8
08-Dec-2025 10:33:01.134 INFO [main] org.apache.catalina.core.AprLifecycleListener.lifecycleEvent The Apache Tomcat Native library which allows using OpenSSL was not found on the java.library.path: [C:\Users\User\.jdks\openjdk-22.0.2\bin;C:\WINDOWS\Sun\Java\bin;C:\WINDOWS\system32;C:\WINDOWS;C:\Program Files\Common Files\Oracle\Java\javapath;C:\Program Files (x86)\Common Files\Oracle\Java\javapath;C:\Program Files\Microsoft\jdk-11.0.16.101-hotspot\bin;C:\WINDOWS\system32;C:\WINDOWS;C:\WINDOWS\System32\Wbem;C:\WINDOWS\System32\WindowsPowerShell\v1.0\;C:\WINDOWS\System32\OpenSSH\;C:\Program Files\Microsoft SQL Server\Client SDK\ODBC\170\Tools\Binn\;C:\Program Files\dotnet\;C:\Program Files\PuTTY\;D:\Git\cmd;C:\Node.js\node-v22.20.0-win-x64;D:\cursor\resources\app\bin;D:\Node.js\node-v22.20.0-win-x64\node.exe;D:\Microsoft VS Code\bin;C:\Program Files\Java\jre-1.8\bin;D:\Kiro\bin;.]
08-Dec-2025 10:33:01.465 INFO [main] org.apache.coyote.AbstractProtocol.init Инициализация ProtocolHandler ["http-nio-8080"]
08-Dec-2025 10:33:01.483 INFO [main] org.apache.catalina.startup.Catalina.load Server initialization in [612] milliseconds
08-Dec-2025 10:33:01.536 INFO [main] org.apache.catalina.core.StandardService.startInternal Starting service [Catalina]
08-Dec-2025 10:33:01.537 INFO [main] org.apache.catalina.core.StandardEngine.startInternal Starting Servlet engine: [Apache Tomcat/11.0.14]
08-Dec-2025 10:33:01.548 INFO [main] org.apache.catalina.startup.HostConfig.deployDescriptor Deploying deployment descriptor [C:\Users\User\IdeaProjects\TourAgency2\conf\Catalina\localhost\TourAgency2.xml]
08-Dec-2025 10:33:02.477 INFO [main] org.apache.jasper.servlet.TldScanner.scanJars At least one JAR was scanned for TLDs yet contained no TLDs. Enable debug logging for this logger for a complete list of JARs that were scanned but no TLDs were found in them. Skipping unneeded JARs during scanning can improve startup time and JSP compilation time.
08-Dec-2025 10:33:02.558 INFO [main] org.apache.catalina.startup.HostConfig.deployDescriptor Deployment of deployment descriptor [C:\Users\User\IdeaProjects\TourAgency2\conf\Catalina\localhost\TourAgency2.xml] has finished in [1 007] ms
08-Dec-2025 10:33:02.562 INFO [main] org.apache.coyote.AbstractProtocol.start Starting ProtocolHandler ["http-nio-8080"]
08-Dec-2025 10:33:02.583 INFO [main] org.apache.catalina.startup.Catalina.start Server startup in [1098] milliseconds
08-Dec-2025 13:13:26.413 INFO [Thread-1] org.apache.coyote.AbstractProtocol.pause Pausing ProtocolHandler ["http-nio-8080"]
08-Dec-2025 13:13:26.434 INFO [Thread-1] org.apache.catalina.core.StandardService.stopInternal Stopping service [Catalina]
08-Dec-2025 13:13:26.455 WARNING [Thread-1] org.apache.catalina.loader.WebappClassLoaderBase.clearReferencesJdbc The web application [TourAgency2] registered the JDBC driver [org.postgresql.Driver] but failed to unregister it when the web application was stopped. To prevent a memory leak, the JDBC Driver has been forcibly unregistered.
08-Dec-2025 13:13:26.475 INFO [Thread-1] org.apache.coyote.AbstractProtocol.stop Stopping ProtocolHandler ["http-nio-8080"]
08-Dec-2025 13:13:26.482 INFO [Thread-1] org.apache.coyote.AbstractProtocol.destroy Destroying ProtocolHandler ["http-nio-8080"]
