21-Dec-2025 13:20:55.677 INFO [main] org.apache.catalina.startup.VersionLoggerListener.log Имя версии сервера:    Apache Tomcat/11.0.14
21-Dec-2025 13:20:55.682 INFO [main] org.apache.catalina.startup.VersionLoggerListener.log Сервер собран:         Nov 5 2025 19:03:02 UTC
21-Dec-2025 13:20:55.683 INFO [main] org.apache.catalina.startup.VersionLoggerListener.log Номер версии сервера:  11.0.14.0
21-Dec-2025 13:20:55.683 INFO [main] org.apache.catalina.startup.VersionLoggerListener.log OS Name:               Windows 11
21-Dec-2025 13:20:55.683 INFO [main] org.apache.catalina.startup.VersionLoggerListener.log Версия ОС:             10.0
21-Dec-2025 13:20:55.683 INFO [main] org.apache.catalina.startup.VersionLoggerListener.log Архитектура:           amd64
21-Dec-2025 13:20:55.683 INFO [main] org.apache.catalina.startup.VersionLoggerListener.log Java Home:             C:\Users\User\.jdks\openjdk-22.0.2
21-Dec-2025 13:20:55.684 INFO [main] org.apache.catalina.startup.VersionLoggerListener.log Версия JVM:            22.0.2+9-70
21-Dec-2025 13:20:55.684 INFO [main] org.apache.catalina.startup.VersionLoggerListener.log Производитель JVM:     Oracle Corporation
21-Dec-2025 13:20:55.684 INFO [main] org.apache.catalina.startup.VersionLoggerListener.log CATALINA_BASE:         C:\Users\User\IdeaProjects\TourAgency2
21-Dec-2025 13:20:55.684 INFO [main] org.apache.catalina.startup.VersionLoggerListener.log CATALINA_HOME:         C:\Users\User\Tomcat\apache-tomcat-11.0.14
21-Dec-2025 13:20:55.693 INFO [main] org.apache.catalina.startup.VersionLoggerListener.log Command line argument: --add-opens=java.base/java.lang=ALL-UNNAMED
21-Dec-2025 13:20:55.694 INFO [main] org.apache.catalina.startup.VersionLoggerListener.log Command line argument: --add-opens=java.base/java.io=ALL-UNNAMED
21-Dec-2025 13:20:55.694 INFO [main] org.apache.catalina.startup.VersionLoggerListener.log Command line argument: --add-opens=java.base/java.util=ALL-UNNAMED
21-Dec-2025 13:20:55.694 INFO [main] org.apache.catalina.startup.VersionLoggerListener.log Command line argument: --add-opens=java.base/java.util.concurrent=ALL-UNNAMED
21-Dec-2025 13:20:55.694 INFO [main] org.apache.catalina.startup.VersionLoggerListener.log Command line argument: --add-opens=java.rmi/sun.rmi.transport=ALL-UNNAMED
21-Dec-2025 13:20:55.694 INFO [main] org.apache.catalina.startup.VersionLoggerListener.log Command line argument: -Dcatalina.home=C:\Users\User\Tomcat\apache-tomcat-11.0.14
21-Dec-2025 13:20:55.694 INFO [main] org.apache.catalina.startup.VersionLoggerListener.log Command line argument: -Dcatalina.base=C:\Users\User\IdeaProjects\TourAgency2
21-Dec-2025 13:20:55.695 INFO [main] org.apache.catalina.startup.VersionLoggerListener.log Command line argument: -Djava.io.tmpdir=C:\Users\User\IdeaProjects\TourAgency2\temp
21-Dec-2025 13:20:55.695 INFO [main] org.apache.catalina.startup.VersionLoggerListener.log Command line argument: -Djava.util.logging.config.file=C:\Users\User\IdeaProjects\TourAgency2\conf\logging.properties
21-Dec-2025 13:20:55.695 INFO [main] org.apache.catalina.startup.VersionLoggerListener.log Command line argument: -Djava.util.logging.manager=org.apache.juli.ClassLoaderLogManager
21-Dec-2025 13:20:55.695 INFO [main] org.apache.catalina.startup.VersionLoggerListener.log Command line argument: -javaagent:D:\IntelliJ IDEA Community Edition 2024.2.1\lib\idea_rt.jar=64709:D:\IntelliJ IDEA Community Edition 2024.2.1\bin
21-Dec-2025 13:20:55.695 INFO [main] org.apache.catalina.startup.VersionLoggerListener.log Command line argument: -Dfile.encoding=UTF-8
21-Dec-2025 13:20:55.695 INFO [main] org.apache.catalina.startup.VersionLoggerListener.log Command line argument: -Dsun.stdout.encoding=UTF-8
21-Dec-2025 13:20:55.695 INFO [main] org.apache.catalina.startup.VersionLoggerListener.log Command line argument: -Dsun.stderr.encoding=UTF-8
21-Dec-2025 13:20:55.699 INFO [main] org.apache.catalina.core.AprLifecycleListener.lifecycleEvent The Apache Tomcat Native library which allows using OpenSSL was not found on the java.library.path: [C:\Users\User\.jdks\openjdk-22.0.2\bin;C:\WINDOWS\Sun\Java\bin;C:\WINDOWS\system32;C:\WINDOWS;C:\Program Files\Common Files\Oracle\Java\javapath;C:\Program Files (x86)\Common Files\Oracle\Java\javapath;C:\Program Files\Microsoft\jdk-11.0.16.101-hotspot\bin;C:\WINDOWS\system32;C:\WINDOWS;C:\WINDOWS\System32\Wbem;C:\WINDOWS\System32\WindowsPowerShell\v1.0\;C:\WINDOWS\System32\OpenSSH\;C:\Program Files\Microsoft SQL Server\Client SDK\ODBC\170\Tools\Binn\;C:\Program Files\dotnet\;C:\Program Files\PuTTY\;D:\Git\cmd;C:\Node.js\node-v22.20.0-win-x64;D:\cursor\resources\app\bin;D:\Node.js\node-v22.20.0-win-x64\node.exe;D:\Microsoft VS Code\bin;C:\Program Files\Java\jre-1.8\bin;D:\Kiro\bin;.]
21-Dec-2025 13:20:56.088 INFO [main] org.apache.coyote.AbstractProtocol.init Инициализация ProtocolHandler ["http-nio-8080"]
21-Dec-2025 13:20:56.109 INFO [main] org.apache.catalina.startup.Catalina.load Server initialization in [673] milliseconds
21-Dec-2025 13:20:56.167 INFO [main] org.apache.catalina.core.StandardService.startInternal Starting service [Catalina]
21-Dec-2025 13:20:56.167 INFO [main] org.apache.catalina.core.StandardEngine.startInternal Starting Servlet engine: [Apache Tomcat/11.0.14]
21-Dec-2025 13:20:56.176 INFO [main] org.apache.catalina.startup.HostConfig.deployDescriptor Deploying deployment descriptor [C:\Users\User\IdeaProjects\TourAgency2\conf\Catalina\localhost\TourAgency2.xml]
21-Dec-2025 13:20:58.309 INFO [main] org.apache.jasper.servlet.TldScanner.scanJars At least one JAR was scanned for TLDs yet contained no TLDs. Enable debug logging for this logger for a complete list of JARs that were scanned but no TLDs were found in them. Skipping unneeded JARs during scanning can improve startup time and JSP compilation time.
21-Dec-2025 13:20:58.495 INFO [main] org.springframework.web.context.ContextLoader.initWebApplicationContext Root WebApplicationContext: initialization started
21-Dec-2025 13:20:59.997 INFO [main] org.springframework.web.context.ContextLoader.initWebApplicationContext Root WebApplicationContext initialized in 1499 ms
21-Dec-2025 13:21:00.033 INFO [main] org.springframework.web.servlet.FrameworkServlet.initServletBean Initializing Servlet 'dispatcher'
21-Dec-2025 13:21:00.044 INFO [main] org.springframework.web.servlet.FrameworkServlet.initServletBean Completed initialization in 11 ms
21-Dec-2025 13:21:00.059 INFO [main] org.apache.catalina.startup.HostConfig.deployDescriptor Deployment of deployment descriptor [C:\Users\User\IdeaProjects\TourAgency2\conf\Catalina\localhost\TourAgency2.xml] has finished in [3 881] ms
21-Dec-2025 13:21:00.064 INFO [main] org.apache.coyote.AbstractProtocol.start Starting ProtocolHandler ["http-nio-8080"]
21-Dec-2025 13:21:00.090 INFO [main] org.apache.catalina.startup.Catalina.start Server startup in [3980] milliseconds
21-Dec-2025 13:21:50.716 INFO [Thread-1] org.apache.coyote.AbstractProtocol.pause Pausing ProtocolHandler ["http-nio-8080"]
21-Dec-2025 13:21:50.721 INFO [Thread-1] org.apache.catalina.core.StandardService.stopInternal Stopping service [Catalina]
21-Dec-2025 13:21:50.732 WARNING [Thread-1] org.apache.catalina.loader.WebappClassLoaderBase.clearReferencesJdbc The web application [TourAgency2] registered the JDBC driver [org.postgresql.Driver] but failed to unregister it when the web application was stopped. To prevent a memory leak, the JDBC Driver has been forcibly unregistered.
21-Dec-2025 13:21:50.736 INFO [Thread-1] org.apache.coyote.AbstractProtocol.stop Stopping ProtocolHandler ["http-nio-8080"]
21-Dec-2025 13:21:50.746 INFO [Thread-1] org.apache.coyote.AbstractProtocol.destroy Destroying ProtocolHandler ["http-nio-8080"]
21-Dec-2025 13:29:48.112 INFO [main] org.apache.catalina.startup.VersionLoggerListener.log Имя версии сервера:    Apache Tomcat/11.0.14
21-Dec-2025 13:29:48.119 INFO [main] org.apache.catalina.startup.VersionLoggerListener.log Сервер собран:         Nov 5 2025 19:03:02 UTC
21-Dec-2025 13:29:48.120 INFO [main] org.apache.catalina.startup.VersionLoggerListener.log Номер версии сервера:  11.0.14.0
21-Dec-2025 13:29:48.120 INFO [main] org.apache.catalina.startup.VersionLoggerListener.log OS Name:               Windows 11
21-Dec-2025 13:29:48.120 INFO [main] org.apache.catalina.startup.VersionLoggerListener.log Версия ОС:             10.0
21-Dec-2025 13:29:48.121 INFO [main] org.apache.catalina.startup.VersionLoggerListener.log Архитектура:           amd64
21-Dec-2025 13:29:48.121 INFO [main] org.apache.catalina.startup.VersionLoggerListener.log Java Home:             C:\Users\User\.jdks\openjdk-22.0.2
21-Dec-2025 13:29:48.121 INFO [main] org.apache.catalina.startup.VersionLoggerListener.log Версия JVM:            22.0.2+9-70
21-Dec-2025 13:29:48.121 INFO [main] org.apache.catalina.startup.VersionLoggerListener.log Производитель JVM:     Oracle Corporation
21-Dec-2025 13:29:48.121 INFO [main] org.apache.catalina.startup.VersionLoggerListener.log CATALINA_BASE:         C:\Users\User\IdeaProjects\TourAgency2
21-Dec-2025 13:29:48.121 INFO [main] org.apache.catalina.startup.VersionLoggerListener.log CATALINA_HOME:         C:\Users\User\Tomcat\apache-tomcat-11.0.14
21-Dec-2025 13:29:48.137 INFO [main] org.apache.catalina.startup.VersionLoggerListener.log Command line argument: --add-opens=java.base/java.lang=ALL-UNNAMED
21-Dec-2025 13:29:48.137 INFO [main] org.apache.catalina.startup.VersionLoggerListener.log Command line argument: --add-opens=java.base/java.io=ALL-UNNAMED
21-Dec-2025 13:29:48.137 INFO [main] org.apache.catalina.startup.VersionLoggerListener.log Command line argument: --add-opens=java.base/java.util=ALL-UNNAMED
21-Dec-2025 13:29:48.137 INFO [main] org.apache.catalina.startup.VersionLoggerListener.log Command line argument: --add-opens=java.base/java.util.concurrent=ALL-UNNAMED
21-Dec-2025 13:29:48.137 INFO [main] org.apache.catalina.startup.VersionLoggerListener.log Command line argument: --add-opens=java.rmi/sun.rmi.transport=ALL-UNNAMED
21-Dec-2025 13:29:48.137 INFO [main] org.apache.catalina.startup.VersionLoggerListener.log Command line argument: -Dcatalina.home=C:\Users\User\Tomcat\apache-tomcat-11.0.14
21-Dec-2025 13:29:48.137 INFO [main] org.apache.catalina.startup.VersionLoggerListener.log Command line argument: -Dcatalina.base=C:\Users\User\IdeaProjects\TourAgency2
21-Dec-2025 13:29:48.137 INFO [main] org.apache.catalina.startup.VersionLoggerListener.log Command line argument: -Djava.io.tmpdir=C:\Users\User\IdeaProjects\TourAgency2\temp
21-Dec-2025 13:29:48.137 INFO [main] org.apache.catalina.startup.VersionLoggerListener.log Command line argument: -Djava.util.logging.config.file=C:\Users\User\IdeaProjects\TourAgency2\conf\logging.properties
21-Dec-2025 13:29:48.138 INFO [main] org.apache.catalina.startup.VersionLoggerListener.log Command line argument: -Djava.util.logging.manager=org.apache.juli.ClassLoaderLogManager
21-Dec-2025 13:29:48.138 INFO [main] org.apache.catalina.startup.VersionLoggerListener.log Command line argument: -javaagent:D:\IntelliJ IDEA Community Edition 2024.2.1\lib\idea_rt.jar=50345:D:\IntelliJ IDEA Community Edition 2024.2.1\bin
21-Dec-2025 13:29:48.138 INFO [main] org.apache.catalina.startup.VersionLoggerListener.log Command line argument: -Dfile.encoding=UTF-8
21-Dec-2025 13:29:48.138 INFO [main] org.apache.catalina.startup.VersionLoggerListener.log Command line argument: -Dsun.stdout.encoding=UTF-8
21-Dec-2025 13:29:48.138 INFO [main] org.apache.catalina.startup.VersionLoggerListener.log Command line argument: -Dsun.stderr.encoding=UTF-8
21-Dec-2025 13:29:48.145 INFO [main] org.apache.catalina.core.AprLifecycleListener.lifecycleEvent The Apache Tomcat Native library which allows using OpenSSL was not found on the java.library.path: [C:\Users\User\.jdks\openjdk-22.0.2\bin;C:\WINDOWS\Sun\Java\bin;C:\WINDOWS\system32;C:\WINDOWS;C:\Program Files\Common Files\Oracle\Java\javapath;C:\Program Files (x86)\Common Files\Oracle\Java\javapath;C:\Program Files\Microsoft\jdk-11.0.16.101-hotspot\bin;C:\WINDOWS\system32;C:\WINDOWS;C:\WINDOWS\System32\Wbem;C:\WINDOWS\System32\WindowsPowerShell\v1.0\;C:\WINDOWS\System32\OpenSSH\;C:\Program Files\Microsoft SQL Server\Client SDK\ODBC\170\Tools\Binn\;C:\Program Files\dotnet\;C:\Program Files\PuTTY\;D:\Git\cmd;C:\Node.js\node-v22.20.0-win-x64;D:\cursor\resources\app\bin;D:\Node.js\node-v22.20.0-win-x64\node.exe;D:\Microsoft VS Code\bin;C:\Program Files\Java\jre-1.8\bin;D:\Kiro\bin;.]
21-Dec-2025 13:29:48.480 INFO [main] org.apache.coyote.AbstractProtocol.init Инициализация ProtocolHandler ["http-nio-8080"]
21-Dec-2025 13:29:48.496 INFO [main] org.apache.catalina.startup.Catalina.load Server initialization in [653] milliseconds
21-Dec-2025 13:29:48.551 INFO [main] org.apache.catalina.core.StandardService.startInternal Starting service [Catalina]
21-Dec-2025 13:29:48.551 INFO [main] org.apache.catalina.core.StandardEngine.startInternal Starting Servlet engine: [Apache Tomcat/11.0.14]
21-Dec-2025 13:29:48.563 INFO [main] org.apache.catalina.startup.HostConfig.deployDescriptor Deploying deployment descriptor [C:\Users\User\IdeaProjects\TourAgency2\conf\Catalina\localhost\TourAgency2.xml]
21-Dec-2025 13:29:50.537 INFO [main] org.apache.jasper.servlet.TldScanner.scanJars At least one JAR was scanned for TLDs yet contained no TLDs. Enable debug logging for this logger for a complete list of JARs that were scanned but no TLDs were found in them. Skipping unneeded JARs during scanning can improve startup time and JSP compilation time.
21-Dec-2025 13:29:50.709 INFO [main] org.springframework.web.context.ContextLoader.initWebApplicationContext Root WebApplicationContext: initialization started
21-Dec-2025 13:29:52.217 INFO [main] org.springframework.web.context.ContextLoader.initWebApplicationContext Root WebApplicationContext initialized in 1507 ms
21-Dec-2025 13:29:52.240 INFO [main] org.springframework.web.servlet.FrameworkServlet.initServletBean Initializing Servlet 'dispatcher'
21-Dec-2025 13:29:52.250 INFO [main] org.springframework.web.servlet.FrameworkServlet.initServletBean Completed initialization in 10 ms
21-Dec-2025 13:29:52.263 INFO [main] org.apache.catalina.startup.HostConfig.deployDescriptor Deployment of deployment descriptor [C:\Users\User\IdeaProjects\TourAgency2\conf\Catalina\localhost\TourAgency2.xml] has finished in [3 697] ms
21-Dec-2025 13:29:52.268 INFO [main] org.apache.coyote.AbstractProtocol.start Starting ProtocolHandler ["http-nio-8080"]
21-Dec-2025 13:29:52.292 INFO [main] org.apache.catalina.startup.Catalina.start Server startup in [3793] milliseconds
21-Dec-2025 13:31:07.112 INFO [Thread-1] org.apache.coyote.AbstractProtocol.pause Pausing ProtocolHandler ["http-nio-8080"]
21-Dec-2025 13:31:07.118 INFO [Thread-1] org.apache.catalina.core.StandardService.stopInternal Stopping service [Catalina]
21-Dec-2025 13:31:07.130 WARNING [Thread-1] org.apache.catalina.loader.WebappClassLoaderBase.clearReferencesJdbc The web application [TourAgency2] registered the JDBC driver [org.postgresql.Driver] but failed to unregister it when the web application was stopped. To prevent a memory leak, the JDBC Driver has been forcibly unregistered.
21-Dec-2025 13:31:07.135 INFO [Thread-1] org.apache.coyote.AbstractProtocol.stop Stopping ProtocolHandler ["http-nio-8080"]
21-Dec-2025 13:31:07.149 INFO [Thread-1] org.apache.coyote.AbstractProtocol.destroy Destroying ProtocolHandler ["http-nio-8080"]
21-Dec-2025 13:32:13.180 INFO [main] org.apache.catalina.startup.VersionLoggerListener.log Имя версии сервера:    Apache Tomcat/11.0.14
21-Dec-2025 13:32:13.185 INFO [main] org.apache.catalina.startup.VersionLoggerListener.log Сервер собран:         Nov 5 2025 19:03:02 UTC
21-Dec-2025 13:32:13.185 INFO [main] org.apache.catalina.startup.VersionLoggerListener.log Номер версии сервера:  11.0.14.0
21-Dec-2025 13:32:13.185 INFO [main] org.apache.catalina.startup.VersionLoggerListener.log OS Name:               Windows 11
21-Dec-2025 13:32:13.185 INFO [main] org.apache.catalina.startup.VersionLoggerListener.log Версия ОС:             10.0
21-Dec-2025 13:32:13.185 INFO [main] org.apache.catalina.startup.VersionLoggerListener.log Архитектура:           amd64
21-Dec-2025 13:32:13.185 INFO [main] org.apache.catalina.startup.VersionLoggerListener.log Java Home:             C:\Users\User\.jdks\openjdk-22.0.2
21-Dec-2025 13:32:13.185 INFO [main] org.apache.catalina.startup.VersionLoggerListener.log Версия JVM:            22.0.2+9-70
21-Dec-2025 13:32:13.186 INFO [main] org.apache.catalina.startup.VersionLoggerListener.log Производитель JVM:     Oracle Corporation
21-Dec-2025 13:32:13.186 INFO [main] org.apache.catalina.startup.VersionLoggerListener.log CATALINA_BASE:         C:\Users\User\IdeaProjects\TourAgency2
21-Dec-2025 13:32:13.186 INFO [main] org.apache.catalina.startup.VersionLoggerListener.log CATALINA_HOME:         C:\Users\User\Tomcat\apache-tomcat-11.0.14
21-Dec-2025 13:32:13.196 INFO [main] org.apache.catalina.startup.VersionLoggerListener.log Command line argument: --add-opens=java.base/java.lang=ALL-UNNAMED
21-Dec-2025 13:32:13.196 INFO [main] org.apache.catalina.startup.VersionLoggerListener.log Command line argument: --add-opens=java.base/java.io=ALL-UNNAMED
21-Dec-2025 13:32:13.196 INFO [main] org.apache.catalina.startup.VersionLoggerListener.log Command line argument: --add-opens=java.base/java.util=ALL-UNNAMED
21-Dec-2025 13:32:13.196 INFO [main] org.apache.catalina.startup.VersionLoggerListener.log Command line argument: --add-opens=java.base/java.util.concurrent=ALL-UNNAMED
21-Dec-2025 13:32:13.196 INFO [main] org.apache.catalina.startup.VersionLoggerListener.log Command line argument: --add-opens=java.rmi/sun.rmi.transport=ALL-UNNAMED
21-Dec-2025 13:32:13.196 INFO [main] org.apache.catalina.startup.VersionLoggerListener.log Command line argument: -Dcatalina.home=C:\Users\User\Tomcat\apache-tomcat-11.0.14
21-Dec-2025 13:32:13.197 INFO [main] org.apache.catalina.startup.VersionLoggerListener.log Command line argument: -Dcatalina.base=C:\Users\User\IdeaProjects\TourAgency2
21-Dec-2025 13:32:13.197 INFO [main] org.apache.catalina.startup.VersionLoggerListener.log Command line argument: -Djava.io.tmpdir=C:\Users\User\IdeaProjects\TourAgency2\temp
21-Dec-2025 13:32:13.197 INFO [main] org.apache.catalina.startup.VersionLoggerListener.log Command line argument: -Djava.util.logging.config.file=C:\Users\User\IdeaProjects\TourAgency2\conf\logging.properties
21-Dec-2025 13:32:13.197 INFO [main] org.apache.catalina.startup.VersionLoggerListener.log Command line argument: -Djava.util.logging.manager=org.apache.juli.ClassLoaderLogManager
21-Dec-2025 13:32:13.197 INFO [main] org.apache.catalina.startup.VersionLoggerListener.log Command line argument: -javaagent:D:\IntelliJ IDEA Community Edition 2024.2.1\lib\idea_rt.jar=60787:D:\IntelliJ IDEA Community Edition 2024.2.1\bin
21-Dec-2025 13:32:13.197 INFO [main] org.apache.catalina.startup.VersionLoggerListener.log Command line argument: -Dfile.encoding=UTF-8
21-Dec-2025 13:32:13.197 INFO [main] org.apache.catalina.startup.VersionLoggerListener.log Command line argument: -Dsun.stdout.encoding=UTF-8
21-Dec-2025 13:32:13.197 INFO [main] org.apache.catalina.startup.VersionLoggerListener.log Command line argument: -Dsun.stderr.encoding=UTF-8
21-Dec-2025 13:32:13.205 INFO [main] org.apache.catalina.core.AprLifecycleListener.lifecycleEvent The Apache Tomcat Native library which allows using OpenSSL was not found on the java.library.path: [C:\Users\User\.jdks\openjdk-22.0.2\bin;C:\WINDOWS\Sun\Java\bin;C:\WINDOWS\system32;C:\WINDOWS;C:\Program Files\Common Files\Oracle\Java\javapath;C:\Program Files (x86)\Common Files\Oracle\Java\javapath;C:\Program Files\Microsoft\jdk-11.0.16.101-hotspot\bin;C:\WINDOWS\system32;C:\WINDOWS;C:\WINDOWS\System32\Wbem;C:\WINDOWS\System32\WindowsPowerShell\v1.0\;C:\WINDOWS\System32\OpenSSH\;C:\Program Files\Microsoft SQL Server\Client SDK\ODBC\170\Tools\Binn\;C:\Program Files\dotnet\;C:\Program Files\PuTTY\;D:\Git\cmd;C:\Node.js\node-v22.20.0-win-x64;D:\cursor\resources\app\bin;D:\Node.js\node-v22.20.0-win-x64\node.exe;D:\Microsoft VS Code\bin;C:\Program Files\Java\jre-1.8\bin;D:\Kiro\bin;.]
21-Dec-2025 13:32:13.540 INFO [main] org.apache.coyote.AbstractProtocol.init Инициализация ProtocolHandler ["http-nio-8080"]
21-Dec-2025 13:32:13.560 INFO [main] org.apache.catalina.startup.Catalina.load Server initialization in [610] milliseconds
21-Dec-2025 13:32:13.619 INFO [main] org.apache.catalina.core.StandardService.startInternal Starting service [Catalina]
21-Dec-2025 13:32:13.619 INFO [main] org.apache.catalina.core.StandardEngine.startInternal Starting Servlet engine: [Apache Tomcat/11.0.14]
21-Dec-2025 13:32:13.632 INFO [main] org.apache.catalina.startup.HostConfig.deployDescriptor Deploying deployment descriptor [C:\Users\User\IdeaProjects\TourAgency2\conf\Catalina\localhost\TourAgency2.xml]
21-Dec-2025 13:32:15.609 INFO [main] org.apache.jasper.servlet.TldScanner.scanJars At least one JAR was scanned for TLDs yet contained no TLDs. Enable debug logging for this logger for a complete list of JARs that were scanned but no TLDs were found in them. Skipping unneeded JARs during scanning can improve startup time and JSP compilation time.
21-Dec-2025 13:32:15.776 INFO [main] org.springframework.web.context.ContextLoader.initWebApplicationContext Root WebApplicationContext: initialization started
21-Dec-2025 13:32:17.200 INFO [main] org.springframework.web.context.ContextLoader.initWebApplicationContext Root WebApplicationContext initialized in 1423 ms
21-Dec-2025 13:32:17.220 INFO [main] org.springframework.web.servlet.FrameworkServlet.initServletBean Initializing Servlet 'dispatcher'
21-Dec-2025 13:32:17.231 INFO [main] org.springframework.web.servlet.FrameworkServlet.initServletBean Completed initialization in 11 ms
21-Dec-2025 13:32:17.243 INFO [main] org.apache.catalina.startup.HostConfig.deployDescriptor Deployment of deployment descriptor [C:\Users\User\IdeaProjects\TourAgency2\conf\Catalina\localhost\TourAgency2.xml] has finished in [3 610] ms
21-Dec-2025 13:32:17.247 INFO [main] org.apache.coyote.AbstractProtocol.start Starting ProtocolHandler ["http-nio-8080"]
21-Dec-2025 13:32:17.269 INFO [main] org.apache.catalina.startup.Catalina.start Server startup in [3707] milliseconds
21-Dec-2025 13:35:17.774 INFO [Thread-1] org.apache.coyote.AbstractProtocol.pause Pausing ProtocolHandler ["http-nio-8080"]
21-Dec-2025 13:35:17.780 INFO [Thread-1] org.apache.catalina.core.StandardService.stopInternal Stopping service [Catalina]
21-Dec-2025 13:35:17.788 WARNING [Thread-1] org.apache.catalina.loader.WebappClassLoaderBase.clearReferencesJdbc The web application [TourAgency2] registered the JDBC driver [org.postgresql.Driver] but failed to unregister it when the web application was stopped. To prevent a memory leak, the JDBC Driver has been forcibly unregistered.
21-Dec-2025 13:35:17.793 INFO [Thread-1] org.apache.coyote.AbstractProtocol.stop Stopping ProtocolHandler ["http-nio-8080"]
21-Dec-2025 13:35:17.806 INFO [Thread-1] org.apache.coyote.AbstractProtocol.destroy Destroying ProtocolHandler ["http-nio-8080"]
21-Dec-2025 13:35:50.301 INFO [main] org.apache.catalina.startup.VersionLoggerListener.log Имя версии сервера:    Apache Tomcat/11.0.14
21-Dec-2025 13:35:50.307 INFO [main] org.apache.catalina.startup.VersionLoggerListener.log Сервер собран:         Nov 5 2025 19:03:02 UTC
21-Dec-2025 13:35:50.307 INFO [main] org.apache.catalina.startup.VersionLoggerListener.log Номер версии сервера:  11.0.14.0
21-Dec-2025 13:35:50.307 INFO [main] org.apache.catalina.startup.VersionLoggerListener.log OS Name:               Windows 11
21-Dec-2025 13:35:50.309 INFO [main] org.apache.catalina.startup.VersionLoggerListener.log Версия ОС:             10.0
21-Dec-2025 13:35:50.309 INFO [main] org.apache.catalina.startup.VersionLoggerListener.log Архитектура:           amd64
21-Dec-2025 13:35:50.309 INFO [main] org.apache.catalina.startup.VersionLoggerListener.log Java Home:             C:\Users\User\.jdks\openjdk-22.0.2
21-Dec-2025 13:35:50.309 INFO [main] org.apache.catalina.startup.VersionLoggerListener.log Версия JVM:            22.0.2+9-70
21-Dec-2025 13:35:50.309 INFO [main] org.apache.catalina.startup.VersionLoggerListener.log Производитель JVM:     Oracle Corporation
21-Dec-2025 13:35:50.309 INFO [main] org.apache.catalina.startup.VersionLoggerListener.log CATALINA_BASE:         C:\Users\User\IdeaProjects\TourAgency2
21-Dec-2025 13:35:50.310 INFO [main] org.apache.catalina.startup.VersionLoggerListener.log CATALINA_HOME:         C:\Users\User\Tomcat\apache-tomcat-11.0.14
21-Dec-2025 13:35:50.320 INFO [main] org.apache.catalina.startup.VersionLoggerListener.log Command line argument: --add-opens=java.base/java.lang=ALL-UNNAMED
21-Dec-2025 13:35:50.320 INFO [main] org.apache.catalina.startup.VersionLoggerListener.log Command line argument: --add-opens=java.base/java.io=ALL-UNNAMED
21-Dec-2025 13:35:50.320 INFO [main] org.apache.catalina.startup.VersionLoggerListener.log Command line argument: --add-opens=java.base/java.util=ALL-UNNAMED
21-Dec-2025 13:35:50.320 INFO [main] org.apache.catalina.startup.VersionLoggerListener.log Command line argument: --add-opens=java.base/java.util.concurrent=ALL-UNNAMED
21-Dec-2025 13:35:50.320 INFO [main] org.apache.catalina.startup.VersionLoggerListener.log Command line argument: --add-opens=java.rmi/sun.rmi.transport=ALL-UNNAMED
21-Dec-2025 13:35:50.321 INFO [main] org.apache.catalina.startup.VersionLoggerListener.log Command line argument: -Dcatalina.home=C:\Users\User\Tomcat\apache-tomcat-11.0.14
21-Dec-2025 13:35:50.321 INFO [main] org.apache.catalina.startup.VersionLoggerListener.log Command line argument: -Dcatalina.base=C:\Users\User\IdeaProjects\TourAgency2
21-Dec-2025 13:35:50.321 INFO [main] org.apache.catalina.startup.VersionLoggerListener.log Command line argument: -Djava.io.tmpdir=C:\Users\User\IdeaProjects\TourAgency2\temp
21-Dec-2025 13:35:50.321 INFO [main] org.apache.catalina.startup.VersionLoggerListener.log Command line argument: -Djava.util.logging.config.file=C:\Users\User\IdeaProjects\TourAgency2\conf\logging.properties
21-Dec-2025 13:35:50.321 INFO [main] org.apache.catalina.startup.VersionLoggerListener.log Command line argument: -Djava.util.logging.manager=org.apache.juli.ClassLoaderLogManager
21-Dec-2025 13:35:50.321 INFO [main] org.apache.catalina.startup.VersionLoggerListener.log Command line argument: -javaagent:D:\IntelliJ IDEA Community Edition 2024.2.1\lib\idea_rt.jar=61084:D:\IntelliJ IDEA Community Edition 2024.2.1\bin
21-Dec-2025 13:35:50.321 INFO [main] org.apache.catalina.startup.VersionLoggerListener.log Command line argument: -Dfile.encoding=UTF-8
21-Dec-2025 13:35:50.322 INFO [main] org.apache.catalina.startup.VersionLoggerListener.log Command line argument: -Dsun.stdout.encoding=UTF-8
21-Dec-2025 13:35:50.322 INFO [main] org.apache.catalina.startup.VersionLoggerListener.log Command line argument: -Dsun.stderr.encoding=UTF-8
21-Dec-2025 13:35:50.327 INFO [main] org.apache.catalina.core.AprLifecycleListener.lifecycleEvent The Apache Tomcat Native library which allows using OpenSSL was not found on the java.library.path: [C:\Users\User\.jdks\openjdk-22.0.2\bin;C:\WINDOWS\Sun\Java\bin;C:\WINDOWS\system32;C:\WINDOWS;C:\Program Files\Common Files\Oracle\Java\javapath;C:\Program Files (x86)\Common Files\Oracle\Java\javapath;C:\Program Files\Microsoft\jdk-11.0.16.101-hotspot\bin;C:\WINDOWS\system32;C:\WINDOWS;C:\WINDOWS\System32\Wbem;C:\WINDOWS\System32\WindowsPowerShell\v1.0\;C:\WINDOWS\System32\OpenSSH\;C:\Program Files\Microsoft SQL Server\Client SDK\ODBC\170\Tools\Binn\;C:\Program Files\dotnet\;C:\Program Files\PuTTY\;D:\Git\cmd;C:\Node.js\node-v22.20.0-win-x64;D:\cursor\resources\app\bin;D:\Node.js\node-v22.20.0-win-x64\node.exe;D:\Microsoft VS Code\bin;C:\Program Files\Java\jre-1.8\bin;D:\Kiro\bin;.]
21-Dec-2025 13:35:50.642 INFO [main] org.apache.coyote.AbstractProtocol.init Инициализация ProtocolHandler ["http-nio-8080"]
21-Dec-2025 13:35:50.658 INFO [main] org.apache.catalina.startup.Catalina.load Server initialization in [603] milliseconds
21-Dec-2025 13:35:50.703 INFO [main] org.apache.catalina.core.StandardService.startInternal Starting service [Catalina]
21-Dec-2025 13:35:50.703 INFO [main] org.apache.catalina.core.StandardEngine.startInternal Starting Servlet engine: [Apache Tomcat/11.0.14]
21-Dec-2025 13:35:50.715 INFO [main] org.apache.catalina.startup.HostConfig.deployDescriptor Deploying deployment descriptor [C:\Users\User\IdeaProjects\TourAgency2\conf\Catalina\localhost\TourAgency2.xml]
21-Dec-2025 13:35:52.622 INFO [main] org.apache.jasper.servlet.TldScanner.scanJars At least one JAR was scanned for TLDs yet contained no TLDs. Enable debug logging for this logger for a complete list of JARs that were scanned but no TLDs were found in them. Skipping unneeded JARs during scanning can improve startup time and JSP compilation time.
21-Dec-2025 13:35:52.786 INFO [main] org.springframework.web.context.ContextLoader.initWebApplicationContext Root WebApplicationContext: initialization started
21-Dec-2025 13:35:54.223 INFO [main] org.springframework.web.context.ContextLoader.initWebApplicationContext Root WebApplicationContext initialized in 1436 ms
21-Dec-2025 13:35:54.243 INFO [main] org.springframework.web.servlet.FrameworkServlet.initServletBean Initializing Servlet 'dispatcher'
21-Dec-2025 13:35:54.256 INFO [main] org.springframework.web.servlet.FrameworkServlet.initServletBean Completed initialization in 12 ms
21-Dec-2025 13:35:54.269 INFO [main] org.apache.catalina.startup.HostConfig.deployDescriptor Deployment of deployment descriptor [C:\Users\User\IdeaProjects\TourAgency2\conf\Catalina\localhost\TourAgency2.xml] has finished in [3 551] ms
21-Dec-2025 13:35:54.274 INFO [main] org.apache.coyote.AbstractProtocol.start Starting ProtocolHandler ["http-nio-8080"]
21-Dec-2025 13:35:54.297 INFO [main] org.apache.catalina.startup.Catalina.start Server startup in [3638] milliseconds
21-Dec-2025 13:39:44.232 INFO [Thread-1] org.apache.coyote.AbstractProtocol.pause Pausing ProtocolHandler ["http-nio-8080"]
21-Dec-2025 13:39:44.237 INFO [Thread-1] org.apache.catalina.core.StandardService.stopInternal Stopping service [Catalina]
21-Dec-2025 13:39:44.246 WARNING [Thread-1] org.apache.catalina.loader.WebappClassLoaderBase.clearReferencesJdbc The web application [TourAgency2] registered the JDBC driver [org.postgresql.Driver] but failed to unregister it when the web application was stopped. To prevent a memory leak, the JDBC Driver has been forcibly unregistered.
21-Dec-2025 13:39:44.251 INFO [Thread-1] org.apache.coyote.AbstractProtocol.stop Stopping ProtocolHandler ["http-nio-8080"]
21-Dec-2025 13:39:44.265 INFO [Thread-1] org.apache.coyote.AbstractProtocol.destroy Destroying ProtocolHandler ["http-nio-8080"]
21-Dec-2025 13:39:47.483 INFO [main] org.apache.catalina.startup.VersionLoggerListener.log Имя версии сервера:    Apache Tomcat/11.0.14
21-Dec-2025 13:39:47.489 INFO [main] org.apache.catalina.startup.VersionLoggerListener.log Сервер собран:         Nov 5 2025 19:03:02 UTC
21-Dec-2025 13:39:47.489 INFO [main] org.apache.catalina.startup.VersionLoggerListener.log Номер версии сервера:  11.0.14.0
21-Dec-2025 13:39:47.489 INFO [main] org.apache.catalina.startup.VersionLoggerListener.log OS Name:               Windows 11
21-Dec-2025 13:39:47.490 INFO [main] org.apache.catalina.startup.VersionLoggerListener.log Версия ОС:             10.0
21-Dec-2025 13:39:47.490 INFO [main] org.apache.catalina.startup.VersionLoggerListener.log Архитектура:           amd64
21-Dec-2025 13:39:47.490 INFO [main] org.apache.catalina.startup.VersionLoggerListener.log Java Home:             C:\Users\User\.jdks\openjdk-22.0.2
21-Dec-2025 13:39:47.490 INFO [main] org.apache.catalina.startup.VersionLoggerListener.log Версия JVM:            22.0.2+9-70
21-Dec-2025 13:39:47.490 INFO [main] org.apache.catalina.startup.VersionLoggerListener.log Производитель JVM:     Oracle Corporation
21-Dec-2025 13:39:47.490 INFO [main] org.apache.catalina.startup.VersionLoggerListener.log CATALINA_BASE:         C:\Users\User\IdeaProjects\TourAgency2
21-Dec-2025 13:39:47.490 INFO [main] org.apache.catalina.startup.VersionLoggerListener.log CATALINA_HOME:         C:\Users\User\Tomcat\apache-tomcat-11.0.14
21-Dec-2025 13:39:47.502 INFO [main] org.apache.catalina.startup.VersionLoggerListener.log Command line argument: --add-opens=java.base/java.lang=ALL-UNNAMED
21-Dec-2025 13:39:47.502 INFO [main] org.apache.catalina.startup.VersionLoggerListener.log Command line argument: --add-opens=java.base/java.io=ALL-UNNAMED
21-Dec-2025 13:39:47.503 INFO [main] org.apache.catalina.startup.VersionLoggerListener.log Command line argument: --add-opens=java.base/java.util=ALL-UNNAMED
21-Dec-2025 13:39:47.503 INFO [main] org.apache.catalina.startup.VersionLoggerListener.log Command line argument: --add-opens=java.base/java.util.concurrent=ALL-UNNAMED
21-Dec-2025 13:39:47.503 INFO [main] org.apache.catalina.startup.VersionLoggerListener.log Command line argument: --add-opens=java.rmi/sun.rmi.transport=ALL-UNNAMED
21-Dec-2025 13:39:47.503 INFO [main] org.apache.catalina.startup.VersionLoggerListener.log Command line argument: -Dcatalina.home=C:\Users\User\Tomcat\apache-tomcat-11.0.14
21-Dec-2025 13:39:47.503 INFO [main] org.apache.catalina.startup.VersionLoggerListener.log Command line argument: -Dcatalina.base=C:\Users\User\IdeaProjects\TourAgency2
21-Dec-2025 13:39:47.503 INFO [main] org.apache.catalina.startup.VersionLoggerListener.log Command line argument: -Djava.io.tmpdir=C:\Users\User\IdeaProjects\TourAgency2\temp
21-Dec-2025 13:39:47.503 INFO [main] org.apache.catalina.startup.VersionLoggerListener.log Command line argument: -Djava.util.logging.config.file=C:\Users\User\IdeaProjects\TourAgency2\conf\logging.properties
21-Dec-2025 13:39:47.503 INFO [main] org.apache.catalina.startup.VersionLoggerListener.log Command line argument: -Djava.util.logging.manager=org.apache.juli.ClassLoaderLogManager
21-Dec-2025 13:39:47.503 INFO [main] org.apache.catalina.startup.VersionLoggerListener.log Command line argument: -javaagent:D:\IntelliJ IDEA Community Edition 2024.2.1\lib\idea_rt.jar=61359:D:\IntelliJ IDEA Community Edition 2024.2.1\bin
21-Dec-2025 13:39:47.503 INFO [main] org.apache.catalina.startup.VersionLoggerListener.log Command line argument: -Dfile.encoding=UTF-8
21-Dec-2025 13:39:47.503 INFO [main] org.apache.catalina.startup.VersionLoggerListener.log Command line argument: -Dsun.stdout.encoding=UTF-8
21-Dec-2025 13:39:47.504 INFO [main] org.apache.catalina.startup.VersionLoggerListener.log Command line argument: -Dsun.stderr.encoding=UTF-8
21-Dec-2025 13:39:47.509 INFO [main] org.apache.catalina.core.AprLifecycleListener.lifecycleEvent The Apache Tomcat Native library which allows using OpenSSL was not found on the java.library.path: [C:\Users\User\.jdks\openjdk-22.0.2\bin;C:\WINDOWS\Sun\Java\bin;C:\WINDOWS\system32;C:\WINDOWS;C:\Program Files\Common Files\Oracle\Java\javapath;C:\Program Files (x86)\Common Files\Oracle\Java\javapath;C:\Program Files\Microsoft\jdk-11.0.16.101-hotspot\bin;C:\WINDOWS\system32;C:\WINDOWS;C:\WINDOWS\System32\Wbem;C:\WINDOWS\System32\WindowsPowerShell\v1.0\;C:\WINDOWS\System32\OpenSSH\;C:\Program Files\Microsoft SQL Server\Client SDK\ODBC\170\Tools\Binn\;C:\Program Files\dotnet\;C:\Program Files\PuTTY\;D:\Git\cmd;C:\Node.js\node-v22.20.0-win-x64;D:\cursor\resources\app\bin;D:\Node.js\node-v22.20.0-win-x64\node.exe;D:\Microsoft VS Code\bin;C:\Program Files\Java\jre-1.8\bin;D:\Kiro\bin;.]
21-Dec-2025 13:39:47.849 INFO [main] org.apache.coyote.AbstractProtocol.init Инициализация ProtocolHandler ["http-nio-8080"]
21-Dec-2025 13:39:47.870 INFO [main] org.apache.catalina.startup.Catalina.load Server initialization in [629] milliseconds
21-Dec-2025 13:39:47.931 INFO [main] org.apache.catalina.core.StandardService.startInternal Starting service [Catalina]
21-Dec-2025 13:39:47.932 INFO [main] org.apache.catalina.core.StandardEngine.startInternal Starting Servlet engine: [Apache Tomcat/11.0.14]
21-Dec-2025 13:39:47.944 INFO [main] org.apache.catalina.startup.HostConfig.deployDescriptor Deploying deployment descriptor [C:\Users\User\IdeaProjects\TourAgency2\conf\Catalina\localhost\TourAgency2.xml]
21-Dec-2025 13:39:49.922 INFO [main] org.apache.jasper.servlet.TldScanner.scanJars At least one JAR was scanned for TLDs yet contained no TLDs. Enable debug logging for this logger for a complete list of JARs that were scanned but no TLDs were found in them. Skipping unneeded JARs during scanning can improve startup time and JSP compilation time.
21-Dec-2025 13:39:50.090 INFO [main] org.springframework.web.context.ContextLoader.initWebApplicationContext Root WebApplicationContext: initialization started
21-Dec-2025 13:39:51.563 INFO [main] org.springframework.web.context.ContextLoader.initWebApplicationContext Root WebApplicationContext initialized in 1471 ms
21-Dec-2025 13:39:51.584 INFO [main] org.springframework.web.servlet.FrameworkServlet.initServletBean Initializing Servlet 'dispatcher'
21-Dec-2025 13:39:51.596 INFO [main] org.springframework.web.servlet.FrameworkServlet.initServletBean Completed initialization in 11 ms
21-Dec-2025 13:39:51.610 INFO [main] org.apache.catalina.startup.HostConfig.deployDescriptor Deployment of deployment descriptor [C:\Users\User\IdeaProjects\TourAgency2\conf\Catalina\localhost\TourAgency2.xml] has finished in [3 663] ms
21-Dec-2025 13:39:51.614 INFO [main] org.apache.coyote.AbstractProtocol.start Starting ProtocolHandler ["http-nio-8080"]
21-Dec-2025 13:39:51.638 INFO [main] org.apache.catalina.startup.Catalina.start Server startup in [3765] milliseconds
21-Dec-2025 13:40:23.545 WARNING [http-nio-8080-exec-8] org.springframework.web.servlet.DispatcherServlet.noHandlerFound No mapping for GET /TourAgency2/api/categories
21-Dec-2025 13:40:23.561 WARNING [http-nio-8080-exec-8] org.springframework.web.servlet.mvc.support.DefaultHandlerExceptionResolver.handleNoHandlerFoundException No endpoint GET /TourAgency2/api/categories.
21-Dec-2025 13:40:48.850 WARNING [http-nio-8080-exec-2] org.springframework.web.servlet.DispatcherServlet.noHandlerFound No mapping for GET /TourAgency2/api/categories
21-Dec-2025 13:40:48.850 WARNING [http-nio-8080-exec-2] org.springframework.web.servlet.mvc.support.DefaultHandlerExceptionResolver.handleNoHandlerFoundException No endpoint GET /TourAgency2/api/categories.
21-Dec-2025 13:40:52.902 WARNING [http-nio-8080-exec-4] org.springframework.web.servlet.DispatcherServlet.noHandlerFound No mapping for GET /TourAgency2/api/categories/01
21-Dec-2025 13:40:52.902 WARNING [http-nio-8080-exec-4] org.springframework.web.servlet.mvc.support.DefaultHandlerExceptionResolver.handleNoHandlerFoundException No endpoint GET /TourAgency2/api/categories/01.
21-Dec-2025 13:40:56.188 WARNING [http-nio-8080-exec-5] org.springframework.web.servlet.DispatcherServlet.noHandlerFound No mapping for GET /TourAgency2/api/categories/1
21-Dec-2025 13:40:56.192 WARNING [http-nio-8080-exec-5] org.springframework.web.servlet.mvc.support.DefaultHandlerExceptionResolver.handleNoHandlerFoundException No endpoint GET /TourAgency2/api/categories/1.
21-Dec-2025 13:40:57.083 WARNING [http-nio-8080-exec-6] org.springframework.web.servlet.DispatcherServlet.noHandlerFound No mapping for GET /TourAgency2/api/categories/1
21-Dec-2025 13:40:57.083 WARNING [http-nio-8080-exec-6] org.springframework.web.servlet.mvc.support.DefaultHandlerExceptionResolver.handleNoHandlerFoundException No endpoint GET /TourAgency2/api/categories/1.
21-Dec-2025 13:41:03.548 WARNING [http-nio-8080-exec-7] org.springframework.web.servlet.DispatcherServlet.noHandlerFound No mapping for POST /TourAgency2/api/categories
21-Dec-2025 13:41:03.548 WARNING [http-nio-8080-exec-7] org.springframework.web.servlet.mvc.support.DefaultHandlerExceptionResolver.handleNoHandlerFoundException No endpoint POST /TourAgency2/api/categories.
21-Dec-2025 13:45:32.491 INFO [Thread-1] org.apache.coyote.AbstractProtocol.pause Pausing ProtocolHandler ["http-nio-8080"]
21-Dec-2025 13:45:32.496 INFO [Thread-1] org.apache.catalina.core.StandardService.stopInternal Stopping service [Catalina]
21-Dec-2025 13:45:32.510 WARNING [Thread-1] org.apache.catalina.loader.WebappClassLoaderBase.clearReferencesJdbc The web application [TourAgency2] registered the JDBC driver [org.postgresql.Driver] but failed to unregister it when the web application was stopped. To prevent a memory leak, the JDBC Driver has been forcibly unregistered.
21-Dec-2025 13:45:32.515 INFO [Thread-1] org.apache.coyote.AbstractProtocol.stop Stopping ProtocolHandler ["http-nio-8080"]
21-Dec-2025 13:45:32.521 INFO [Thread-1] org.apache.coyote.AbstractProtocol.destroy Destroying ProtocolHandler ["http-nio-8080"]
21-Dec-2025 13:45:50.581 INFO [main] org.apache.catalina.startup.VersionLoggerListener.log Имя версии сервера:    Apache Tomcat/11.0.14
21-Dec-2025 13:45:50.587 INFO [main] org.apache.catalina.startup.VersionLoggerListener.log Сервер собран:         Nov 5 2025 19:03:02 UTC
21-Dec-2025 13:45:50.587 INFO [main] org.apache.catalina.startup.VersionLoggerListener.log Номер версии сервера:  11.0.14.0
21-Dec-2025 13:45:50.587 INFO [main] org.apache.catalina.startup.VersionLoggerListener.log OS Name:               Windows 11
21-Dec-2025 13:45:50.588 INFO [main] org.apache.catalina.startup.VersionLoggerListener.log Версия ОС:             10.0
21-Dec-2025 13:45:50.588 INFO [main] org.apache.catalina.startup.VersionLoggerListener.log Архитектура:           amd64
21-Dec-2025 13:45:50.588 INFO [main] org.apache.catalina.startup.VersionLoggerListener.log Java Home:             C:\Users\User\.jdks\openjdk-22.0.2
21-Dec-2025 13:45:50.588 INFO [main] org.apache.catalina.startup.VersionLoggerListener.log Версия JVM:            22.0.2+9-70
21-Dec-2025 13:45:50.589 INFO [main] org.apache.catalina.startup.VersionLoggerListener.log Производитель JVM:     Oracle Corporation
21-Dec-2025 13:45:50.589 INFO [main] org.apache.catalina.startup.VersionLoggerListener.log CATALINA_BASE:         C:\Users\User\IdeaProjects\TourAgency2
21-Dec-2025 13:45:50.589 INFO [main] org.apache.catalina.startup.VersionLoggerListener.log CATALINA_HOME:         C:\Users\User\Tomcat\apache-tomcat-11.0.14
21-Dec-2025 13:45:50.600 INFO [main] org.apache.catalina.startup.VersionLoggerListener.log Command line argument: --add-opens=java.base/java.lang=ALL-UNNAMED
21-Dec-2025 13:45:50.600 INFO [main] org.apache.catalina.startup.VersionLoggerListener.log Command line argument: --add-opens=java.base/java.io=ALL-UNNAMED
21-Dec-2025 13:45:50.600 INFO [main] org.apache.catalina.startup.VersionLoggerListener.log Command line argument: --add-opens=java.base/java.util=ALL-UNNAMED
21-Dec-2025 13:45:50.600 INFO [main] org.apache.catalina.startup.VersionLoggerListener.log Command line argument: --add-opens=java.base/java.util.concurrent=ALL-UNNAMED
21-Dec-2025 13:45:50.600 INFO [main] org.apache.catalina.startup.VersionLoggerListener.log Command line argument: --add-opens=java.rmi/sun.rmi.transport=ALL-UNNAMED
21-Dec-2025 13:45:50.600 INFO [main] org.apache.catalina.startup.VersionLoggerListener.log Command line argument: -Dcatalina.home=C:\Users\User\Tomcat\apache-tomcat-11.0.14
21-Dec-2025 13:45:50.601 INFO [main] org.apache.catalina.startup.VersionLoggerListener.log Command line argument: -Dcatalina.base=C:\Users\User\IdeaProjects\TourAgency2
21-Dec-2025 13:45:50.601 INFO [main] org.apache.catalina.startup.VersionLoggerListener.log Command line argument: -Djava.io.tmpdir=C:\Users\User\IdeaProjects\TourAgency2\temp
21-Dec-2025 13:45:50.601 INFO [main] org.apache.catalina.startup.VersionLoggerListener.log Command line argument: -Djava.util.logging.config.file=C:\Users\User\IdeaProjects\TourAgency2\conf\logging.properties
21-Dec-2025 13:45:50.601 INFO [main] org.apache.catalina.startup.VersionLoggerListener.log Command line argument: -Djava.util.logging.manager=org.apache.juli.ClassLoaderLogManager
21-Dec-2025 13:45:50.601 INFO [main] org.apache.catalina.startup.VersionLoggerListener.log Command line argument: -javaagent:D:\IntelliJ IDEA Community Edition 2024.2.1\lib\idea_rt.jar=61661:D:\IntelliJ IDEA Community Edition 2024.2.1\bin
21-Dec-2025 13:45:50.601 INFO [main] org.apache.catalina.startup.VersionLoggerListener.log Command line argument: -Dfile.encoding=UTF-8
21-Dec-2025 13:45:50.602 INFO [main] org.apache.catalina.startup.VersionLoggerListener.log Command line argument: -Dsun.stdout.encoding=UTF-8
21-Dec-2025 13:45:50.602 INFO [main] org.apache.catalina.startup.VersionLoggerListener.log Command line argument: -Dsun.stderr.encoding=UTF-8
21-Dec-2025 13:45:50.611 INFO [main] org.apache.catalina.core.AprLifecycleListener.lifecycleEvent The Apache Tomcat Native library which allows using OpenSSL was not found on the java.library.path: [C:\Users\User\.jdks\openjdk-22.0.2\bin;C:\WINDOWS\Sun\Java\bin;C:\WINDOWS\system32;C:\WINDOWS;C:\Program Files\Common Files\Oracle\Java\javapath;C:\Program Files (x86)\Common Files\Oracle\Java\javapath;C:\Program Files\Microsoft\jdk-11.0.16.101-hotspot\bin;C:\WINDOWS\system32;C:\WINDOWS;C:\WINDOWS\System32\Wbem;C:\WINDOWS\System32\WindowsPowerShell\v1.0\;C:\WINDOWS\System32\OpenSSH\;C:\Program Files\Microsoft SQL Server\Client SDK\ODBC\170\Tools\Binn\;C:\Program Files\dotnet\;C:\Program Files\PuTTY\;D:\Git\cmd;C:\Node.js\node-v22.20.0-win-x64;D:\cursor\resources\app\bin;D:\Node.js\node-v22.20.0-win-x64\node.exe;D:\Microsoft VS Code\bin;C:\Program Files\Java\jre-1.8\bin;D:\Kiro\bin;.]
21-Dec-2025 13:45:50.957 INFO [main] org.apache.coyote.AbstractProtocol.init Инициализация ProtocolHandler ["http-nio-8080"]
21-Dec-2025 13:45:50.976 INFO [main] org.apache.catalina.startup.Catalina.load Server initialization in [669] milliseconds
21-Dec-2025 13:45:51.038 INFO [main] org.apache.catalina.core.StandardService.startInternal Starting service [Catalina]
21-Dec-2025 13:45:51.038 INFO [main] org.apache.catalina.core.StandardEngine.startInternal Starting Servlet engine: [Apache Tomcat/11.0.14]
21-Dec-2025 13:45:51.052 INFO [main] org.apache.catalina.startup.HostConfig.deployDescriptor Deploying deployment descriptor [C:\Users\User\IdeaProjects\TourAgency2\conf\Catalina\localhost\TourAgency2.xml]
21-Dec-2025 13:45:53.402 INFO [main] org.apache.jasper.servlet.TldScanner.scanJars At least one JAR was scanned for TLDs yet contained no TLDs. Enable debug logging for this logger for a complete list of JARs that were scanned but no TLDs were found in them. Skipping unneeded JARs during scanning can improve startup time and JSP compilation time.
21-Dec-2025 13:45:53.651 INFO [main] org.springframework.web.context.ContextLoader.initWebApplicationContext Root WebApplicationContext: initialization started
21-Dec-2025 13:45:55.613 INFO [main] org.springframework.web.context.ContextLoader.initWebApplicationContext Root WebApplicationContext initialized in 1961 ms
21-Dec-2025 13:45:55.633 INFO [main] org.springframework.web.servlet.FrameworkServlet.initServletBean Initializing Servlet 'dispatcher'
21-Dec-2025 13:45:55.644 INFO [main] org.springframework.web.servlet.FrameworkServlet.initServletBean Completed initialization in 10 ms
21-Dec-2025 13:45:55.656 INFO [main] org.apache.catalina.startup.HostConfig.deployDescriptor Deployment of deployment descriptor [C:\Users\User\IdeaProjects\TourAgency2\conf\Catalina\localhost\TourAgency2.xml] has finished in [4 602] ms
21-Dec-2025 13:45:55.660 INFO [main] org.apache.coyote.AbstractProtocol.start Starting ProtocolHandler ["http-nio-8080"]
21-Dec-2025 13:45:55.680 INFO [main] org.apache.catalina.startup.Catalina.start Server startup in [4701] milliseconds
21-Dec-2025 13:48:17.313 INFO [Thread-1] org.apache.coyote.AbstractProtocol.pause Pausing ProtocolHandler ["http-nio-8080"]
21-Dec-2025 13:48:17.317 INFO [Thread-1] org.apache.catalina.core.StandardService.stopInternal Stopping service [Catalina]
21-Dec-2025 13:48:17.328 WARNING [Thread-1] org.apache.catalina.loader.WebappClassLoaderBase.clearReferencesJdbc The web application [TourAgency2] registered the JDBC driver [org.postgresql.Driver] but failed to unregister it when the web application was stopped. To prevent a memory leak, the JDBC Driver has been forcibly unregistered.
21-Dec-2025 13:48:17.334 INFO [Thread-1] org.apache.coyote.AbstractProtocol.stop Stopping ProtocolHandler ["http-nio-8080"]
21-Dec-2025 13:48:17.348 INFO [Thread-1] org.apache.coyote.AbstractProtocol.destroy Destroying ProtocolHandler ["http-nio-8080"]
21-Dec-2025 13:52:36.364 INFO [main] org.apache.catalina.startup.VersionLoggerListener.log Имя версии сервера:    Apache Tomcat/11.0.14
21-Dec-2025 13:52:36.371 INFO [main] org.apache.catalina.startup.VersionLoggerListener.log Сервер собран:         Nov 5 2025 19:03:02 UTC
21-Dec-2025 13:52:36.371 INFO [main] org.apache.catalina.startup.VersionLoggerListener.log Номер версии сервера:  11.0.14.0
21-Dec-2025 13:52:36.371 INFO [main] org.apache.catalina.startup.VersionLoggerListener.log OS Name:               Windows 11
21-Dec-2025 13:52:36.371 INFO [main] org.apache.catalina.startup.VersionLoggerListener.log Версия ОС:             10.0
21-Dec-2025 13:52:36.371 INFO [main] org.apache.catalina.startup.VersionLoggerListener.log Архитектура:           amd64
21-Dec-2025 13:52:36.371 INFO [main] org.apache.catalina.startup.VersionLoggerListener.log Java Home:             C:\Users\User\.jdks\openjdk-22.0.2
21-Dec-2025 13:52:36.372 INFO [main] org.apache.catalina.startup.VersionLoggerListener.log Версия JVM:            22.0.2+9-70
21-Dec-2025 13:52:36.372 INFO [main] org.apache.catalina.startup.VersionLoggerListener.log Производитель JVM:     Oracle Corporation
21-Dec-2025 13:52:36.372 INFO [main] org.apache.catalina.startup.VersionLoggerListener.log CATALINA_BASE:         C:\Users\User\IdeaProjects\TourAgency2
21-Dec-2025 13:52:36.372 INFO [main] org.apache.catalina.startup.VersionLoggerListener.log CATALINA_HOME:         C:\Users\User\Tomcat\apache-tomcat-11.0.14
21-Dec-2025 13:52:36.383 INFO [main] org.apache.catalina.startup.VersionLoggerListener.log Command line argument: --add-opens=java.base/java.lang=ALL-UNNAMED
21-Dec-2025 13:52:36.383 INFO [main] org.apache.catalina.startup.VersionLoggerListener.log Command line argument: --add-opens=java.base/java.io=ALL-UNNAMED
21-Dec-2025 13:52:36.383 INFO [main] org.apache.catalina.startup.VersionLoggerListener.log Command line argument: --add-opens=java.base/java.util=ALL-UNNAMED
21-Dec-2025 13:52:36.384 INFO [main] org.apache.catalina.startup.VersionLoggerListener.log Command line argument: --add-opens=java.base/java.util.concurrent=ALL-UNNAMED
21-Dec-2025 13:52:36.384 INFO [main] org.apache.catalina.startup.VersionLoggerListener.log Command line argument: --add-opens=java.rmi/sun.rmi.transport=ALL-UNNAMED
21-Dec-2025 13:52:36.385 INFO [main] org.apache.catalina.startup.VersionLoggerListener.log Command line argument: -Dcatalina.home=C:\Users\User\Tomcat\apache-tomcat-11.0.14
21-Dec-2025 13:52:36.385 INFO [main] org.apache.catalina.startup.VersionLoggerListener.log Command line argument: -Dcatalina.base=C:\Users\User\IdeaProjects\TourAgency2
21-Dec-2025 13:52:36.385 INFO [main] org.apache.catalina.startup.VersionLoggerListener.log Command line argument: -Djava.io.tmpdir=C:\Users\User\IdeaProjects\TourAgency2\temp
21-Dec-2025 13:52:36.385 INFO [main] org.apache.catalina.startup.VersionLoggerListener.log Command line argument: -Djava.util.logging.config.file=C:\Users\User\IdeaProjects\TourAgency2\conf\logging.properties
21-Dec-2025 13:52:36.385 INFO [main] org.apache.catalina.startup.VersionLoggerListener.log Command line argument: -Djava.util.logging.manager=org.apache.juli.ClassLoaderLogManager
21-Dec-2025 13:52:36.385 INFO [main] org.apache.catalina.startup.VersionLoggerListener.log Command line argument: -javaagent:D:\IntelliJ IDEA Community Edition 2024.2.1\lib\idea_rt.jar=62041:D:\IntelliJ IDEA Community Edition 2024.2.1\bin
21-Dec-2025 13:52:36.385 INFO [main] org.apache.catalina.startup.VersionLoggerListener.log Command line argument: -Dfile.encoding=UTF-8
21-Dec-2025 13:52:36.385 INFO [main] org.apache.catalina.startup.VersionLoggerListener.log Command line argument: -Dsun.stdout.encoding=UTF-8
21-Dec-2025 13:52:36.385 INFO [main] org.apache.catalina.startup.VersionLoggerListener.log Command line argument: -Dsun.stderr.encoding=UTF-8
21-Dec-2025 13:52:36.393 INFO [main] org.apache.catalina.core.AprLifecycleListener.lifecycleEvent The Apache Tomcat Native library which allows using OpenSSL was not found on the java.library.path: [C:\Users\User\.jdks\openjdk-22.0.2\bin;C:\WINDOWS\Sun\Java\bin;C:\WINDOWS\system32;C:\WINDOWS;C:\Program Files\Common Files\Oracle\Java\javapath;C:\Program Files (x86)\Common Files\Oracle\Java\javapath;C:\Program Files\Microsoft\jdk-11.0.16.101-hotspot\bin;C:\WINDOWS\system32;C:\WINDOWS;C:\WINDOWS\System32\Wbem;C:\WINDOWS\System32\WindowsPowerShell\v1.0\;C:\WINDOWS\System32\OpenSSH\;C:\Program Files\Microsoft SQL Server\Client SDK\ODBC\170\Tools\Binn\;C:\Program Files\dotnet\;C:\Program Files\PuTTY\;D:\Git\cmd;C:\Node.js\node-v22.20.0-win-x64;D:\cursor\resources\app\bin;D:\Node.js\node-v22.20.0-win-x64\node.exe;D:\Microsoft VS Code\bin;C:\Program Files\Java\jre-1.8\bin;D:\Kiro\bin;.]
21-Dec-2025 13:52:36.792 INFO [main] org.apache.coyote.AbstractProtocol.init Инициализация ProtocolHandler ["http-nio-8080"]
21-Dec-2025 13:52:36.812 INFO [main] org.apache.catalina.startup.Catalina.load Server initialization in [694] milliseconds
21-Dec-2025 13:52:36.878 INFO [main] org.apache.catalina.core.StandardService.startInternal Starting service [Catalina]
21-Dec-2025 13:52:36.878 INFO [main] org.apache.catalina.core.StandardEngine.startInternal Starting Servlet engine: [Apache Tomcat/11.0.14]
21-Dec-2025 13:52:36.890 INFO [main] org.apache.catalina.startup.HostConfig.deployDescriptor Deploying deployment descriptor [C:\Users\User\IdeaProjects\TourAgency2\conf\Catalina\localhost\TourAgency2.xml]
21-Dec-2025 13:52:39.200 INFO [main] org.apache.jasper.servlet.TldScanner.scanJars At least one JAR was scanned for TLDs yet contained no TLDs. Enable debug logging for this logger for a complete list of JARs that were scanned but no TLDs were found in them. Skipping unneeded JARs during scanning can improve startup time and JSP compilation time.
21-Dec-2025 13:52:39.403 INFO [main] org.springframework.web.context.ContextLoader.initWebApplicationContext Root WebApplicationContext: initialization started
21-Dec-2025 13:52:41.398 INFO [main] org.springframework.web.context.ContextLoader.initWebApplicationContext Root WebApplicationContext initialized in 1993 ms
21-Dec-2025 13:52:41.422 INFO [main] org.springframework.web.servlet.FrameworkServlet.initServletBean Initializing Servlet 'dispatcher'
21-Dec-2025 13:52:41.438 INFO [main] org.springframework.web.servlet.FrameworkServlet.initServletBean Completed initialization in 15 ms
21-Dec-2025 13:52:41.452 INFO [main] org.apache.catalina.startup.HostConfig.deployDescriptor Deployment of deployment descriptor [C:\Users\User\IdeaProjects\TourAgency2\conf\Catalina\localhost\TourAgency2.xml] has finished in [4 559] ms
21-Dec-2025 13:52:41.457 INFO [main] org.apache.coyote.AbstractProtocol.start Starting ProtocolHandler ["http-nio-8080"]
21-Dec-2025 13:52:41.481 INFO [main] org.apache.catalina.startup.Catalina.start Server startup in [4666] milliseconds
21-Dec-2025 13:58:04.614 INFO [Thread-1] org.apache.coyote.AbstractProtocol.pause Pausing ProtocolHandler ["http-nio-8080"]
21-Dec-2025 13:58:04.614 INFO [Thread-1] org.apache.catalina.core.StandardService.stopInternal Stopping service [Catalina]
21-Dec-2025 13:58:04.630 WARNING [Thread-1] org.apache.catalina.loader.WebappClassLoaderBase.clearReferencesJdbc The web application [TourAgency2] registered the JDBC driver [org.postgresql.Driver] but failed to unregister it when the web application was stopped. To prevent a memory leak, the JDBC Driver has been forcibly unregistered.
21-Dec-2025 13:58:04.645 INFO [Thread-1] org.apache.coyote.AbstractProtocol.stop Stopping ProtocolHandler ["http-nio-8080"]
21-Dec-2025 13:58:04.661 INFO [Thread-1] org.apache.coyote.AbstractProtocol.destroy Destroying ProtocolHandler ["http-nio-8080"]
21-Dec-2025 13:58:09.491 INFO [main] org.apache.catalina.startup.VersionLoggerListener.log Имя версии сервера:    Apache Tomcat/11.0.14
21-Dec-2025 13:58:09.496 INFO [main] org.apache.catalina.startup.VersionLoggerListener.log Сервер собран:         Nov 5 2025 19:03:02 UTC
21-Dec-2025 13:58:09.496 INFO [main] org.apache.catalina.startup.VersionLoggerListener.log Номер версии сервера:  11.0.14.0
21-Dec-2025 13:58:09.497 INFO [main] org.apache.catalina.startup.VersionLoggerListener.log OS Name:               Windows 11
21-Dec-2025 13:58:09.497 INFO [main] org.apache.catalina.startup.VersionLoggerListener.log Версия ОС:             10.0
21-Dec-2025 13:58:09.497 INFO [main] org.apache.catalina.startup.VersionLoggerListener.log Архитектура:           amd64
21-Dec-2025 13:58:09.497 INFO [main] org.apache.catalina.startup.VersionLoggerListener.log Java Home:             C:\Users\User\.jdks\openjdk-22.0.2
21-Dec-2025 13:58:09.497 INFO [main] org.apache.catalina.startup.VersionLoggerListener.log Версия JVM:            22.0.2+9-70
21-Dec-2025 13:58:09.497 INFO [main] org.apache.catalina.startup.VersionLoggerListener.log Производитель JVM:     Oracle Corporation
21-Dec-2025 13:58:09.497 INFO [main] org.apache.catalina.startup.VersionLoggerListener.log CATALINA_BASE:         C:\Users\User\IdeaProjects\TourAgency2
21-Dec-2025 13:58:09.497 INFO [main] org.apache.catalina.startup.VersionLoggerListener.log CATALINA_HOME:         C:\Users\User\Tomcat\apache-tomcat-11.0.14
21-Dec-2025 13:58:09.506 INFO [main] org.apache.catalina.startup.VersionLoggerListener.log Command line argument: --add-opens=java.base/java.lang=ALL-UNNAMED
21-Dec-2025 13:58:09.506 INFO [main] org.apache.catalina.startup.VersionLoggerListener.log Command line argument: --add-opens=java.base/java.io=ALL-UNNAMED
21-Dec-2025 13:58:09.506 INFO [main] org.apache.catalina.startup.VersionLoggerListener.log Command line argument: --add-opens=java.base/java.util=ALL-UNNAMED
21-Dec-2025 13:58:09.506 INFO [main] org.apache.catalina.startup.VersionLoggerListener.log Command line argument: --add-opens=java.base/java.util.concurrent=ALL-UNNAMED
21-Dec-2025 13:58:09.506 INFO [main] org.apache.catalina.startup.VersionLoggerListener.log Command line argument: --add-opens=java.rmi/sun.rmi.transport=ALL-UNNAMED
21-Dec-2025 13:58:09.507 INFO [main] org.apache.catalina.startup.VersionLoggerListener.log Command line argument: -Dcatalina.home=C:\Users\User\Tomcat\apache-tomcat-11.0.14
21-Dec-2025 13:58:09.507 INFO [main] org.apache.catalina.startup.VersionLoggerListener.log Command line argument: -Dcatalina.base=C:\Users\User\IdeaProjects\TourAgency2
21-Dec-2025 13:58:09.507 INFO [main] org.apache.catalina.startup.VersionLoggerListener.log Command line argument: -Djava.io.tmpdir=C:\Users\User\IdeaProjects\TourAgency2\temp
21-Dec-2025 13:58:09.507 INFO [main] org.apache.catalina.startup.VersionLoggerListener.log Command line argument: -Djava.util.logging.config.file=C:\Users\User\IdeaProjects\TourAgency2\conf\logging.properties
21-Dec-2025 13:58:09.507 INFO [main] org.apache.catalina.startup.VersionLoggerListener.log Command line argument: -Djava.util.logging.manager=org.apache.juli.ClassLoaderLogManager
21-Dec-2025 13:58:09.507 INFO [main] org.apache.catalina.startup.VersionLoggerListener.log Command line argument: -javaagent:D:\IntelliJ IDEA Community Edition 2024.2.1\lib\idea_rt.jar=62336:D:\IntelliJ IDEA Community Edition 2024.2.1\bin
21-Dec-2025 13:58:09.508 INFO [main] org.apache.catalina.startup.VersionLoggerListener.log Command line argument: -Dfile.encoding=UTF-8
21-Dec-2025 13:58:09.508 INFO [main] org.apache.catalina.startup.VersionLoggerListener.log Command line argument: -Dsun.stdout.encoding=UTF-8
21-Dec-2025 13:58:09.508 INFO [main] org.apache.catalina.startup.VersionLoggerListener.log Command line argument: -Dsun.stderr.encoding=UTF-8
21-Dec-2025 13:58:09.513 INFO [main] org.apache.catalina.core.AprLifecycleListener.lifecycleEvent The Apache Tomcat Native library which allows using OpenSSL was not found on the java.library.path: [C:\Users\User\.jdks\openjdk-22.0.2\bin;C:\WINDOWS\Sun\Java\bin;C:\WINDOWS\system32;C:\WINDOWS;C:\Program Files\Common Files\Oracle\Java\javapath;C:\Program Files (x86)\Common Files\Oracle\Java\javapath;C:\Program Files\Microsoft\jdk-11.0.16.101-hotspot\bin;C:\WINDOWS\system32;C:\WINDOWS;C:\WINDOWS\System32\Wbem;C:\WINDOWS\System32\WindowsPowerShell\v1.0\;C:\WINDOWS\System32\OpenSSH\;C:\Program Files\Microsoft SQL Server\Client SDK\ODBC\170\Tools\Binn\;C:\Program Files\dotnet\;C:\Program Files\PuTTY\;D:\Git\cmd;C:\Node.js\node-v22.20.0-win-x64;D:\cursor\resources\app\bin;D:\Node.js\node-v22.20.0-win-x64\node.exe;D:\Microsoft VS Code\bin;C:\Program Files\Java\jre-1.8\bin;D:\Kiro\bin;.]
21-Dec-2025 13:58:09.834 INFO [main] org.apache.coyote.AbstractProtocol.init Инициализация ProtocolHandler ["http-nio-8080"]
21-Dec-2025 13:58:09.855 INFO [main] org.apache.catalina.startup.Catalina.load Server initialization in [641] milliseconds
21-Dec-2025 13:58:09.910 INFO [main] org.apache.catalina.core.StandardService.startInternal Starting service [Catalina]
21-Dec-2025 13:58:09.910 INFO [main] org.apache.catalina.core.StandardEngine.startInternal Starting Servlet engine: [Apache Tomcat/11.0.14]
21-Dec-2025 13:58:09.922 INFO [main] org.apache.catalina.startup.HostConfig.deployDescriptor Deploying deployment descriptor [C:\Users\User\IdeaProjects\TourAgency2\conf\Catalina\localhost\TourAgency2.xml]
21-Dec-2025 13:58:12.218 INFO [main] org.apache.jasper.servlet.TldScanner.scanJars At least one JAR was scanned for TLDs yet contained no TLDs. Enable debug logging for this logger for a complete list of JARs that were scanned but no TLDs were found in them. Skipping unneeded JARs during scanning can improve startup time and JSP compilation time.
21-Dec-2025 13:58:12.384 INFO [main] org.springframework.web.context.ContextLoader.initWebApplicationContext Root WebApplicationContext: initialization started
21-Dec-2025 13:58:14.269 INFO [main] org.springframework.web.context.ContextLoader.initWebApplicationContext Root WebApplicationContext initialized in 1884 ms
21-Dec-2025 13:58:14.289 INFO [main] org.springframework.web.servlet.FrameworkServlet.initServletBean Initializing Servlet 'dispatcher'
21-Dec-2025 13:58:14.300 INFO [main] org.springframework.web.servlet.FrameworkServlet.initServletBean Completed initialization in 10 ms
21-Dec-2025 13:58:14.313 INFO [main] org.apache.catalina.startup.HostConfig.deployDescriptor Deployment of deployment descriptor [C:\Users\User\IdeaProjects\TourAgency2\conf\Catalina\localhost\TourAgency2.xml] has finished in [4 388] ms
21-Dec-2025 13:58:14.317 INFO [main] org.apache.coyote.AbstractProtocol.start Starting ProtocolHandler ["http-nio-8080"]
21-Dec-2025 13:58:14.341 INFO [main] org.apache.catalina.startup.Catalina.start Server startup in [4483] milliseconds
21-Dec-2025 14:00:45.402 INFO [Thread-1] org.apache.coyote.AbstractProtocol.pause Pausing ProtocolHandler ["http-nio-8080"]
21-Dec-2025 14:00:45.402 INFO [Thread-1] org.apache.catalina.core.StandardService.stopInternal Stopping service [Catalina]
21-Dec-2025 14:00:45.417 WARNING [Thread-1] org.apache.catalina.loader.WebappClassLoaderBase.clearReferencesJdbc The web application [TourAgency2] registered the JDBC driver [org.postgresql.Driver] but failed to unregister it when the web application was stopped. To prevent a memory leak, the JDBC Driver has been forcibly unregistered.
21-Dec-2025 14:00:45.417 INFO [Thread-1] org.apache.coyote.AbstractProtocol.stop Stopping ProtocolHandler ["http-nio-8080"]
21-Dec-2025 14:00:45.433 INFO [Thread-1] org.apache.coyote.AbstractProtocol.destroy Destroying ProtocolHandler ["http-nio-8080"]
