17-Dec-2025 08:13:39.223 INFO [main] org.apache.catalina.startup.VersionLoggerListener.log Имя версии сервера:    Apache Tomcat/11.0.14
17-Dec-2025 08:13:39.230 INFO [main] org.apache.catalina.startup.VersionLoggerListener.log Сервер собран:         Nov 5 2025 19:03:02 UTC
17-Dec-2025 08:13:39.231 INFO [main] org.apache.catalina.startup.VersionLoggerListener.log Номер версии сервера:  11.0.14.0
17-Dec-2025 08:13:39.231 INFO [main] org.apache.catalina.startup.VersionLoggerListener.log OS Name:               Windows 11
17-Dec-2025 08:13:39.231 INFO [main] org.apache.catalina.startup.VersionLoggerListener.log Версия ОС:             10.0
17-Dec-2025 08:13:39.232 INFO [main] org.apache.catalina.startup.VersionLoggerListener.log Архитектура:           amd64
17-Dec-2025 08:13:39.232 INFO [main] org.apache.catalina.startup.VersionLoggerListener.log Java Home:             C:\Users\User\.jdks\openjdk-22.0.2
17-Dec-2025 08:13:39.232 INFO [main] org.apache.catalina.startup.VersionLoggerListener.log Версия JVM:            22.0.2+9-70
17-Dec-2025 08:13:39.233 INFO [main] org.apache.catalina.startup.VersionLoggerListener.log Производитель JVM:     Oracle Corporation
17-Dec-2025 08:13:39.233 INFO [main] org.apache.catalina.startup.VersionLoggerListener.log CATALINA_BASE:         C:\Users\User\IdeaProjects\TourAgency2
17-Dec-2025 08:13:39.233 INFO [main] org.apache.catalina.startup.VersionLoggerListener.log CATALINA_HOME:         C:\Users\User\Tomcat\apache-tomcat-11.0.14
17-Dec-2025 08:13:39.248 INFO [main] org.apache.catalina.startup.VersionLoggerListener.log Command line argument: --add-opens=java.base/java.lang=ALL-UNNAMED
17-Dec-2025 08:13:39.249 INFO [main] org.apache.catalina.startup.VersionLoggerListener.log Command line argument: --add-opens=java.base/java.io=ALL-UNNAMED
17-Dec-2025 08:13:39.249 INFO [main] org.apache.catalina.startup.VersionLoggerListener.log Command line argument: --add-opens=java.base/java.util=ALL-UNNAMED
17-Dec-2025 08:13:39.249 INFO [main] org.apache.catalina.startup.VersionLoggerListener.log Command line argument: --add-opens=java.base/java.util.concurrent=ALL-UNNAMED
17-Dec-2025 08:13:39.250 INFO [main] org.apache.catalina.startup.VersionLoggerListener.log Command line argument: --add-opens=java.rmi/sun.rmi.transport=ALL-UNNAMED
17-Dec-2025 08:13:39.250 INFO [main] org.apache.catalina.startup.VersionLoggerListener.log Command line argument: -Dcatalina.home=C:\Users\User\Tomcat\apache-tomcat-11.0.14
17-Dec-2025 08:13:39.250 INFO [main] org.apache.catalina.startup.VersionLoggerListener.log Command line argument: -Dcatalina.base=C:\Users\User\IdeaProjects\TourAgency2
17-Dec-2025 08:13:39.250 INFO [main] org.apache.catalina.startup.VersionLoggerListener.log Command line argument: -Djava.io.tmpdir=C:\Users\User\IdeaProjects\TourAgency2\temp
17-Dec-2025 08:13:39.251 INFO [main] org.apache.catalina.startup.VersionLoggerListener.log Command line argument: -Djava.util.logging.config.file=C:\Users\User\IdeaProjects\TourAgency2\conf\logging.properties
17-Dec-2025 08:13:39.251 INFO [main] org.apache.catalina.startup.VersionLoggerListener.log Command line argument: -Djava.util.logging.manager=org.apache.juli.ClassLoaderLogManager
17-Dec-2025 08:13:39.251 INFO [main] org.apache.catalina.startup.VersionLoggerListener.log Command line argument: -javaagent:D:\IntelliJ IDEA Community Edition 2024.2.1\lib\idea_rt.jar=60194:D:\IntelliJ IDEA Community Edition 2024.2.1\bin
17-Dec-2025 08:13:39.253 INFO [main] org.apache.catalina.startup.VersionLoggerListener.log Command line argument: -Dfile.encoding=UTF-8
17-Dec-2025 08:13:39.253 INFO [main] org.apache.catalina.startup.VersionLoggerListener.log Command line argument: -Dsun.stdout.encoding=UTF-8
17-Dec-2025 08:13:39.253 INFO [main] org.apache.catalina.startup.VersionLoggerListener.log Command line argument: -Dsun.stderr.encoding=UTF-8
17-Dec-2025 08:13:39.265 INFO [main] org.apache.catalina.core.AprLifecycleListener.lifecycleEvent The Apache Tomcat Native library which allows using OpenSSL was not found on the java.library.path: [C:\Users\User\.jdks\openjdk-22.0.2\bin;C:\WINDOWS\Sun\Java\bin;C:\WINDOWS\system32;C:\WINDOWS;C:\Program Files\Common Files\Oracle\Java\javapath;C:\Program Files (x86)\Common Files\Oracle\Java\javapath;C:\Program Files\Microsoft\jdk-11.0.16.101-hotspot\bin;C:\WINDOWS\system32;C:\WINDOWS;C:\WINDOWS\System32\Wbem;C:\WINDOWS\System32\WindowsPowerShell\v1.0\;C:\WINDOWS\System32\OpenSSH\;C:\Program Files\Microsoft SQL Server\Client SDK\ODBC\170\Tools\Binn\;C:\Program Files\dotnet\;C:\Program Files\PuTTY\;D:\Git\cmd;C:\Node.js\node-v22.20.0-win-x64;D:\cursor\resources\app\bin;D:\Node.js\node-v22.20.0-win-x64\node.exe;D:\Microsoft VS Code\bin;C:\Program Files\Java\jre-1.8\bin;D:\Kiro\bin;.]
17-Dec-2025 08:13:39.771 INFO [main] org.apache.coyote.AbstractProtocol.init Инициализация ProtocolHandler ["http-nio-8080"]
17-Dec-2025 08:13:39.796 INFO [main] org.apache.catalina.startup.Catalina.load Server initialization in [998] milliseconds
17-Dec-2025 08:13:39.867 INFO [main] org.apache.catalina.core.StandardService.startInternal Starting service [Catalina]
17-Dec-2025 08:13:39.867 INFO [main] org.apache.catalina.core.StandardEngine.startInternal Starting Servlet engine: [Apache Tomcat/11.0.14]
17-Dec-2025 08:13:39.883 INFO [main] org.apache.catalina.startup.HostConfig.deployDescriptor Deploying deployment descriptor [C:\Users\User\IdeaProjects\TourAgency2\conf\Catalina\localhost\TourAgency2.xml]
17-Dec-2025 08:13:41.398 INFO [main] org.apache.jasper.servlet.TldScanner.scanJars At least one JAR was scanned for TLDs yet contained no TLDs. Enable debug logging for this logger for a complete list of JARs that were scanned but no TLDs were found in them. Skipping unneeded JARs during scanning can improve startup time and JSP compilation time.
17-Dec-2025 08:13:41.491 INFO [main] org.apache.catalina.startup.HostConfig.deployDescriptor Deployment of deployment descriptor [C:\Users\User\IdeaProjects\TourAgency2\conf\Catalina\localhost\TourAgency2.xml] has finished in [1 604] ms
17-Dec-2025 08:13:41.496 INFO [main] org.apache.coyote.AbstractProtocol.start Starting ProtocolHandler ["http-nio-8080"]
17-Dec-2025 08:13:41.522 INFO [main] org.apache.catalina.startup.Catalina.start Server startup in [1725] milliseconds
17-Dec-2025 08:15:04.971 INFO [Thread-1] org.apache.coyote.AbstractProtocol.pause Pausing ProtocolHandler ["http-nio-8080"]
17-Dec-2025 08:15:04.988 INFO [Thread-1] org.apache.catalina.core.StandardService.stopInternal Stopping service [Catalina]
17-Dec-2025 08:15:05.003 WARNING [Thread-1] org.apache.catalina.loader.WebappClassLoaderBase.clearReferencesJdbc The web application [TourAgency2] registered the JDBC driver [org.postgresql.Driver] but failed to unregister it when the web application was stopped. To prevent a memory leak, the JDBC Driver has been forcibly unregistered.
17-Dec-2025 08:15:05.003 INFO [Thread-1] org.apache.coyote.AbstractProtocol.stop Stopping ProtocolHandler ["http-nio-8080"]
17-Dec-2025 08:15:05.019 INFO [Thread-1] org.apache.coyote.AbstractProtocol.destroy Destroying ProtocolHandler ["http-nio-8080"]
