21-Dec-2025 13:20:58.409 INFO [main] org.apache.catalina.core.ApplicationContext.log 1 Spring WebApplicationInitializers detected on classpath
21-Dec-2025 13:20:58.494 INFO [main] org.apache.catalina.core.ApplicationContext.log Initializing Spring root WebApplicationContext
21-Dec-2025 13:21:00.033 INFO [main] org.apache.catalina.core.ApplicationContext.log Initializing Spring DispatcherServlet 'dispatcher'
21-Dec-2025 13:21:50.723 INFO [Thread-1] org.apache.catalina.core.ApplicationContext.log Destroying Spring FrameworkServlet 'dispatcher'
21-Dec-2025 13:21:50.725 INFO [Thread-1] org.apache.catalina.core.ApplicationContext.log Closing Spring root WebApplicationContext
21-Dec-2025 13:29:50.627 INFO [main] org.apache.catalina.core.ApplicationContext.log 1 Spring WebApplicationInitializers detected on classpath
21-Dec-2025 13:29:50.708 INFO [main] org.apache.catalina.core.ApplicationContext.log Initializing Spring root WebApplicationContext
21-Dec-2025 13:29:52.240 INFO [main] org.apache.catalina.core.ApplicationContext.log Initializing Spring DispatcherServlet 'dispatcher'
21-Dec-2025 13:31:07.119 INFO [Thread-1] org.apache.catalina.core.ApplicationContext.log Destroying Spring FrameworkServlet 'dispatcher'
21-Dec-2025 13:31:07.121 INFO [Thread-1] org.apache.catalina.core.ApplicationContext.log Closing Spring root WebApplicationContext
21-Dec-2025 13:32:15.693 INFO [main] org.apache.catalina.core.ApplicationContext.log 1 Spring WebApplicationInitializers detected on classpath
21-Dec-2025 13:32:15.775 INFO [main] org.apache.catalina.core.ApplicationContext.log Initializing Spring root WebApplicationContext
21-Dec-2025 13:32:17.220 INFO [main] org.apache.catalina.core.ApplicationContext.log Initializing Spring DispatcherServlet 'dispatcher'
21-Dec-2025 13:35:17.782 INFO [Thread-1] org.apache.catalina.core.ApplicationContext.log Destroying Spring FrameworkServlet 'dispatcher'
21-Dec-2025 13:35:17.783 INFO [Thread-1] org.apache.catalina.core.ApplicationContext.log Closing Spring root WebApplicationContext
21-Dec-2025 13:35:52.708 INFO [main] org.apache.catalina.core.ApplicationContext.log 1 Spring WebApplicationInitializers detected on classpath
21-Dec-2025 13:35:52.785 INFO [main] org.apache.catalina.core.ApplicationContext.log Initializing Spring root WebApplicationContext
21-Dec-2025 13:35:54.243 INFO [main] org.apache.catalina.core.ApplicationContext.log Initializing Spring DispatcherServlet 'dispatcher'
21-Dec-2025 13:37:10.224 SEVERE [http-nio-8080-exec-7] org.apache.catalina.core.StandardWrapperValve.invoke Servlet.service() для сервлета [jsp] в контексте с путем [/TourAgency2] выбросил исключение [org.apache.jasper.JasperException: jakarta.el.ELException: Failed to parse the expression [${new Date(category.createdAt).toLocaleString('ru-RU')}]] с первопричиной
	jakarta.el.ELException: The identifier [new] is not a valid Java identifier as required by section 1.19 of the EL specification (Identifier ::= Java language identifier). This check can be disabled by setting the system property org.apache.el.parser.SKIP_IDENTIFIER_CHECK to true.
		at org.apache.el.parser.AstIdentifier.setImage(AstIdentifier.java:169)
		at org.apache.el.parser.ELParser.Identifier(ELParser.java:2336)
		at org.apache.el.parser.ELParser.NonLiteral(ELParser.java:2018)
		at org.apache.el.parser.ELParser.ValuePrefix(ELParser.java:1814)
		at org.apache.el.parser.ELParser.Value(ELParser.java:1748)
		at org.apache.el.parser.ELParser.Unary(ELParser.java:1728)
		at org.apache.el.parser.ELParser.Multiplication(ELParser.java:1350)
		at org.apache.el.parser.ELParser.Math(ELParser.java:1244)
		at org.apache.el.parser.ELParser.Concatenation(ELParser.java:1188)
		at org.apache.el.parser.ELParser.Compare(ELParser.java:939)
		at org.apache.el.parser.ELParser.Equality(ELParser.java:803)
		at org.apache.el.parser.ELParser.And(ELParser.java:724)
		at org.apache.el.parser.ELParser.Or(ELParser.java:645)
		at org.apache.el.parser.ELParser.Choice(ELParser.java:591)
		at org.apache.el.parser.ELParser.Assignment(ELParser.java:296)
		at org.apache.el.parser.ELParser.Semicolon(ELParser.java:222)
		at org.apache.el.parser.ELParser.Expression(ELParser.java:215)
		at org.apache.el.parser.ELParser.DynamicExpression(ELParser.java:176)
		at org.apache.el.parser.ELParser.CompositeExpression(ELParser.java:48)
		at org.apache.el.lang.ExpressionBuilder.createNodeInternal(ExpressionBuilder.java:97)
		at org.apache.el.lang.ExpressionBuilder.build(ExpressionBuilder.java:156)
		at org.apache.el.lang.ExpressionBuilder.createValueExpression(ExpressionBuilder.java:207)
		at org.apache.el.ExpressionFactoryImpl.createValueExpression(ExpressionFactoryImpl.java:59)
		at org.apache.jasper.compiler.Validator$ValidateVisitor.prepareExpression(Validator.java:1373)
		at org.apache.jasper.compiler.Validator$ValidateVisitor.visit(Validator.java:609)
		at org.apache.jasper.compiler.Node$ELExpression.accept(Node.java:881)
		at org.apache.jasper.compiler.Node$Nodes.visit(Node.java:2148)
		at org.apache.jasper.compiler.Node$Visitor.visitBody(Node.java:2204)
		at org.apache.jasper.compiler.Node$Visitor.visit(Node.java:2210)
		at org.apache.jasper.compiler.Node$Root.accept(Node.java:432)
		at org.apache.jasper.compiler.Node$Nodes.visit(Node.java:2148)
		at org.apache.jasper.compiler.Validator.validateExDirectives(Validator.java:1579)
		at org.apache.jasper.compiler.Compiler.generateJava(Compiler.java:205)
		at org.apache.jasper.compiler.Compiler.compile(Compiler.java:361)
		at org.apache.jasper.compiler.Compiler.compile(Compiler.java:339)
		at org.apache.jasper.compiler.Compiler.compile(Compiler.java:325)
		at org.apache.jasper.JspCompilationContext.compile(JspCompilationContext.java:585)
		at org.apache.jasper.servlet.JspServletWrapper.service(JspServletWrapper.java:368)
		at org.apache.jasper.servlet.JspServlet.serviceJspFile(JspServlet.java:330)
		at org.apache.jasper.servlet.JspServlet.service(JspServlet.java:281)
		at jakarta.servlet.http.HttpServlet.service(HttpServlet.java:710)
		at org.apache.catalina.core.ApplicationFilterChain.doFilter(ApplicationFilterChain.java:128)
		at org.apache.tomcat.websocket.server.WsFilter.doFilter(WsFilter.java:53)
		at org.apache.catalina.core.ApplicationFilterChain.doFilter(ApplicationFilterChain.java:107)
		at org.apache.catalina.core.StandardWrapperValve.invoke(StandardWrapperValve.java:165)
		at org.apache.catalina.core.StandardContextValve.invoke(StandardContextValve.java:77)
		at org.apache.catalina.authenticator.AuthenticatorBase.invoke(AuthenticatorBase.java:482)
		at org.apache.catalina.core.StandardHostValve.invoke(StandardHostValve.java:113)
		at org.apache.catalina.valves.ErrorReportValve.invoke(ErrorReportValve.java:83)
		at org.apache.catalina.valves.AbstractAccessLogValve.invoke(AbstractAccessLogValve.java:654)
		at org.apache.catalina.core.StandardEngineValve.invoke(StandardEngineValve.java:72)
		at org.apache.catalina.connector.CoyoteAdapter.service(CoyoteAdapter.java:341)
		at org.apache.coyote.http11.Http11Processor.service(Http11Processor.java:397)
		at org.apache.coyote.AbstractProcessorLight.process(AbstractProcessorLight.java:63)
		at org.apache.coyote.AbstractProtocol$ConnectionHandler.process(AbstractProtocol.java:903)
		at org.apache.tomcat.util.net.NioEndpoint$SocketProcessor.doRun(NioEndpoint.java:1778)
		at org.apache.tomcat.util.net.SocketProcessorBase.run(SocketProcessorBase.java:52)
		at org.apache.tomcat.util.threads.ThreadPoolExecutor.runWorker(ThreadPoolExecutor.java:946)
		at org.apache.tomcat.util.threads.ThreadPoolExecutor$Worker.run(ThreadPoolExecutor.java:480)
		at org.apache.tomcat.util.threads.TaskThread$WrappingRunnable.run(TaskThread.java:57)
		at java.base/java.lang.Thread.run(Thread.java:1570)
21-Dec-2025 13:39:44.239 INFO [Thread-1] org.apache.catalina.core.ApplicationContext.log Destroying Spring FrameworkServlet 'dispatcher'
21-Dec-2025 13:39:44.240 INFO [Thread-1] org.apache.catalina.core.ApplicationContext.log Closing Spring root WebApplicationContext
21-Dec-2025 13:39:50.008 INFO [main] org.apache.catalina.core.ApplicationContext.log 1 Spring WebApplicationInitializers detected on classpath
21-Dec-2025 13:39:50.090 INFO [main] org.apache.catalina.core.ApplicationContext.log Initializing Spring root WebApplicationContext
21-Dec-2025 13:39:51.584 INFO [main] org.apache.catalina.core.ApplicationContext.log Initializing Spring DispatcherServlet 'dispatcher'
21-Dec-2025 13:45:32.498 INFO [Thread-1] org.apache.catalina.core.ApplicationContext.log Destroying Spring FrameworkServlet 'dispatcher'
21-Dec-2025 13:45:32.500 INFO [Thread-1] org.apache.catalina.core.ApplicationContext.log Closing Spring root WebApplicationContext
21-Dec-2025 13:45:53.526 INFO [main] org.apache.catalina.core.ApplicationContext.log 1 Spring WebApplicationInitializers detected on classpath
21-Dec-2025 13:45:53.650 INFO [main] org.apache.catalina.core.ApplicationContext.log Initializing Spring root WebApplicationContext
21-Dec-2025 13:45:55.633 INFO [main] org.apache.catalina.core.ApplicationContext.log Initializing Spring DispatcherServlet 'dispatcher'
21-Dec-2025 13:48:17.318 INFO [Thread-1] org.apache.catalina.core.ApplicationContext.log Destroying Spring FrameworkServlet 'dispatcher'
21-Dec-2025 13:48:17.320 INFO [Thread-1] org.apache.catalina.core.ApplicationContext.log Closing Spring root WebApplicationContext
21-Dec-2025 13:52:39.321 INFO [main] org.apache.catalina.core.ApplicationContext.log 1 Spring WebApplicationInitializers detected on classpath
21-Dec-2025 13:52:39.403 INFO [main] org.apache.catalina.core.ApplicationContext.log Initializing Spring root WebApplicationContext
21-Dec-2025 13:52:41.422 INFO [main] org.apache.catalina.core.ApplicationContext.log Initializing Spring DispatcherServlet 'dispatcher'
21-Dec-2025 13:58:04.630 INFO [Thread-1] org.apache.catalina.core.ApplicationContext.log Destroying Spring FrameworkServlet 'dispatcher'
21-Dec-2025 13:58:04.630 INFO [Thread-1] org.apache.catalina.core.ApplicationContext.log Closing Spring root WebApplicationContext
21-Dec-2025 13:58:12.304 INFO [main] org.apache.catalina.core.ApplicationContext.log 1 Spring WebApplicationInitializers detected on classpath
21-Dec-2025 13:58:12.384 INFO [main] org.apache.catalina.core.ApplicationContext.log Initializing Spring root WebApplicationContext
21-Dec-2025 13:58:14.289 INFO [main] org.apache.catalina.core.ApplicationContext.log Initializing Spring DispatcherServlet 'dispatcher'
21-Dec-2025 14:00:45.402 INFO [Thread-1] org.apache.catalina.core.ApplicationContext.log Destroying Spring FrameworkServlet 'dispatcher'
21-Dec-2025 14:00:45.402 INFO [Thread-1] org.apache.catalina.core.ApplicationContext.log Closing Spring root WebApplicationContext
